==================================================
DASHBOARD CLIENT ACTIONS TEST SUITE
==================================================

----- TESTING: Admin Authentication -----

Request: POST http://localhost:5000/api/auth/login
Request Body: {
  "username": "admin",
  "password": "password123"
}
Response Status: 200
Response Data: {
  "user": {
    "id": 1,
    "username": "admin",
    "name": "Admin User",
    "email": "admin@example.com",
    "role": "admin"
  },
  "message": "Authentication successful",
  "sessionID": "ByYG0lLDzOQC6ZmYsxd4TW85gLAor8Du"
}
New session cookie received
✅ SUCCESS: Authentication successful

----- TESTING: Fetch Dashboard Data -----

Request: GET http://localhost:5000/api/admin/dashboard
Response Status: 200
Response Data: {
  "status": "success",
  "data": {
    "clients": [
      {
        "id": 1,
        "userId": 2,
        "name": "Admin Client",
        "contactName": "Test Contact 1743190286946",
        "contactEmail": "admin@example.com",
        "contactPhone": "",
        "industry": "healthcare",
        "address": "",
        "city": null,
        "state": null,
        "country": null,
        "postalCode": null,
        "website": "",
        "notes": "Updated via automated test at 2025-03-28T19:31:26.946Z",
        "active": false,
        "referralSource": null,
        "createdAt": "2025-03-25T22:45:04.494Z",
        "updatedAt": "2025-03-28T19:31:27.696Z"
      },
      {
        "id": 67,
        "userId": 1,
        "name": "Back Navigation Test Client",
        "contactName": "",
        "contactEmail": "",
        "contactPhone": "",
        "industry": "technology",
        "address": "",
        "city": null,
        "state": null,
        "country": null,
        "postalCode": null,
        "website": "",
        "notes": "",
        "active": false,
        "referralSource": null,
        "createdAt": "2025-03-28T16:29:21.774Z",
        "updatedAt": "2025-03-28T19:22:29.315Z"
      },
      {
        "id": 65,
        "userId": 1,
        "name": "Back Navigation Test Client",
        "contactName": null,
        "contactEmail": null,
        "contactPhone": null,
        "industry": "technology",
        "address": null,
        "city": null,
        "state": null,
        "country": null,
        "postalCode": null,
        "website": null,
        "notes": null,
        "active": true,
        "referralSource": null,
        "createdAt": "2025-03-28T16:19:03.458Z",
        "updatedAt": "2025-03-28T16:19:03.458Z"
      },
      {
        "id": 66,
        "userId": 1,
        "name": "Back Navigation Test Client",
        "contactName": "",
        "contactEmail": "",
        "contactPhone": "",
        "industry": "technology",
        "address": "",
        "city": null,
        "state": null,
        "country": null,
        "postalCode": null,
        "website": "",
        "notes": "",
        "active": true,
        "referralSource": null,
        "createdAt": "2025-03-28T16:22:39.279Z",
        "updatedAt": "2025-03-28T19:21:58.792Z"
      },
      {
        "id": 64,
        "userId": 1,
        "name": "Debug Client 2025-03-28T16:04:51.240Z",
        "contactName": null,
        "contactEmail": null,
        "contactPhone": null,
        "industry": "tech",
        "address": null,
        "city": null,
        "state": null,
        "country": null,
        "postalCode": null,
        "website": null,
        "notes": null,
        "active": true,
        "referralSource": null,
        "createdAt": "2025-03-28T16:04:51.297Z",
        "updatedAt": "2025-03-28T16:04:51.297Z"
      },
      {
        "id": 59,
        "userId": 1,
        "name": "Final Verification Client 2025-03-28T14:42:48.336Z",
        "contactName": "John Doe",
        "contactEmail": null,
        "contactPhone": null,
        "industry": null,
        "address": "123 Test St",
        "city": null,
        "state": null,
        "country": null,
        "postalCode": null,
        "website": null,
        "notes": null,
        "active": true,
        "referralSource": null,
        "createdAt": "2025-03-28T14:42:48.348Z",
        "updatedAt": "2025-03-28T14:42:48.348Z"
      },
      {
        "id": 60,
        "userId": 1,
        "name": "Final Verification Client 2025-03-28T14:43:20.918Z",
        "contactName": "John Doe",
        "contactEmail": null,
        "contactPhone": null,
        "industry": null,
        "address": "123 Test St",
        "city": null,
        "state": null,
        "country": null,
        "postalCode": null,
        "website": null,
        "notes": null,
        "active": true,
        "referralSource": null,
        "createdAt": "2025-03-28T14:43:20.962Z",
        "updatedAt": "2025-03-28T14:43:20.962Z"
      },
      {
        "id": 61,
        "userId": 1,
        "name": "Final Verification Client 2025-03-28T14:43:37.270Z",
        "contactName": "John Doe",
        "contactEmail": null,
        "contactPhone": null,
        "industry": null,
        "address": "123 Test St",
        "city": null,
        "state": null,
        "country": null,
        "postalCode": null,
        "website": null,
        "notes": null,
        "active": true,
        "referralSource": null,
        "createdAt": "2025-03-28T14:43:37.285Z",
        "updatedAt": "2025-03-28T14:43:37.285Z"
      },
      {
        "id": 72,
        "userId": 1,
        "name": "Final Verification Test Client",
        "contactName": null,
        "contactEmail": null,
        "contactPhone": null,
        "industry": "technology",
        "address": null,
        "city": null,
        "state": null,
        "country": null,
        "postalCode": null,
        "website": null,
        "notes": null,
        "active": true,
        "referralSource": "existing_client",
        "createdAt": "2025-03-28T16:45:02.356Z",
        "updatedAt": "2025-03-28T16:45:02.356Z"
      },
      {
        "id": 71,
        "userId": 1,
        "name": "Final Verification Test Client",
        "contactName": null,
        "contactEmail": null,
        "contactPhone": null,
        "industry": "technology",
        "address": null,
        "city": null,
        "state": null,
        "country": null,
        "postalCode": null,
        "website": null,
        "notes": null,
        "active": true,
        "referralSource": "existing_client",
        "createdAt": "2025-03-28T16:43:02.118Z",
        "updatedAt": "2025-03-28T16:43:02.118Z"
      },
      {
        "id": 70,
        "userId": 1,
        "name": "Final Verification Test Client",
        "contactName": null,
        "contactEmail": null,
        "contactPhone": null,
        "industry": "technology",
        "address": null,
        "city": null,
        "state": null,
        "country": null,
        "postalCode": null,
        "website": null,
        "notes": null,
        "active": true,
        "referralSource": "existing_client",
        "createdAt": "2025-03-28T16:41:46.626Z",
        "updatedAt": "2025-03-28T16:41:46.626Z"
      },
      {
        "id": 69,
        "userId": 1,
        "name": "Final Verification Test Client",
        "contactName": null,
        "contactEmail": null,
        "contactPhone": null,
        "industry": "technology",
        "address": null,
        "city": null,
        "state": null,
        "country": null,
        "postalCode": null,
        "website": null,
        "notes": null,
        "active": true,
        "referralSource": "existing_client",
        "createdAt": "2025-03-28T16:40:40.779Z",
        "updatedAt": "2025-03-28T16:40:40.779Z"
      },
      {
        "id": 2,
        "userId": 1,
        "name": "OK",
        "contactName": null,
        "contactEmail": null,
        "contactPhone": null,
        "industry": "tech",
        "address": null,
        "city": null,
        "state": null,
        "country": null,
        "postalCode": null,
        "website": null,
        "notes": null,
        "active": true,
        "referralSource": null,
        "createdAt": "2025-03-27T22:34:43.929Z",
        "updatedAt": "2025-03-28T00:46:43.328Z"
      },
      {
        "id": 73,
        "userId": 1,
        "name": "ONE1",
        "contactName": "",
        "contactEmail": "",
        "contactPhone": "",
        "industry": "technology",
        "address": "",
        "city": null,
        "state": null,
        "country": null,
        "postalCode": null,
        "website": "",
        "notes": "",
        "active": true,
        "referralSource": null,
        "createdAt": "2025-03-28T17:02:20.863Z",
        "updatedAt": "2025-03-28T19:03:52.174Z"
      },
      {
        "id": 7,
        "userId": 1,
        "name": "Pepper",
        "contactName": null,
        "contactEmail": null,
        "contactPhone": null,
        "industry": "construction",
        "address": null,
        "city": null,
        "state": null,
        "country": null,
        "postalCode": null,
        "website": null,
        "notes": null,
        "active": true,
        "referralSource": null,
        "createdAt": "2025-03-28T01:05:03.648Z",
        "updatedAt": "2025-03-28T01:05:03.648Z"
      },
      {
        "id": 5,
        "userId": 1,
        "name": "Second Test Client",
        "contactName": null,
        "contactEmail": null,
        "contactPhone": null,
        "industry": "technology",
        "address": "789 Tech Blvd, Silicon Valley, CA 94043",
        "city": null,
        "state": null,
        "country": null,
        "postalCode": null,
        "website": "https://techexample.com",
        "notes": "This is a second test client to verify multiple clients can be created",
        "active": true,
        "referralSource": null,
        "createdAt": "2025-03-28T00:55:07.196Z",
        "updatedAt": "2025-03-28T00:55:07.196Z"
      },
      {
        "id": 42,
        "userId": 1,
        "name": "Test Client 123",
        "contactName": null,
        "contactEmail": null,
        "contactPhone": null,
        "industry": "tech",
        "address": null,
        "city": null,
        "state": null,
        "country": null,
        "postalCode": null,
        "website": null,
        "notes": null,
        "active": true,
        "referralSource": null,
        "createdAt": "2025-03-28T13:27:21.441Z",
        "updatedAt": "2025-03-28T13:27:21.441Z"
      },
      {
        "id": 18,
        "userId": 1,
        "name": "Test Client 1743127439",
        "contactName": "Test Contact",
        "contactEmail": null,
        "contactPhone": null,
        "industry": "technology",
        "address": null,
        "city": null,
        "state": null,
        "country": null,
        "postalCode": null,
        "website": null,
        "notes": null,
        "active": true,
        "referralSource": null,
        "createdAt": "2025-03-28T02:03:59.605Z",
        "updatedAt": "2025-03-28T02:03:59.605Z"
      },
      {
        "id": 20,
        "userId": 1,
        "name": "Test Client 1743128747",
        "contactName": "Test Contact",
        "contactEmail": null,
        "contactPhone": null,
        "industry": "technology",
        "address": null,
        "city": null,
        "state": null,
        "country": null,
        "postalCode": null,
        "website": null,
        "notes": null,
        "active": true,
        "referralSource": null,
        "createdAt": "2025-03-28T02:25:47.574Z",
        "updatedAt": "2025-03-28T02:25:47.574Z"
      },
      {
        "id": 21,
        "userId": 1,
        "name": "Test Client 1743128795",
        "contactName": "Test Contact",
        "contactEmail": null,
        "contactPhone": null,
        "industry": "technology",
        "address": null,
        "city": null,
        "state": null,
        "country": null,
        "postalCode": null,
        "website": null,
        "notes": null,
        "active": true,
        "referralSource": null,
        "createdAt": "2025-03-28T02:26:35.995Z",
        "updatedAt": "2025-03-28T02:26:35.995Z"
      },
      {
        "id": 25,
        "userId": 1,
        "name": "Test Client 1743129772530",
        "contactName": "Test Contact",
        "contactEmail": null,
        "contactPhone": null,
        "industry": "technology",
        "address": null,
        "city": null,
        "state": null,
        "country": null,
        "postalCode": null,
        "website": null,
        "notes": null,
        "active": true,
        "referralSource": null,
        "createdAt": "2025-03-28T02:42:52.569Z",
        "updatedAt": "2025-03-28T02:42:52.569Z"
      },
      {
        "id": 26,
        "userId": 1,
        "name": "Test Client 1743130227421",
        "contactName": "Test Contact",
        "contactEmail": null,
        "contactPhone": null,
        "industry": "technology",
        "address": null,
        "city": null,
        "state": null,
        "country": null,
        "postalCode": null,
        "website": null,
        "notes": null,
        "active": true,
        "referralSource": null,
        "createdAt": "2025-03-28T02:50:27.462Z",
        "updatedAt": "2025-03-28T02:50:27.462Z"
      },
      {
        "id": 27,
        "userId": 1,
        "name": "Test Client 1743130234390",
        "contactName": "Test Contact",
        "contactEmail": null,
        "contactPhone": null,
        "industry": "technology",
        "address": null,
        "city": null,
        "state": null,
        "country": null,
        "postalCode": null,
        "website": null,
        "notes": null,
        "active": true,
        "referralSource": null,
        "createdAt": "2025-03-28T02:50:34.431Z",
        "updatedAt": "2025-03-28T02:50:34.431Z"
      },
      {
        "id": 28,
        "userId": 1,
        "name": "Test Client 1743130403836",
        "contactName": "Test Contact",
        "contactEmail": null,
        "contactPhone": null,
        "industry": "technology",
        "address": null,
        "city": null,
        "state": null,
        "country": null,
        "postalCode": null,
        "website": null,
        "notes": null,
        "active": true,
        "referralSource": null,
        "createdAt": "2025-03-28T02:53:23.876Z",
        "updatedAt": "2025-03-28T02:53:23.876Z"
      },
      {
        "id": 29,
        "userId": 1,
        "name": "Test Client 1743130410170",
        "contactName": "Test Contact",
        "contactEmail": null,
        "contactPhone": null,
        "industry": "technology",
        "address": null,
        "city": null,
        "state": null,
        "country": null,
        "postalCode": null,
        "website": null,
        "notes": null,
        "active": true,
        "referralSource": null,
        "createdAt": "2025-03-28T02:53:30.208Z",
        "updatedAt": "2025-03-28T02:53:30.208Z"
      },
      {
        "id": 30,
        "userId": 1,
        "name": "Test Client 1743130564030",
        "contactName": "Test Contact",
        "contactEmail": null,
        "contactPhone": null,
        "industry": "technology",
        "address": null,
        "city": null,
        "state": null,
        "country": null,
        "postalCode": null,
        "website": null,
        "notes": null,
        "active": true,
        "referralSource": null,
        "createdAt": "2025-03-28T02:56:04.070Z",
        "updatedAt": "2025-03-28T02:56:04.070Z"
      },
      {
        "id": 31,
        "userId": 1,
        "name": "Test Client 1743130585508",
        "contactName": "Test Contact",
        "contactEmail": null,
        "contactPhone": null,
        "industry": "technology",
        "address": null,
        "city": null,
        "state": null,
        "country": null,
        "postalCode": null,
        "website": null,
        "notes": null,
        "active": true,
        "referralSource": null,
        "createdAt": "2025-03-28T02:56:25.549Z",
        "updatedAt": "2025-03-28T02:56:25.549Z"
      },
      {
        "id": 32,
        "userId": 1,
        "name": "Test Client 1743130604129",
        "contactName": "Test Contact",
        "contactEmail": null,
        "contactPhone": null,
        "industry": "technology",
        "address": null,
        "city": null,
        "state": null,
        "country": null,
        "postalCode": null,
        "website": null,
        "notes": null,
        "active": true,
        "referralSource": null,
        "createdAt": "2025-03-28T02:56:44.167Z",
        "updatedAt": "2025-03-28T02:56:44.167Z"
      },
      {
        "id": 33,
        "userId": 1,
        "name": "Test Client 1743130684233",
        "contactName": "Test Contact",
        "contactEmail": null,
        "contactPhone": null,
        "industry": "technology",
        "address": null,
        "city": null,
        "state": null,
        "country": null,
        "postalCode": null,
        "website": null,
        "notes": null,
        "active": true,
        "referralSource": null,
        "createdAt": "2025-03-28T02:58:04.277Z",
        "updatedAt": "2025-03-28T02:58:04.277Z"
      },
      {
        "id": 34,
        "userId": 1,
        "name": "Test Client 1743130837050",
        "contactName": "Test Contact",
        "contactEmail": null,
        "contactPhone": null,
        "industry": "technology",
        "address": null,
        "city": null,
        "state": null,
        "country": null,
        "postalCode": null,
        "website": null,
        "notes": null,
        "active": true,
        "referralSource": null,
        "createdAt": "2025-03-28T03:00:37.090Z",
        "updatedAt": "2025-03-28T03:00:37.090Z"
      },
      {
        "id": 35,
        "userId": 1,
        "name": "Test Client 1743130841457",
        "contactName": "Test Contact",
        "contactEmail": null,
        "contactPhone": null,
        "industry": "technology",
        "address": null,
        "city": null,
        "state": null,
        "country": null,
        "postalCode": null,
        "website": null,
        "notes": null,
        "active": true,
        "referralSource": null,
        "createdAt": "2025-03-28T03:00:41.496Z",
        "updatedAt": "2025-03-28T03:00:41.496Z"
      },
      {
        "id": 36,
        "userId": 1,
        "name": "Test Client 1743130860048",
        "contactName": "Test Contact",
        "contactEmail": null,
        "contactPhone": null,
        "industry": "technology",
        "address": null,
        "city": null,
        "state": null,
        "country": null,
        "postalCode": null,
        "website": null,
        "notes": null,
        "active": true,
        "referralSource": null,
        "createdAt": "2025-03-28T03:01:00.086Z",
        "updatedAt": "2025-03-28T03:01:00.086Z"
      },
      {
        "id": 37,
        "userId": 1,
        "name": "Test Client 1743130870",
        "contactName": "Test Contact",
        "contactEmail": null,
        "contactPhone": null,
        "industry": "technology",
        "address": null,
        "city": null,
        "state": null,
        "country": null,
        "postalCode": null,
        "website": null,
        "notes": null,
        "active": true,
        "referralSource": null,
        "createdAt": "2025-03-28T03:01:10.535Z",
        "updatedAt": "2025-03-28T03:01:10.535Z"
      },
      {
        "id": 38,
        "userId": 1,
        "name": "Test Client 1743130875222",
        "contactName": "Test Contact",
        "contactEmail": null,
        "contactPhone": null,
        "industry": "technology",
        "address": null,
        "city": null,
        "state": null,
        "country": null,
        "postalCode": null,
        "website": null,
        "notes": null,
        "active": true,
        "referralSource": null,
        "createdAt": "2025-03-28T03:01:15.263Z",
        "updatedAt": "2025-03-28T03:01:15.263Z"
      },
      {
        "id": 39,
        "userId": 1,
        "name": "Test Client 1743131590937",
        "contactName": "Test Contact",
        "contactEmail": null,
        "contactPhone": null,
        "industry": "technology",
        "address": null,
        "city": null,
        "state": null,
        "country": null,
        "postalCode": null,
        "website": null,
        "notes": null,
        "active": true,
        "referralSource": null,
        "createdAt": "2025-03-28T03:13:10.979Z",
        "updatedAt": "2025-03-28T03:13:10.979Z"
      },
      {
        "id": 40,
        "userId": 1,
        "name": "Test Client 1743131692764",
        "contactName": "Test Contact",
        "contactEmail": null,
        "contactPhone": null,
        "industry": "technology",
        "address": null,
        "city": null,
        "state": null,
        "country": null,
        "postalCode": null,
        "website": null,
        "notes": null,
        "active": true,
        "referralSource": null,
        "createdAt": "2025-03-28T03:14:52.805Z",
        "updatedAt": "2025-03-28T03:14:52.805Z"
      },
      {
        "id": 41,
        "userId": 1,
        "name": "Test Client 1743131761132",
        "contactName": "Test Contact",
        "contactEmail": null,
        "contactPhone": null,
        "industry": "technology",
        "address": null,
        "city": null,
        "state": null,
        "country": null,
        "postalCode": null,
        "website": null,
        "notes": null,
        "active": true,
        "referralSource": null,
        "createdAt": "2025-03-28T03:16:01.173Z",
        "updatedAt": "2025-03-28T03:16:01.173Z"
      },
      {
        "id": 44,
        "userId": 1,
        "name": "Test Client 1743169627847",
        "contactName": "Test Contact",
        "contactEmail": null,
        "contactPhone": null,
        "industry": "tech",
        "address": "123 Test St",
        "city": null,
        "state": null,
        "country": null,
        "postalCode": null,
        "website": null,
        "notes": null,
        "active": true,
        "referralSource": null,
        "createdAt": "2025-03-28T13:47:07.885Z",
        "updatedAt": "2025-03-28T13:47:07.885Z"
      },
      {
        "id": 45,
        "userId": 1,
        "name": "Test Client 1743169643779",
        "contactName": "Test Contact",
        "contactEmail": null,
        "contactPhone": null,
        "industry": "tech",
        "address": "123 Test St",
        "city": null,
        "state": null,
        "country": null,
        "postalCode": null,
        "website": null,
        "notes": null,
        "active": true,
        "referralSource": null,
        "createdAt": "2025-03-28T13:47:23.815Z",
        "updatedAt": "2025-03-28T13:47:23.815Z"
      },
      {
        "id": 46,
        "userId": 1,
        "name": "Test Client 1743169677284",
        "contactName": "Test Contact",
        "contactEmail": null,
        "contactPhone": null,
        "industry": "tech",
        "address": "123 Test St",
        "city": null,
        "state": null,
        "country": null,
        "postalCode": null,
        "website": null,
        "notes": null,
        "active": true,
        "referralSource": null,
        "createdAt": "2025-03-28T13:47:57.323Z",
        "updatedAt": "2025-03-28T13:47:57.323Z"
      },
      {
        "id": 56,
        "userId": 1,
        "name": "Test Client 2025-03-28T14:30:25.849Z",
        "contactName": "Test Contact",
        "contactEmail": null,
        "contactPhone": null,
        "industry": null,
        "address": "123 Test St",
        "city": null,
        "state": null,
        "country": null,
        "postalCode": null,
        "website": null,
        "notes": null,
        "active": true,
        "referralSource": null,
        "createdAt": "2025-03-28T14:30:25.862Z",
        "updatedAt": "2025-03-28T14:30:25.862Z"
      },
      {
        "id": 57,
        "userId": 1,
        "name": "Test Client 2025-03-28T14:30:37.095Z",
        "contactName": "Test Contact",
        "contactEmail": null,
        "contactPhone": null,
        "industry": null,
        "address": "123 Test St",
        "city": null,
        "state": null,
        "country": null,
        "postalCode": null,
        "website": null,
        "notes": null,
        "active": true,
        "referralSource": null,
        "createdAt": "2025-03-28T14:30:37.108Z",
        "updatedAt": "2025-03-28T14:30:37.108Z"
      },
      {
        "id": 8,
        "userId": 1,
        "name": "Test Client Debug",
        "contactName": "Test Contact",
        "contactEmail": "test@example.com",
        "contactPhone": null,
        "industry": "accounting",
        "address": "123 Test St",
        "city": null,
        "state": null,
        "country": null,
        "postalCode": null,
        "website": null,
        "notes": null,
        "active": true,
        "referralSource": null,
        "createdAt": "2025-03-28T01:17:57.747Z",
        "updatedAt": "2025-03-28T01:17:57.747Z"
      },
      {
        "id": 11,
        "userId": 1,
        "name": "Test Client Edit Entity Test",
        "contactName": "Test Contact",
        "contactEmail": "test@example.com",
        "contactPhone": null,
        "industry": "accounting",
        "address": "123 Test St",
        "city": null,
        "state": null,
        "country": null,
        "postalCode": null,
        "website": null,
        "notes": null,
        "active": true,
        "referralSource": null,
        "createdAt": "2025-03-28T01:36:38.700Z",
        "updatedAt": "2025-03-28T01:36:38.700Z"
      },
      {
        "id": 10,
        "userId": 1,
        "name": "Test Client Edit Entity Test",
        "contactName": "Test Contact",
        "contactEmail": "test@example.com",
        "contactPhone": null,
        "industry": "accounting",
        "address": "123 Test St",
        "city": null,
        "state": null,
        "country": null,
        "postalCode": null,
        "website": null,
        "notes": null,
        "active": true,
        "referralSource": null,
        "createdAt": "2025-03-28T01:35:51.544Z",
        "updatedAt": "2025-03-28T01:35:51.544Z"
      },
      {
        "id": 14,
        "userId": 1,
        "name": "Test Client Edit Entity Test",
        "contactName": "Test Contact",
        "contactEmail": "test@example.com",
        "contactPhone": null,
        "industry": "accounting",
        "address": "123 Test St",
        "city": null,
        "state": null,
        "country": null,
        "postalCode": null,
        "website": null,
        "notes": null,
        "active": true,
        "referralSource": null,
        "createdAt": "2025-03-28T01:39:22.533Z",
        "updatedAt": "2025-03-28T01:39:22.533Z"
      },
      {
        "id": 15,
        "userId": 1,
        "name": "Test Client Edit Entity Test",
        "contactName": "Test Contact",
        "contactEmail": "test@example.com",
        "contactPhone": null,
        "industry": "accounting",
        "address": "123 Test St",
        "city": null,
        "state": null,
        "country": null,
        "postalCode": null,
        "website": null,
        "notes": null,
        "active": true,
        "referralSource": null,
        "createdAt": "2025-03-28T01:43:26.012Z",
        "updatedAt": "2025-03-28T01:43:26.012Z"
      },
      {
        "id": 16,
        "userId": 1,
        "name": "Test Client Edit Entity Test",
        "contactName": "Test Contact",
        "contactEmail": "test@example.com",
        "contactPhone": null,
        "industry": "accounting",
        "address": "123 Test St",
        "city": null,
        "state": null,
        "country": null,
        "postalCode": null,
        "website": null,
        "notes": null,
        "active": true,
        "referralSource": null,
        "createdAt": "2025-03-28T01:49:10.558Z",
        "updatedAt": "2025-03-28T01:49:10.558Z"
      },
      {
        "id": 12,
        "userId": 1,
        "name": "Test Client Edit Entity Test",
        "contactName": "Test Contact",
        "contactEmail": "test@example.com",
        "contactPhone": null,
        "industry": "accounting",
        "address": "123 Test St",
        "city": null,
        "state": null,
        "country": null,
        "postalCode": null,
        "website": null,
        "notes": null,
        "active": true,
        "referralSource": null,
        "createdAt": "2025-03-28T01:37:02.497Z",
        "updatedAt": "2025-03-28T01:37:02.497Z"
      },
      {
        "id": 13,
        "userId": 1,
        "name": "Test Client Edit Entity Test",
        "contactName": "Test Contact",
        "contactEmail": "test@example.com",
        "contactPhone": null,
        "industry": "accounting",
        "address": "123 Test St",
        "city": null,
        "state": null,
        "country": null,
        "postalCode": null,
        "website": null,
        "notes": null,
        "active": true,
        "referralSource": null,
        "createdAt": "2025-03-28T01:38:47.570Z",
        "updatedAt": "2025-03-28T01:38:47.570Z"
      },
      {
        "id": 9,
        "userId": 1,
        "name": "Test Client Entity Debug",
        "contactName": "Test Contact",
        "contactEmail": "test@example.com",
        "contactPhone": null,
        "industry": "tech",
        "address": "123 Test St",
        "city": null,
        "state": null,
        "country": null,
        "postalCode": null,
        "website": null,
        "notes": null,
        "active": true,
        "referralSource": null,
        "createdAt": "2025-03-28T01:33:12.756Z",
        "updatedAt": "2025-03-28T01:33:12.756Z"
      },
      {
        "id": 6,
        "userId": 1,
        "name": "Test Client March 28",
        "contactName": null,
        "contactEmail": null,
        "contactPhone": null,
        "industry": "accounting",
        "address": "123 Test Street, Testville, TS 12345",
        "city": null,
        "state": null,
        "country": null,
        "postalCode": null,
        "website": "https://example.com",
        "notes": "This is a test client created by the automated test script",
        "active": true,
        "referralSource": null,
        "createdAt": "2025-03-28T00:55:15.767Z",
        "updatedAt": "2025-03-28T00:55:15.767Z"
      },
      {
        "id": 4,
        "userId": 1,
        "name": "Test Client March 28",
        "contactName": null,
        "contactEmail": null,
        "contactPhone": null,
        "industry": "accounting",
        "address": "123 Test Street, Testville, TS 12345",
        "city": null,
        "state": null,
        "country": null,
        "postalCode": null,
        "website": "https://example.com",
        "notes": "This is a test client created by the automated test script",
        "active": true,
        "referralSource": null,
        "createdAt": "2025-03-28T00:53:57.540Z",
        "updatedAt": "2025-03-28T00:53:57.540Z"
      },
      {
        "id": 24,
        "userId": 1,
        "name": "Test Client Setup Flow",
        "contactName": "Test Contact",
        "contactEmail": null,
        "contactPhone": null,
        "industry": "technology",
        "address": null,
        "city": null,
        "state": null,
        "country": null,
        "postalCode": null,
        "website": null,
        "notes": null,
        "active": true,
        "referralSource": null,
        "createdAt": "2025-03-28T02:33:32.964Z",
        "updatedAt": "2025-03-28T02:33:32.964Z"
      },
      {
        "id": 23,
        "userId": 1,
        "name": "Test Client XYZ",
        "contactName": "Test Contact",
        "contactEmail": null,
        "contactPhone": null,
        "industry": "technology",
        "address": null,
        "city": null,
        "state": null,
        "country": null,
        "postalCode": null,
        "website": null,
        "notes": null,
        "active": true,
        "referralSource": null,
        "createdAt": "2025-03-28T02:30:07.543Z",
        "updatedAt": "2025-03-28T02:30:07.543Z"
      },
      {
        "id": 47,
        "userId": 1,
        "name": "Test Client for Entity Update",
        "contactName": null,
        "contactEmail": null,
        "contactPhone": null,
        "industry": "technology",
        "address": null,
        "city": null,
        "state": null,
        "country": null,
        "postalCode": null,
        "website": null,
        "notes": null,
        "active": true,
        "referralSource": null,
        "createdAt": "2025-03-28T14:06:32.909Z",
        "updatedAt": "2025-03-28T14:06:32.909Z"
      },
      {
        "id": 19,
        "userId": 1,
        "name": "Test Client for Entity Update Test",
        "contactName": "Test Contact",
        "contactEmail": null,
        "contactPhone": null,
        "industry": "technology",
        "address": null,
        "city": null,
        "state": null,
        "country": null,
        "postalCode": null,
        "website": null,
        "notes": null,
        "active": true,
        "referralSource": null,
        "createdAt": "2025-03-28T02:10:12.832Z",
        "updatedAt": "2025-03-28T02:10:12.832Z"
      },
      {
        "id": 43,
        "userId": 1,
        "name": "Test Client for Error Test",
        "contactName": null,
        "contactEmail": null,
        "contactPhone": null,
        "industry": "tech",
        "address": null,
        "city": null,
        "state": null,
        "country": null,
        "postalCode": null,
        "website": null,
        "notes": null,
        "active": true,
        "referralSource": null,
        "createdAt": "2025-03-28T13:37:47.370Z",
        "updatedAt": "2025-03-28T13:37:47.370Z"
      },
      {
        "id": 17,
        "userId": 1,
        "name": "Test Client for UI Update",
        "contactName": "Test Contact",
        "contactEmail": "test-ui@example.com",
        "contactPhone": null,
        "industry": "accounting",
        "address": "123 Test St",
        "city": null,
        "state": null,
        "country": null,
        "postalCode": null,
        "website": null,
        "notes": null,
        "active": true,
        "referralSource": null,
        "createdAt": "2025-03-28T01:54:51.273Z",
        "updatedAt": "2025-03-28T01:54:51.273Z"
      },
      {
        "id": 22,
        "userId": 1,
        "name": "Test Numeric Fix Client 1743128995",
        "contactName": "Test Contact",
        "contactEmail": null,
        "contactPhone": null,
        "industry": "technology",
        "address": null,
        "city": null,
        "state": null,
        "country": null,
        "postalCode": null,
        "website": null,
        "notes": null,
        "active": true,
        "referralSource": null,
        "createdAt": "2025-03-28T02:29:55.425Z",
        "updatedAt": "2025-03-28T02:29:55.425Z"
      },
      {
        "id": 62,
        "userId": 1,
        "name": "UI Flow Client 2025-03-28T15:38:13.684Z",
        "contactName": "John Smith",
        "contactEmail": null,
        "contactPhone": null,
        "industry": null,
        "address": "456 Test Ave",
        "city": null,
        "state": null,
        "country": null,
        "postalCode": null,
        "website": null,
        "notes": null,
        "active": true,
        "referralSource": null,
        "createdAt": "2025-03-28T15:38:13.803Z",
        "updatedAt": "2025-03-28T15:38:13.803Z"
      },
      {
        "id": 63,
        "userId": 1,
        "name": "UI Flow Client 2025-03-28T15:38:29.503Z",
        "contactName": "John Smith",
        "contactEmail": null,
        "contactPhone": null,
        "industry": null,
        "address": "456 Test Ave",
        "city": null,
        "state": null,
        "country": null,
        "postalCode": null,
        "website": null,
        "notes": null,
        "active": true,
        "referralSource": null,
        "createdAt": "2025-03-28T15:38:29.535Z",
        "updatedAt": "2025-03-28T15:38:29.535Z"
      },
      {
        "id": 68,
        "userId": 1,
        "name": "UI Simulation Client",
        "contactName": null,
        "contactEmail": null,
        "contactPhone": null,
        "industry": "technology",
        "address": null,
        "city": null,
        "state": null,
        "country": null,
        "postalCode": null,
        "website": null,
        "notes": null,
        "active": true,
        "referralSource": null,
        "createdAt": "2025-03-28T16:29:27.919Z",
        "updatedAt": "2025-03-28T16:29:27.919Z"
      },
      {
        "id": 48,
        "userId": 1,
        "name": "UI Simulation Client",
        "contactName": null,
        "contactEmail": null,
        "contactPhone": null,
        "industry": "technology",
        "address": null,
        "city": null,
        "state": null,
        "country": null,
        "postalCode": null,
        "website": null,
        "notes": null,
        "active": true,
        "referralSource": null,
        "createdAt": "2025-03-28T14:07:24.338Z",
        "updatedAt": "2025-03-28T14:07:24.338Z"
      },
      {
        "id": 55,
        "userId": 1,
        "name": "UI Simulation Client",
        "contactName": null,
        "contactEmail": null,
        "contactPhone": null,
        "industry": "technology",
        "address": null,
        "city": null,
        "state": null,
        "country": null,
        "postalCode": null,
        "website": null,
        "notes": null,
        "active": true,
        "referralSource": null,
        "createdAt": "2025-03-28T14:25:25.738Z",
        "updatedAt": "2025-03-28T14:25:25.738Z"
      },
      {
        "id": 53,
        "userId": 1,
        "name": "UI Simulation Client",
        "contactName": null,
        "contactEmail": null,
        "contactPhone": null,
        "industry": "technology",
        "address": null,
        "city": null,
        "state": null,
        "country": null,
        "postalCode": null,
        "website": null,
        "notes": null,
        "active": true,
        "referralSource": null,
        "createdAt": "2025-03-28T14:19:46.343Z",
        "updatedAt": "2025-03-28T14:19:46.343Z"
      },
      {
        "id": 52,
        "userId": 1,
        "name": "UI Simulation Client",
        "contactName": null,
        "contactEmail": null,
        "contactPhone": null,
        "industry": "technology",
        "address": null,
        "city": null,
        "state": null,
        "country": null,
        "postalCode": null,
        "website": null,
        "notes": null,
        "active": true,
        "referralSource": null,
        "createdAt": "2025-03-28T14:15:38.515Z",
        "updatedAt": "2025-03-28T14:15:38.515Z"
      },
      {
        "id": 51,
        "userId": 1,
        "name": "UI Simulation Client",
        "contactName": null,
        "contactEmail": null,
        "contactPhone": null,
        "industry": "technology",
        "address": null,
        "city": null,
        "state": null,
        "country": null,
        "postalCode": null,
        "website": null,
        "notes": null,
        "active": true,
        "referralSource": null,
        "createdAt": "2025-03-28T14:14:50.335Z",
        "updatedAt": "2025-03-28T14:14:50.335Z"
      },
      {
        "id": 50,
        "userId": 1,
        "name": "UI Simulation Client",
        "contactName": null,
        "contactEmail": null,
        "contactPhone": null,
        "industry": "technology",
        "address": null,
        "city": null,
        "state": null,
        "country": null,
        "postalCode": null,
        "website": null,
        "notes": null,
        "active": true,
        "referralSource": null,
        "createdAt": "2025-03-28T14:10:34.560Z",
        "updatedAt": "2025-03-28T14:10:34.560Z"
      },
      {
        "id": 49,
        "userId": 1,
        "name": "UI Simulation Client",
        "contactName": null,
        "contactEmail": null,
        "contactPhone": null,
        "industry": "technology",
        "address": null,
        "city": null,
        "state": null,
        "country": null,
        "postalCode": null,
        "website": null,
        "notes": null,
        "active": true,
        "referralSource": null,
        "createdAt": "2025-03-28T14:09:00.100Z",
        "updatedAt": "2025-03-28T14:09:00.100Z"
      },
      {
        "id": 54,
        "userId": 1,
        "name": "UI Simulation Client",
        "contactName": null,
        "contactEmail": null,
        "contactPhone": null,
        "industry": "technology",
        "address": null,
        "city": null,
        "state": null,
        "country": null,
        "postalCode": null,
        "website": null,
        "notes": null,
        "active": true,
        "referralSource": null,
        "createdAt": "2025-03-28T14:22:49.487Z",
        "updatedAt": "2025-03-28T14:22:49.487Z"
      },
      {
        "id": 58,
        "userId": 1,
        "name": "UI Test Client 2025-03-28T14:31:15.372Z",
        "contactName": "Test Contact",
        "contactEmail": null,
        "contactPhone": null,
        "industry": null,
        "address": "123 Test St",
        "city": null,
        "state": null,
        "country": null,
        "postalCode": null,
        "website": null,
        "notes": null,
        "active": true,
        "referralSource": null,
        "createdAt": "2025-03-28T14:31:15.385Z",
        "updatedAt": "2025-03-28T14:31:15.385Z"
      }
    ],
    "entities": [
      {
        "id": 9,
        "name": "Test Entity 1",
        "code": "TE1",
        "ownerId": 7,
        "clientId": null,
        "active": true,
        "fiscalYearStart": "01-01",
        "fiscalYearEnd": "12-31",
        "taxId": null,
        "address": null,
        "city": null,
        "state": null,
        "country": null,
        "postalCode": null,
        "phone": null,
        "email": null,
        "website": null,
        "industry": null,
        "subIndustry": null,
        "employeeCount": null,
        "foundedYear": null,
        "annualRevenue": null,
        "businessType": null,
        "publiclyTraded": false,
        "stockSymbol": null,
        "currency": "USD",
        "timezone": "UTC",
        "dataCollectionConsent": false,
        "lastAuditDate": null,
        "createdAt": "2025-03-21T21:39:14.100Z",
        "updatedAt": null
      },
      {
        "id": 10,
        "name": "Test Entity 2",
        "code": "TE2",
        "ownerId": 7,
        "clientId": null,
        "active": true,
        "fiscalYearStart": "01-01",
        "fiscalYearEnd": "12-31",
        "taxId": null,
        "address": null,
        "city": null,
        "state": null,
        "country": null,
        "postalCode": null,
        "phone": null,
        "email": null,
        "website": null,
        "industry": null,
        "subIndustry": null,
        "employeeCount": null,
        "foundedYear": null,
        "annualRevenue": null,
        "businessType": null,
        "publiclyTraded": false,
        "stockSymbol": null,
        "currency": "USD",
        "timezone": "UTC",
        "dataCollectionConsent": false,
        "lastAuditDate": null,
        "createdAt": "2025-03-21T21:39:14.146Z",
        "updatedAt": null
      },
      {
        "id": 28,
        "name": "Test Entity 2 1742829876683",
        "code": "TE2_1742829876683",
        "ownerId": 16,
        "clientId": null,
        "active": true,
        "fiscalYearStart": "01-01",
        "fiscalYearEnd": "12-31",
        "taxId": null,
        "address": null,
        "city": null,
        "state": null,
        "country": null,
        "postalCode": null,
        "phone": null,
        "email": null,
        "website": null,
        "industry": null,
        "subIndustry": null,
        "employeeCount": null,
        "foundedYear": null,
        "annualRevenue": null,
        "businessType": null,
        "publiclyTraded": false,
        "stockSymbol": null,
        "currency": "EUR",
        "timezone": "UTC",
        "dataCollectionConsent": false,
        "lastAuditDate": null,
        "createdAt": "2025-03-24T15:24:36.696Z",
        "updatedAt": null
      },
      {
        "id": 1,
        "name": "test",
        "code": "ACME",
        "ownerId": 1,
        "clientId": null,
        "active": true,
        "fiscalYearStart": "01-01",
        "fiscalYearEnd": "12-31",
        "taxId": "",
        "address": "",
        "city": null,
        "state": null,
        "country": null,
        "postalCode": null,
        "phone": "",
        "email": "test@test.com",
        "website": null,
        "industry": "tech",
        "subIndustry": null,
        "employeeCount": null,
        "foundedYear": null,
        "annualRevenue": null,
        "businessType": null,
        "publiclyTraded": false,
        "stockSymbol": null,
        "currency": "USD",
        "timezone": "UTC",
        "dataCollectionConsent": false,
        "lastAuditDate": null,
        "createdAt": "2025-03-18T22:30:40.279Z",
        "updatedAt": null
      },
      {
        "id": 55,
        "name": "GWTEST",
        "code": "GWT99",
        "ownerId": 1,
        "clientId": null,
        "active": true,
        "fiscalYearStart": "01-01",
        "fiscalYearEnd": "12-31",
        "taxId": null,
        "address": null,
        "city": null,
        "state": null,
        "country": null,
        "postalCode": null,
        "phone": null,
        "email": null,
        "website": null,
        "industry": null,
        "subIndustry": null,
        "employeeCount": null,
        "foundedYear": null,
        "annualRevenue": null,
        "businessType": null,
        "publiclyTraded": false,
        "stockSymbol": null,
        "currency": "USD",
        "timezone": "UTC",
        "dataCollectionConsent": false,
        "lastAuditDate": null,
        "createdAt": "2025-03-25T20:17:30.236Z",
        "updatedAt": null
      },
      {
        "id": 56,
        "name": "TESTING",
        "code": "TES35",
        "ownerId": 1,
        "clientId": null,
        "active": true,
        "fiscalYearStart": "01-01",
        "fiscalYearEnd": "12-31",
        "taxId": null,
        "address": null,
        "city": null,
        "state": null,
        "country": null,
        "postalCode": null,
        "phone": null,
        "email": null,
        "website": null,
        "industry": null,
        "subIndustry": null,
        "employeeCount": null,
        "foundedYear": null,
        "annualRevenue": null,
        "businessType": null,
        "publiclyTraded": false,
        "stockSymbol": null,
        "currency": "USD",
        "timezone": "UTC",
        "dataCollectionConsent": false,
        "lastAuditDate": null,
        "createdAt": "2025-03-25T20:27:53.211Z",
        "updatedAt": null
      },
      {
        "id": 57,
        "name": "Baller",
        "code": "BAL42",
        "ownerId": 1,
        "clientId": null,
        "active": true,
        "fiscalYearStart": "01-01",
        "fiscalYearEnd": "12-31",
        "taxId": null,
        "address": null,
        "city": null,
        "state": null,
        "country": null,
        "postalCode": null,
        "phone": null,
        "email": null,
        "website": null,
        "industry": null,
        "subIndustry": null,
        "employeeCount": null,
        "foundedYear": null,
        "annualRevenue": null,
        "businessType": null,
        "publiclyTraded": false,
        "stockSymbol": null,
        "currency": "USD",
        "timezone": "UTC",
        "dataCollectionConsent": false,
        "lastAuditDate": null,
        "createdAt": "2025-03-25T21:27:09.061Z",
        "updatedAt": null
      },
      {
        "id": 58,
        "name": "325test",
        "code": "32550",
        "ownerId": 1,
        "clientId": null,
        "active": true,
        "fiscalYearStart": "01-01",
        "fiscalYearEnd": "12-31",
        "taxId": null,
        "address": null,
        "city": null,
        "state": null,
        "country": null,
        "postalCode": null,
        "phone": null,
        "email": null,
        "website": null,
        "industry": null,
        "subIndustry": null,
        "employeeCount": null,
        "foundedYear": null,
        "annualRevenue": null,
        "businessType": null,
        "publiclyTraded": false,
        "stockSymbol": null,
        "currency": "USD",
        "timezone": "UTC",
        "dataCollectionConsent": false,
        "lastAuditDate": null,
        "createdAt": "2025-03-25T21:59:35.482Z",
        "updatedAt": null
      },
      {
        "id": 59,
        "name": "Key",
        "code": "KEY17",
        "ownerId": 1,
        "clientId": null,
        "active": true,
        "fiscalYearStart": "01-01",
        "fiscalYearEnd": "12-31",
        "taxId": null,
        "address": null,
        "city": null,
        "state": null,
        "country": null,
        "postalCode": null,
        "phone": null,
        "email": null,
        "website": null,
        "industry": null,
        "subIndustry": null,
        "employeeCount": null,
        "foundedYear": null,
        "annualRevenue": null,
        "businessType": null,
        "publiclyTraded": false,
        "stockSymbol": null,
        "currency": "USD",
        "timezone": "UTC",
        "dataCollectionConsent": false,
        "lastAuditDate": null,
        "createdAt": "2025-03-25T22:05:17.151Z",
        "updatedAt": null
      },
      {
        "id": 60,
        "name": "Replitq",
        "code": "REP34",
        "ownerId": 1,
        "clientId": null,
        "active": true,
        "fiscalYearStart": "01-01",
        "fiscalYearEnd": "12-31",
        "taxId": null,
        "address": null,
        "city": null,
        "state": null,
        "country": null,
        "postalCode": null,
        "phone": null,
        "email": null,
        "website": null,
        "industry": null,
        "subIndustry": null,
        "employeeCount": null,
        "foundedYear": null,
        "annualRevenue": null,
        "businessType": null,
        "publiclyTraded": false,
        "stockSymbol": null,
        "currency": "USD",
        "timezone": "UTC",
        "dataCollectionConsent": false,
        "lastAuditDate": null,
        "createdAt": "2025-03-25T22:09:13.053Z",
        "updatedAt": null
      },
      {
        "id": 61,
        "name": "123",
        "code": "12387",
        "ownerId": 1,
        "clientId": null,
        "active": true,
        "fiscalYearStart": "01-01",
        "fiscalYearEnd": "12-31",
        "taxId": null,
        "address": null,
        "city": null,
        "state": null,
        "country": null,
        "postalCode": null,
        "phone": null,
        "email": null,
        "website": null,
        "industry": null,
        "subIndustry": null,
        "employeeCount": null,
        "foundedYear": null,
        "annualRevenue": null,
        "businessType": null,
        "publiclyTraded": false,
        "stockSymbol": null,
        "currency": "USD",
        "timezone": "UTC",
        "dataCollectionConsent": false,
        "lastAuditDate": null,
        "createdAt": "2025-03-25T22:11:47.107Z",
        "updatedAt": null
      },
      {
        "id": 62,
        "name": "Replit22",
        "code": "REP28",
        "ownerId": 1,
        "clientId": null,
        "active": true,
        "fiscalYearStart": "01-01",
        "fiscalYearEnd": "12-31",
        "taxId": null,
        "address": null,
        "city": null,
        "state": null,
        "country": null,
        "postalCode": null,
        "phone": null,
        "email": null,
        "website": null,
        "industry": null,
        "subIndustry": null,
        "employeeCount": null,
        "foundedYear": null,
        "annualRevenue": null,
        "businessType": null,
        "publiclyTraded": false,
        "stockSymbol": null,
        "currency": "USD",
        "timezone": "UTC",
        "dataCollectionConsent": false,
        "lastAuditDate": null,
        "createdAt": "2025-03-25T22:12:45.264Z",
        "updatedAt": null
      },
      {
        "id": 63,
        "name": "Test Entity",
        "code": "TEST123",
        "ownerId": 1,
        "clientId": null,
        "active": true,
        "fiscalYearStart": "2023-01-01",
        "fiscalYearEnd": "2023-12-31",
        "taxId": "123456789",
        "address": "123 Test St",
        "city": null,
        "state": null,
        "country": null,
        "postalCode": null,
        "phone": "123-456-7890",
        "email": "test@example.com",
        "website": null,
        "industry": null,
        "subIndustry": null,
        "employeeCount": null,
        "foundedYear": null,
        "annualRevenue": null,
        "businessType": null,
        "publiclyTraded": false,
        "stockSymbol": null,
        "currency": "USD",
        "timezone": "UTC",
        "dataCollectionConsent": false,
        "lastAuditDate": null,
        "createdAt": "2025-03-25T22:20:56.290Z",
        "updatedAt": null
      },
      {
        "id": 64,
        "name": "GWE",
        "code": "GE",
        "ownerId": 1,
        "clientId": null,
        "active": true,
        "fiscalYearStart": "01-01",
        "fiscalYearEnd": "12-31",
        "taxId": null,
        "address": null,
        "city": null,
        "state": null,
        "country": null,
        "postalCode": null,
        "phone": null,
        "email": null,
        "website": null,
        "industry": null,
        "subIndustry": null,
        "employeeCount": null,
        "foundedYear": null,
        "annualRevenue": null,
        "businessType": null,
        "publiclyTraded": false,
        "stockSymbol": null,
        "currency": "USD",
        "timezone": "UTC",
        "dataCollectionConsent": false,
        "lastAuditDate": null,
        "createdAt": "2025-03-25T22:28:10.606Z",
        "updatedAt": null
      },
      {
        "id": 65,
        "name": "GE",
        "code": "GE",
        "ownerId": 1,
        "clientId": null,
        "active": true,
        "fiscalYearStart": "01-01",
        "fiscalYearEnd": "12-31",
        "taxId": null,
        "address": null,
        "city": null,
        "state": null,
        "country": null,
        "postalCode": null,
        "phone": null,
        "email": null,
        "website": null,
        "industry": null,
        "subIndustry": null,
        "employeeCount": null,
        "foundedYear": null,
        "annualRevenue": null,
        "businessType": null,
        "publiclyTraded": false,
        "stockSymbol": null,
        "currency": "USD",
        "timezone": "UTC",
        "dataCollectionConsent": false,
        "lastAuditDate": null,
        "createdAt": "2025-03-25T22:28:39.060Z",
        "updatedAt": null
      },
      {
        "id": 66,
        "name": "GWE",
        "code": "FE",
        "ownerId": 1,
        "clientId": null,
        "active": true,
        "fiscalYearStart": "01-01",
        "fiscalYearEnd": "12-31",
        "taxId": null,
        "address": null,
        "city": null,
        "state": null,
        "country": null,
        "postalCode": null,
        "phone": null,
        "email": null,
        "website": null,
        "industry": null,
        "subIndustry": null,
        "employeeCount": null,
        "foundedYear": null,
        "annualRevenue": null,
        "businessType": null,
        "publiclyTraded": false,
        "stockSymbol": null,
        "currency": "USD",
        "timezone": "UTC",
        "dataCollectionConsent": false,
        "lastAuditDate": null,
        "createdAt": "2025-03-25T22:28:50.512Z",
        "updatedAt": null
      },
      {
        "id": 67,
        "name": "ACME",
        "code": "AC",
        "ownerId": 1,
        "clientId": null,
        "active": true,
        "fiscalYearStart": "01-01",
        "fiscalYearEnd": "12-31",
        "taxId": null,
        "address": null,
        "city": null,
        "state": null,
        "country": null,
        "postalCode": null,
        "phone": null,
        "email": null,
        "website": null,
        "industry": null,
        "subIndustry": null,
        "employeeCount": null,
        "foundedYear": null,
        "annualRevenue": null,
        "businessType": null,
        "publiclyTraded": false,
        "stockSymbol": null,
        "currency": "USD",
        "timezone": "UTC",
        "dataCollectionConsent": false,
        "lastAuditDate": null,
        "createdAt": "2025-03-25T22:37:08.425Z",
        "updatedAt": null
      },
      {
        "id": 68,
        "name": "Test Entity After Fix",
        "code": "TEST99",
        "ownerId": 1,
        "clientId": null,
        "active": true,
        "fiscalYearStart": "01-01",
        "fiscalYearEnd": "12-31",
        "taxId": null,
        "address": null,
        "city": null,
        "state": null,
        "country": null,
        "postalCode": null,
        "phone": null,
        "email": null,
        "website": null,
        "industry": null,
        "subIndustry": null,
        "employeeCount": null,
        "foundedYear": null,
        "annualRevenue": null,
        "businessType": null,
        "publiclyTraded": false,
        "stockSymbol": null,
        "currency": "USD",
        "timezone": "UTC",
        "dataCollectionConsent": false,
        "lastAuditDate": null,
        "createdAt": "2025-03-25T23:25:43.388Z",
        "updatedAt": null
      },
      {
        "id": 69,
        "name": "Test Entity After Fix 2",
        "code": "TEST100",
        "ownerId": 1,
        "clientId": 1,
        "active": true,
        "fiscalYearStart": "01-01",
        "fiscalYearEnd": "12-31",
        "taxId": null,
        "address": null,
        "city": null,
        "state": null,
        "country": null,
        "postalCode": null,
        "phone": null,
        "email": null,
        "website": null,
        "industry": null,
        "subIndustry": null,
        "employeeCount": null,
        "foundedYear": null,
        "annualRevenue": null,
        "businessType": null,
        "publiclyTraded": false,
        "stockSymbol": null,
        "currency": "USD",
        "timezone": "UTC",
        "dataCollectionConsent": false,
        "lastAuditDate": null,
        "createdAt": "2025-03-25T23:30:40.973Z",
        "updatedAt": null
      },
      {
        "id": 70,
        "name": "Test Entity for Verification",
        "code": "TESTVER",
        "ownerId": 1,
        "clientId": 1,
        "active": true,
        "fiscalYearStart": "01-01",
        "fiscalYearEnd": "12-31",
        "taxId": null,
        "address": null,
        "city": null,
        "state": null,
        "country": null,
        "postalCode": null,
        "phone": null,
        "email": null,
        "website": null,
        "industry": null,
        "subIndustry": null,
        "employeeCount": null,
        "foundedYear": null,
        "annualRevenue": null,
        "businessType": null,
        "publiclyTraded": false,
        "stockSymbol": null,
        "currency": "USD",
        "timezone": "UTC",
        "dataCollectionConsent": false,
        "lastAuditDate": null,
        "createdAt": "2025-03-26T15:19:26.200Z",
        "updatedAt": null
      },
      {
        "id": 71,
        "name": "Pepper",
        "code": "AA",
        "ownerId": 1,
        "clientId": 1,
        "active": true,
        "fiscalYearStart": "01-01",
        "fiscalYearEnd": "12-31",
        "taxId": null,
        "address": null,
        "city": null,
        "state": null,
        "country": null,
        "postalCode": null,
        "phone": null,
        "email": null,
        "website": null,
        "industry": null,
        "subIndustry": null,
        "employeeCount": null,
        "foundedYear": null,
        "annualRevenue": null,
        "businessType": null,
        "publiclyTraded": false,
        "stockSymbol": null,
        "currency": "USD",
        "timezone": "UTC",
        "dataCollectionConsent": false,
        "lastAuditDate": null,
        "createdAt": "2025-03-26T16:46:37.427Z",
        "updatedAt": null
      },
      {
        "id": 72,
        "name": "Gary",
        "code": "AD",
        "ownerId": 1,
        "clientId": 1,
        "active": true,
        "fiscalYearStart": "01-01",
        "fiscalYearEnd": "12-31",
        "taxId": null,
        "address": null,
        "city": null,
        "state": null,
        "country": null,
        "postalCode": null,
        "phone": null,
        "email": null,
        "website": null,
        "industry": null,
        "subIndustry": null,
        "employeeCount": null,
        "foundedYear": null,
        "annualRevenue": null,
        "businessType": null,
        "publiclyTraded": false,
        "stockSymbol": null,
        "currency": "USD",
        "timezone": "UTC",
        "dataCollectionConsent": false,
        "lastAuditDate": null,
        "createdAt": "2025-03-26T17:02:55.030Z",
        "updatedAt": null
      },
      {
        "id": 73,
        "name": "Gary",
        "code": "A#",
        "ownerId": 1,
        "clientId": 1,
        "active": true,
        "fiscalYearStart": "01-01",
        "fiscalYearEnd": "12-31",
        "taxId": null,
        "address": null,
        "city": null,
        "state": null,
        "country": null,
        "postalCode": null,
        "phone": null,
        "email": null,
        "website": null,
        "industry": null,
        "subIndustry": null,
        "employeeCount": null,
        "foundedYear": null,
        "annualRevenue": null,
        "businessType": null,
        "publiclyTraded": false,
        "stockSymbol": null,
        "currency": "USD",
        "timezone": "UTC",
        "dataCollectionConsent": false,
        "lastAuditDate": null,
        "createdAt": "2025-03-26T17:03:11.020Z",
        "updatedAt": null
      },
      {
        "id": 74,
        "name": "Entity Verify-1",
        "code": "EV1",
        "ownerId": 1,
        "clientId": 1,
        "active": true,
        "fiscalYearStart": "01-01",
        "fiscalYearEnd": "12-31",
        "taxId": null,
        "address": null,
        "city": null,
        "state": null,
        "country": null,
        "postalCode": null,
        "phone": null,
        "email": null,
        "website": null,
        "industry": null,
        "subIndustry": null,
        "employeeCount": null,
        "foundedYear": null,
        "annualRevenue": null,
        "businessType": null,
        "publiclyTraded": false,
        "stockSymbol": null,
        "currency": "USD",
        "timezone": "UTC",
        "dataCollectionConsent": false,
        "lastAuditDate": null,
        "createdAt": "2025-03-26T17:58:50.604Z",
        "updatedAt": null
      },
      {
        "id": 75,
        "name": "Pepper",
        "code": "Pep",
        "ownerId": 1,
        "clientId": 1,
        "active": true,
        "fiscalYearStart": "01-01",
        "fiscalYearEnd": "12-31",
        "taxId": null,
        "address": null,
        "city": null,
        "state": null,
        "country": null,
        "postalCode": null,
        "phone": null,
        "email": null,
        "website": null,
        "industry": null,
        "subIndustry": null,
        "employeeCount": null,
        "foundedYear": null,
        "annualRevenue": null,
        "businessType": null,
        "publiclyTraded": false,
        "stockSymbol": null,
        "currency": "USD",
        "timezone": "UTC",
        "dataCollectionConsent": false,
        "lastAuditDate": null,
        "createdAt": "2025-03-26T22:37:16.085Z",
        "updatedAt": null
      },
      {
        "id": 76,
        "name": "Pepper",
        "code": "pep",
        "ownerId": 1,
        "clientId": 1,
        "active": true,
        "fiscalYearStart": "01-01",
        "fiscalYearEnd": "12-31",
        "taxId": null,
        "address": null,
        "city": null,
        "state": null,
        "country": null,
        "postalCode": null,
        "phone": null,
        "email": null,
        "website": null,
        "industry": null,
        "subIndustry": null,
        "employeeCount": null,
        "foundedYear": null,
        "annualRevenue": null,
        "businessType": null,
        "publiclyTraded": false,
        "stockSymbol": null,
        "currency": "USD",
        "timezone": "UTC",
        "dataCollectionConsent": false,
        "lastAuditDate": null,
        "createdAt": "2025-03-26T22:39:22.101Z",
        "updatedAt": null
      },
      {
        "id": 77,
        "name": "Pepper",
        "code": "Pep",
        "ownerId": 1,
        "clientId": 1,
        "active": true,
        "fiscalYearStart": "01-01",
        "fiscalYearEnd": "12-31",
        "taxId": null,
        "address": null,
        "city": null,
        "state": null,
        "country": null,
        "postalCode": null,
        "phone": null,
        "email": null,
        "website": null,
        "industry": null,
        "subIndustry": null,
        "employeeCount": null,
        "foundedYear": null,
        "annualRevenue": null,
        "businessType": null,
        "publiclyTraded": false,
        "stockSymbol": null,
        "currency": "USD",
        "timezone": "UTC",
        "dataCollectionConsent": false,
        "lastAuditDate": null,
        "createdAt": "2025-03-26T22:39:58.632Z",
        "updatedAt": null
      },
      {
        "id": 78,
        "name": "Pepper",
        "code": "PEP",
        "ownerId": 1,
        "clientId": 1,
        "active": true,
        "fiscalYearStart": "01-01",
        "fiscalYearEnd": "12-31",
        "taxId": null,
        "address": null,
        "city": null,
        "state": null,
        "country": null,
        "postalCode": null,
        "phone": null,
        "email": null,
        "website": null,
        "industry": null,
        "subIndustry": null,
        "employeeCount": null,
        "foundedYear": null,
        "annualRevenue": null,
        "businessType": null,
        "publiclyTraded": false,
        "stockSymbol": null,
        "currency": "USD",
        "timezone": "UTC",
        "dataCollectionConsent": false,
        "lastAuditDate": null,
        "createdAt": "2025-03-26T22:51:15.547Z",
        "updatedAt": null
      },
      {
        "id": 79,
        "name": "Pepper",
        "code": "PEP",
        "ownerId": 1,
        "clientId": 1,
        "active": true,
        "fiscalYearStart": "01-01",
        "fiscalYearEnd": "12-31",
        "taxId": null,
        "address": null,
        "city": null,
        "state": null,
        "country": null,
        "postalCode": null,
        "phone": null,
        "email": null,
        "website": null,
        "industry": null,
        "subIndustry": null,
        "employeeCount": null,
        "foundedYear": null,
        "annualRevenue": null,
        "businessType": null,
        "publiclyTraded": false,
        "stockSymbol": null,
        "currency": "USD",
        "timezone": "UTC",
        "dataCollectionConsent": false,
        "lastAuditDate": null,
        "createdAt": "2025-03-26T22:54:17.625Z",
        "updatedAt": null
      },
      {
        "id": 80,
        "name": "MAG",
        "code": "MAG",
        "ownerId": 1,
        "clientId": 1,
        "active": true,
        "fiscalYearStart": "01-01",
        "fiscalYearEnd": "12-31",
        "taxId": null,
        "address": null,
        "city": null,
        "state": null,
        "country": null,
        "postalCode": null,
        "phone": null,
        "email": null,
        "website": null,
        "industry": null,
        "subIndustry": null,
        "employeeCount": null,
        "foundedYear": null,
        "annualRevenue": null,
        "businessType": null,
        "publiclyTraded": false,
        "stockSymbol": null,
        "currency": "USD",
        "timezone": "UTC",
        "dataCollectionConsent": false,
        "lastAuditDate": null,
        "createdAt": "2025-03-27T14:54:33.387Z",
        "updatedAt": null
      },
      {
        "id": 81,
        "name": "Pep",
        "code": "PEP",
        "ownerId": 1,
        "clientId": 1,
        "active": true,
        "fiscalYearStart": "01-01",
        "fiscalYearEnd": "12-31",
        "taxId": null,
        "address": null,
        "city": null,
        "state": null,
        "country": null,
        "postalCode": null,
        "phone": null,
        "email": null,
        "website": null,
        "industry": null,
        "subIndustry": null,
        "employeeCount": null,
        "foundedYear": null,
        "annualRevenue": null,
        "businessType": null,
        "publiclyTraded": false,
        "stockSymbol": null,
        "currency": "USD",
        "timezone": "UTC",
        "dataCollectionConsent": false,
        "lastAuditDate": null,
        "createdAt": "2025-03-27T14:57:09.646Z",
        "updatedAt": null
      },
      {
        "id": 82,
        "name": "Entity C1",
        "code": "EC1",
        "ownerId": 1,
        "clientId": 1,
        "active": true,
        "fiscalYearStart": "01-01",
        "fiscalYearEnd": "12-31",
        "taxId": null,
        "address": null,
        "city": null,
        "state": null,
        "country": null,
        "postalCode": null,
        "phone": null,
        "email": null,
        "website": null,
        "industry": null,
        "subIndustry": null,
        "employeeCount": null,
        "foundedYear": null,
        "annualRevenue": null,
        "businessType": null,
        "publiclyTraded": false,
        "stockSymbol": null,
        "currency": "USD",
        "timezone": "UTC",
        "dataCollectionConsent": false,
        "lastAuditDate": null,
        "createdAt": "2025-03-27T15:34:56.200Z",
        "updatedAt": null
      },
      {
        "id": 83,
        "name": "Entity C2",
        "code": "EC2",
        "ownerId": 1,
        "clientId": 1,
        "active": true,
        "fiscalYearStart": "01-01",
        "fiscalYearEnd": "12-31",
        "taxId": null,
        "address": null,
        "city": null,
        "state": null,
        "country": null,
        "postalCode": null,
        "phone": null,
        "email": null,
        "website": null,
        "industry": null,
        "subIndustry": null,
        "employeeCount": null,
        "foundedYear": null,
        "annualRevenue": null,
        "businessType": null,
        "publiclyTraded": false,
        "stockSymbol": null,
        "currency": "USD",
        "timezone": "UTC",
        "dataCollectionConsent": false,
        "lastAuditDate": null,
        "createdAt": "2025-03-27T16:01:06.598Z",
        "updatedAt": null
      },
      {
        "id": 84,
        "name": "Entity C1",
        "code": "EC1",
        "ownerId": 1,
        "clientId": 1,
        "active": true,
        "fiscalYearStart": "01-01",
        "fiscalYearEnd": "12-31",
        "taxId": null,
        "address": null,
        "city": null,
        "state": null,
        "country": null,
        "postalCode": null,
        "phone": null,
        "email": null,
        "website": null,
        "industry": null,
        "subIndustry": null,
        "employeeCount": null,
        "foundedYear": null,
        "annualRevenue": null,
        "businessType": null,
        "publiclyTraded": false,
        "stockSymbol": null,
        "currency": "USD",
        "timezone": "UTC",
        "dataCollectionConsent": false,
        "lastAuditDate": null,
        "createdAt": "2025-03-27T16:10:05.145Z",
        "updatedAt": null
      },
      {
        "id": 85,
        "name": "Pepper",
        "code": "PEPP",
        "ownerId": 1,
        "clientId": 1,
        "active": true,
        "fiscalYearStart": "01-01",
        "fiscalYearEnd": "12-31",
        "taxId": null,
        "address": null,
        "city": null,
        "state": null,
        "country": null,
        "postalCode": null,
        "phone": null,
        "email": null,
        "website": null,
        "industry": null,
        "subIndustry": null,
        "employeeCount": null,
        "foundedYear": null,
        "annualRevenue": null,
        "businessType": null,
        "publiclyTraded": false,
        "stockSymbol": null,
        "currency": "USD",
        "timezone": "UTC",
        "dataCollectionConsent": false,
        "lastAuditDate": null,
        "createdAt": "2025-03-27T16:24:58.611Z",
        "updatedAt": null
      },
      {
        "id": 86,
        "name": "Pepper29",
        "code": "Pep",
        "ownerId": 1,
        "clientId": 1,
        "active": true,
        "fiscalYearStart": "01-01",
        "fiscalYearEnd": "12-31",
        "taxId": null,
        "address": null,
        "city": null,
        "state": null,
        "country": null,
        "postalCode": null,
        "phone": null,
        "email": null,
        "website": null,
        "industry": null,
        "subIndustry": null,
        "employeeCount": null,
        "foundedYear": null,
        "annualRevenue": null,
        "businessType": null,
        "publiclyTraded": false,
        "stockSymbol": null,
        "currency": "USD",
        "timezone": "UTC",
        "dataCollectionConsent": false,
        "lastAuditDate": null,
        "createdAt": "2025-03-27T16:28:30.405Z",
        "updatedAt": null
      },
      {
        "id": 87,
        "name": "Pepper",
        "code": "Pep",
        "ownerId": 1,
        "clientId": 1,
        "active": true,
        "fiscalYearStart": "01-01",
        "fiscalYearEnd": "12-31",
        "taxId": null,
        "address": null,
        "city": null,
        "state": null,
        "country": null,
        "postalCode": null,
        "phone": null,
        "email": null,
        "website": null,
        "industry": null,
        "subIndustry": null,
        "employeeCount": null,
        "foundedYear": null,
        "annualRevenue": null,
        "businessType": null,
        "publiclyTraded": false,
        "stockSymbol": null,
        "currency": "USD",
        "timezone": "UTC",
        "dataCollectionConsent": false,
        "lastAuditDate": null,
        "createdAt": "2025-03-27T17:13:43.223Z",
        "updatedAt": null
      },
      {
        "id": 88,
        "name": "Pep",
        "code": "PEP",
        "ownerId": 1,
        "clientId": 1,
        "active": true,
        "fiscalYearStart": "01-01",
        "fiscalYearEnd": "12-31",
        "taxId": null,
        "address": null,
        "city": null,
        "state": null,
        "country": null,
        "postalCode": null,
        "phone": null,
        "email": null,
        "website": null,
        "industry": null,
        "subIndustry": null,
        "employeeCount": null,
        "foundedYear": null,
        "annualRevenue": null,
        "businessType": null,
        "publiclyTraded": false,
        "stockSymbol": null,
        "currency": "USD",
        "timezone": "UTC",
        "dataCollectionConsent": false,
        "lastAuditDate": null,
        "createdAt": "2025-03-27T17:39:01.477Z",
        "updatedAt": null
      },
      {
        "id": 89,
        "name": "Pep",
        "code": "PPE",
        "ownerId": 1,
        "clientId": 1,
        "active": true,
        "fiscalYearStart": "01-01",
        "fiscalYearEnd": "12-31",
        "taxId": null,
        "address": null,
        "city": null,
        "state": null,
        "country": null,
        "postalCode": null,
        "phone": null,
        "email": null,
        "website": null,
        "industry": null,
        "subIndustry": null,
        "employeeCount": null,
        "foundedYear": null,
        "annualRevenue": null,
        "businessType": null,
        "publiclyTraded": false,
        "stockSymbol": null,
        "currency": "USD",
        "timezone": "UTC",
        "dataCollectionConsent": false,
        "lastAuditDate": null,
        "createdAt": "2025-03-27T17:44:56.151Z",
        "updatedAt": null
      },
      {
        "id": 90,
        "name": "Pep",
        "code": "Pep",
        "ownerId": 1,
        "clientId": 1,
        "active": true,
        "fiscalYearStart": "01-01",
        "fiscalYearEnd": "12-31",
        "taxId": null,
        "address": null,
        "city": null,
        "state": null,
        "country": null,
        "postalCode": null,
        "phone": null,
        "email": null,
        "website": null,
        "industry": null,
        "subIndustry": null,
        "employeeCount": null,
        "foundedYear": null,
        "annualRevenue": null,
        "businessType": null,
        "publiclyTraded": false,
        "stockSymbol": null,
        "currency": "USD",
        "timezone": "UTC",
        "dataCollectionConsent": false,
        "lastAuditDate": null,
        "createdAt": "2025-03-27T17:49:55.769Z",
        "updatedAt": null
      },
      {
        "id": 91,
        "name": "Pep",
        "code": "Pep",
        "ownerId": 1,
        "clientId": 1,
        "active": true,
        "fiscalYearStart": "01-01",
        "fiscalYearEnd": "12-31",
        "taxId": null,
        "address": null,
        "city": null,
        "state": null,
        "country": null,
        "postalCode": null,
        "phone": null,
        "email": null,
        "website": null,
        "industry": null,
        "subIndustry": null,
        "employeeCount": null,
        "foundedYear": null,
        "annualRevenue": null,
        "businessType": null,
        "publiclyTraded": false,
        "stockSymbol": null,
        "currency": "USD",
        "timezone": "UTC",
        "dataCollectionConsent": false,
        "lastAuditDate": null,
        "createdAt": "2025-03-27T17:50:54.379Z",
        "updatedAt": null
      },
      {
        "id": 92,
        "name": "Pep",
        "code": "Pep",
        "ownerId": 1,
        "clientId": 1,
        "active": true,
        "fiscalYearStart": "01-01",
        "fiscalYearEnd": "12-31",
        "taxId": null,
        "address": null,
        "city": null,
        "state": null,
        "country": null,
        "postalCode": null,
        "phone": null,
        "email": null,
        "website": null,
        "industry": null,
        "subIndustry": null,
        "employeeCount": null,
        "foundedYear": null,
        "annualRevenue": null,
        "businessType": null,
        "publiclyTraded": false,
        "stockSymbol": null,
        "currency": "USD",
        "timezone": "UTC",
        "dataCollectionConsent": false,
        "lastAuditDate": null,
        "createdAt": "2025-03-27T17:59:56.792Z",
        "updatedAt": null
      },
      {
        "id": 93,
        "name": "Pep",
        "code": "Pep",
        "ownerId": 1,
        "clientId": 1,
        "active": true,
        "fiscalYearStart": "01-01",
        "fiscalYearEnd": "12-31",
        "taxId": null,
        "address": null,
        "city": null,
        "state": null,
        "country": null,
        "postalCode": null,
        "phone": null,
        "email": null,
        "website": null,
        "industry": null,
        "subIndustry": null,
        "employeeCount": null,
        "foundedYear": null,
        "annualRevenue": null,
        "businessType": null,
        "publiclyTraded": false,
        "stockSymbol": null,
        "currency": "USD",
        "timezone": "UTC",
        "dataCollectionConsent": false,
        "lastAuditDate": null,
        "createdAt": "2025-03-27T18:04:06.829Z",
        "updatedAt": null
      },
      {
        "id": 94,
        "name": "Pep",
        "code": "PPP",
        "ownerId": 1,
        "clientId": 1,
        "active": true,
        "fiscalYearStart": "01-01",
        "fiscalYearEnd": "12-31",
        "taxId": null,
        "address": null,
        "city": null,
        "state": null,
        "country": null,
        "postalCode": null,
        "phone": null,
        "email": null,
        "website": null,
        "industry": null,
        "subIndustry": null,
        "employeeCount": null,
        "foundedYear": null,
        "annualRevenue": null,
        "businessType": null,
        "publiclyTraded": false,
        "stockSymbol": null,
        "currency": "USD",
        "timezone": "UTC",
        "dataCollectionConsent": false,
        "lastAuditDate": null,
        "createdAt": "2025-03-27T18:14:34.318Z",
        "updatedAt": null
      },
      {
        "id": 95,
        "name": "Peppy",
        "code": "PPPP",
        "ownerId": 1,
        "clientId": 1,
        "active": true,
        "fiscalYearStart": "01-01",
        "fiscalYearEnd": "12-31",
        "taxId": null,
        "address": null,
        "city": null,
        "state": null,
        "country": null,
        "postalCode": null,
        "phone": null,
        "email": null,
        "website": null,
        "industry": null,
        "subIndustry": null,
        "employeeCount": null,
        "foundedYear": null,
        "annualRevenue": null,
        "businessType": null,
        "publiclyTraded": false,
        "stockSymbol": null,
        "currency": "USD",
        "timezone": "UTC",
        "dataCollectionConsent": false,
        "lastAuditDate": null,
        "createdAt": "2025-03-27T18:18:22.891Z",
        "updatedAt": null
      },
      {
        "id": 96,
        "name": "Pep",
        "code": "PEP",
        "ownerId": 1,
        "clientId": 1,
        "active": true,
        "fiscalYearStart": "01-01",
        "fiscalYearEnd": "12-31",
        "taxId": null,
        "address": null,
        "city": null,
        "state": null,
        "country": null,
        "postalCode": null,
        "phone": null,
        "email": null,
        "website": null,
        "industry": null,
        "subIndustry": null,
        "employeeCount": null,
        "foundedYear": null,
        "annualRevenue": null,
        "businessType": null,
        "publiclyTraded": false,
        "stockSymbol": null,
        "currency": "USD",
        "timezone": "UTC",
        "dataCollectionConsent": false,
        "lastAuditDate": null,
        "createdAt": "2025-03-27T19:35:25.311Z",
        "updatedAt": null
      },
      {
        "id": 97,
        "name": "Pep",
        "code": "PEEP",
        "ownerId": 1,
        "clientId": 1,
        "active": true,
        "fiscalYearStart": "01-01",
        "fiscalYearEnd": "12-31",
        "taxId": null,
        "address": null,
        "city": null,
        "state": null,
        "country": null,
        "postalCode": null,
        "phone": null,
        "email": null,
        "website": null,
        "industry": null,
        "subIndustry": null,
        "employeeCount": null,
        "foundedYear": null,
        "annualRevenue": null,
        "businessType": null,
        "publiclyTraded": false,
        "stockSymbol": null,
        "currency": "USD",
        "timezone": "UTC",
        "dataCollectionConsent": false,
        "lastAuditDate": null,
        "createdAt": "2025-03-27T19:39:46.285Z",
        "updatedAt": null
      },
      {
        "id": 98,
        "name": "Pep",
        "code": "PPPP",
        "ownerId": 1,
        "clientId": 1,
        "active": true,
        "fiscalYearStart": "01-01",
        "fiscalYearEnd": "12-31",
        "taxId": null,
        "address": null,
        "city": null,
        "state": null,
        "country": null,
        "postalCode": null,
        "phone": null,
        "email": null,
        "website": null,
        "industry": null,
        "subIndustry": null,
        "employeeCount": null,
        "foundedYear": null,
        "annualRevenue": null,
        "businessType": null,
        "publiclyTraded": false,
        "stockSymbol": null,
        "currency": "USD",
        "timezone": "UTC",
        "dataCollectionConsent": false,
        "lastAuditDate": null,
        "createdAt": "2025-03-27T19:49:44.364Z",
        "updatedAt": null
      },
      {
        "id": 99,
        "name": "Hope",
        "code": "Hope",
        "ownerId": 1,
        "clientId": 1,
        "active": true,
        "fiscalYearStart": "01-01",
        "fiscalYearEnd": "12-31",
        "taxId": null,
        "address": null,
        "city": null,
        "state": null,
        "country": null,
        "postalCode": null,
        "phone": null,
        "email": null,
        "website": null,
        "industry": null,
        "subIndustry": null,
        "employeeCount": null,
        "foundedYear": null,
        "annualRevenue": null,
        "businessType": null,
        "publiclyTraded": false,
        "stockSymbol": null,
        "currency": "USD",
        "timezone": "UTC",
        "dataCollectionConsent": false,
        "lastAuditDate": null,
        "createdAt": "2025-03-27T19:55:24.328Z",
        "updatedAt": null
      },
      {
        "id": 100,
        "name": "Hope",
        "code": "Hope",
        "ownerId": 1,
        "clientId": 1,
        "active": true,
        "fiscalYearStart": "01-01",
        "fiscalYearEnd": "12-31",
        "taxId": null,
        "address": null,
        "city": null,
        "state": null,
        "country": null,
        "postalCode": null,
        "phone": null,
        "email": null,
        "website": null,
        "industry": null,
        "subIndustry": null,
        "employeeCount": null,
        "foundedYear": null,
        "annualRevenue": null,
        "businessType": null,
        "publiclyTraded": false,
        "stockSymbol": null,
        "currency": "USD",
        "timezone": "UTC",
        "dataCollectionConsent": false,
        "lastAuditDate": null,
        "createdAt": "2025-03-27T19:56:10.860Z",
        "updatedAt": null
      },
      {
        "id": 101,
        "name": "Hope2",
        "code": "Hope2",
        "ownerId": 1,
        "clientId": 1,
        "active": true,
        "fiscalYearStart": "01-01",
        "fiscalYearEnd": "12-31",
        "taxId": null,
        "address": null,
        "city": null,
        "state": null,
        "country": null,
        "postalCode": null,
        "phone": null,
        "email": null,
        "website": null,
        "industry": null,
        "subIndustry": null,
        "employeeCount": null,
        "foundedYear": null,
        "annualRevenue": null,
        "businessType": null,
        "publiclyTraded": false,
        "stockSymbol": null,
        "currency": "USD",
        "timezone": "UTC",
        "dataCollectionConsent": false,
        "lastAuditDate": null,
        "createdAt": "2025-03-27T19:56:23.202Z",
        "updatedAt": null
      },
      {
        "id": 102,
        "name": "LOL",
        "code": "LOL2",
        "ownerId": 1,
        "clientId": 1,
        "active": true,
        "fiscalYearStart": "01-01",
        "fiscalYearEnd": "12-31",
        "taxId": null,
        "address": null,
        "city": null,
        "state": null,
        "country": null,
        "postalCode": null,
        "phone": null,
        "email": null,
        "website": null,
        "industry": null,
        "subIndustry": null,
        "employeeCount": null,
        "foundedYear": null,
        "annualRevenue": null,
        "businessType": null,
        "publiclyTraded": false,
        "stockSymbol": null,
        "currency": "USD",
        "timezone": "UTC",
        "dataCollectionConsent": false,
        "lastAuditDate": null,
        "createdAt": "2025-03-27T19:58:40.580Z",
        "updatedAt": null
      },
      {
        "id": 118,
        "name": "rr4",
        "code": "rr3",
        "ownerId": 1,
        "clientId": 1,
        "active": true,
        "fiscalYearStart": "01-01",
        "fiscalYearEnd": "12-31",
        "taxId": null,
        "address": null,
        "city": null,
        "state": null,
        "country": null,
        "postalCode": null,
        "phone": null,
        "email": null,
        "website": null,
        "industry": "other",
        "subIndustry": null,
        "employeeCount": null,
        "foundedYear": null,
        "annualRevenue": null,
        "businessType": null,
        "publiclyTraded": false,
        "stockSymbol": null,
        "currency": "USD",
        "timezone": "UTC",
        "dataCollectionConsent": false,
        "lastAuditDate": null,
        "createdAt": "2025-03-27T21:03:57.955Z",
        "updatedAt": null
      },
      {
        "id": 103,
        "name": "Fail",
        "code": "Fail",
        "ownerId": 1,
        "clientId": 1,
        "active": true,
        "fiscalYearStart": "01-01",
        "fiscalYearEnd": "12-31",
        "taxId": null,
        "address": null,
        "city": null,
        "state": null,
        "country": null,
        "postalCode": null,
        "phone": null,
        "email": null,
        "website": null,
        "industry": "other",
        "subIndustry": null,
        "employeeCount": null,
        "foundedYear": null,
        "annualRevenue": null,
        "businessType": null,
        "publiclyTraded": false,
        "stockSymbol": null,
        "currency": "USD",
        "timezone": "UTC",
        "dataCollectionConsent": false,
        "lastAuditDate": null,
        "createdAt": "2025-03-27T20:04:31.541Z",
        "updatedAt": null
      },
      {
        "id": 104,
        "name": "Test 2",
        "code": "TEST",
        "ownerId": 1,
        "clientId": 1,
        "active": true,
        "fiscalYearStart": "01-01",
        "fiscalYearEnd": "12-31",
        "taxId": null,
        "address": null,
        "city": null,
        "state": null,
        "country": null,
        "postalCode": null,
        "phone": null,
        "email": null,
        "website": null,
        "industry": null,
        "subIndustry": null,
        "employeeCount": null,
        "foundedYear": null,
        "annualRevenue": null,
        "businessType": null,
        "publiclyTraded": false,
        "stockSymbol": null,
        "currency": "USD",
        "timezone": "UTC",
        "dataCollectionConsent": false,
        "lastAuditDate": null,
        "createdAt": "2025-03-27T20:06:32.884Z",
        "updatedAt": null
      },
      {
        "id": 105,
        "name": "leGAL",
        "code": "LEGAL",
        "ownerId": 1,
        "clientId": 1,
        "active": true,
        "fiscalYearStart": "01-01",
        "fiscalYearEnd": "12-31",
        "taxId": null,
        "address": null,
        "city": null,
        "state": null,
        "country": null,
        "postalCode": null,
        "phone": null,
        "email": null,
        "website": null,
        "industry": "",
        "subIndustry": null,
        "employeeCount": null,
        "foundedYear": null,
        "annualRevenue": null,
        "businessType": null,
        "publiclyTraded": false,
        "stockSymbol": null,
        "currency": "USD",
        "timezone": "UTC",
        "dataCollectionConsent": false,
        "lastAuditDate": null,
        "createdAt": "2025-03-27T20:12:18.585Z",
        "updatedAt": null
      },
      {
        "id": 106,
        "name": "leGAL2",
        "code": "lEGAL2",
        "ownerId": 1,
        "clientId": 1,
        "active": true,
        "fiscalYearStart": "01-01",
        "fiscalYearEnd": "12-31",
        "taxId": null,
        "address": null,
        "city": null,
        "state": null,
        "country": null,
        "postalCode": null,
        "phone": null,
        "email": null,
        "website": null,
        "industry": null,
        "subIndustry": null,
        "employeeCount": null,
        "foundedYear": null,
        "annualRevenue": null,
        "businessType": null,
        "publiclyTraded": false,
        "stockSymbol": null,
        "currency": "USD",
        "timezone": "UTC",
        "dataCollectionConsent": false,
        "lastAuditDate": null,
        "createdAt": "2025-03-27T20:12:40.762Z",
        "updatedAt": null
      },
      {
        "id": 107,
        "name": "Pep",
        "code": "342",
        "ownerId": 1,
        "clientId": 1,
        "active": true,
        "fiscalYearStart": "01-01",
        "fiscalYearEnd": "12-31",
        "taxId": null,
        "address": null,
        "city": null,
        "state": null,
        "country": null,
        "postalCode": null,
        "phone": null,
        "email": null,
        "website": null,
        "industry": null,
        "subIndustry": null,
        "employeeCount": null,
        "foundedYear": null,
        "annualRevenue": null,
        "businessType": null,
        "publiclyTraded": false,
        "stockSymbol": null,
        "currency": "USD",
        "timezone": "UTC",
        "dataCollectionConsent": false,
        "lastAuditDate": null,
        "createdAt": "2025-03-27T20:28:42.846Z",
        "updatedAt": null
      },
      {
        "id": 108,
        "name": "Pep2",
        "code": "Pep2",
        "ownerId": 1,
        "clientId": 1,
        "active": true,
        "fiscalYearStart": "01-01",
        "fiscalYearEnd": "12-31",
        "taxId": null,
        "address": null,
        "city": null,
        "state": null,
        "country": null,
        "postalCode": null,
        "phone": null,
        "email": null,
        "website": null,
        "industry": "construction",
        "subIndustry": null,
        "employeeCount": null,
        "foundedYear": null,
        "annualRevenue": null,
        "businessType": null,
        "publiclyTraded": false,
        "stockSymbol": null,
        "currency": "USD",
        "timezone": "UTC",
        "dataCollectionConsent": false,
        "lastAuditDate": null,
        "createdAt": "2025-03-27T20:29:03.985Z",
        "updatedAt": null
      },
      {
        "id": 110,
        "name": "Hello",
        "code": "Hello",
        "ownerId": 1,
        "clientId": 1,
        "active": true,
        "fiscalYearStart": "01-01",
        "fiscalYearEnd": "12-31",
        "taxId": null,
        "address": null,
        "city": null,
        "state": null,
        "country": null,
        "postalCode": null,
        "phone": null,
        "email": null,
        "website": null,
        "industry": "other",
        "subIndustry": null,
        "employeeCount": null,
        "foundedYear": null,
        "annualRevenue": null,
        "businessType": null,
        "publiclyTraded": false,
        "stockSymbol": null,
        "currency": "USD",
        "timezone": "UTC",
        "dataCollectionConsent": false,
        "lastAuditDate": null,
        "createdAt": "2025-03-27T20:45:35.884Z",
        "updatedAt": null
      },
      {
        "id": 109,
        "name": "client",
        "code": "234",
        "ownerId": 1,
        "clientId": 1,
        "active": true,
        "fiscalYearStart": "01-01",
        "fiscalYearEnd": "12-31",
        "taxId": null,
        "address": null,
        "city": null,
        "state": null,
        "country": null,
        "postalCode": null,
        "phone": null,
        "email": null,
        "website": null,
        "industry": "other",
        "subIndustry": null,
        "employeeCount": null,
        "foundedYear": null,
        "annualRevenue": null,
        "businessType": null,
        "publiclyTraded": false,
        "stockSymbol": null,
        "currency": "USD",
        "timezone": "UTC",
        "dataCollectionConsent": false,
        "lastAuditDate": null,
        "createdAt": "2025-03-27T20:45:13.491Z",
        "updatedAt": null
      },
      {
        "id": 111,
        "name": "Hello",
        "code": "Hellp",
        "ownerId": 1,
        "clientId": 1,
        "active": true,
        "fiscalYearStart": "01-01",
        "fiscalYearEnd": "12-31",
        "taxId": null,
        "address": null,
        "city": null,
        "state": null,
        "country": null,
        "postalCode": null,
        "phone": null,
        "email": null,
        "website": null,
        "industry": null,
        "subIndustry": null,
        "employeeCount": null,
        "foundedYear": null,
        "annualRevenue": null,
        "businessType": null,
        "publiclyTraded": false,
        "stockSymbol": null,
        "currency": "USD",
        "timezone": "UTC",
        "dataCollectionConsent": false,
        "lastAuditDate": null,
        "createdAt": "2025-03-27T20:46:31.719Z",
        "updatedAt": null
      },
      {
        "id": 112,
        "name": "FE",
        "code": "EE",
        "ownerId": 1,
        "clientId": 1,
        "active": true,
        "fiscalYearStart": "01-01",
        "fiscalYearEnd": "12-31",
        "taxId": null,
        "address": null,
        "city": null,
        "state": null,
        "country": null,
        "postalCode": null,
        "phone": null,
        "email": null,
        "website": null,
        "industry": null,
        "subIndustry": null,
        "employeeCount": null,
        "foundedYear": null,
        "annualRevenue": null,
        "businessType": null,
        "publiclyTraded": false,
        "stockSymbol": null,
        "currency": "USD",
        "timezone": "UTC",
        "dataCollectionConsent": false,
        "lastAuditDate": null,
        "createdAt": "2025-03-27T20:46:51.486Z",
        "updatedAt": null
      },
      {
        "id": 113,
        "name": "FF",
        "code": "FF",
        "ownerId": 1,
        "clientId": 1,
        "active": true,
        "fiscalYearStart": "01-01",
        "fiscalYearEnd": "12-31",
        "taxId": null,
        "address": null,
        "city": null,
        "state": null,
        "country": null,
        "postalCode": null,
        "phone": null,
        "email": null,
        "website": null,
        "industry": null,
        "subIndustry": null,
        "employeeCount": null,
        "foundedYear": null,
        "annualRevenue": null,
        "businessType": null,
        "publiclyTraded": false,
        "stockSymbol": null,
        "currency": "USD",
        "timezone": "UTC",
        "dataCollectionConsent": false,
        "lastAuditDate": null,
        "createdAt": "2025-03-27T20:47:35.488Z",
        "updatedAt": null
      },
      {
        "id": 115,
        "name": "12222",
        "code": "2222",
        "ownerId": 1,
        "clientId": 1,
        "active": true,
        "fiscalYearStart": "01-01",
        "fiscalYearEnd": "12-31",
        "taxId": null,
        "address": null,
        "city": null,
        "state": null,
        "country": null,
        "postalCode": null,
        "phone": null,
        "email": null,
        "website": null,
        "industry": null,
        "subIndustry": null,
        "employeeCount": null,
        "foundedYear": null,
        "annualRevenue": null,
        "businessType": null,
        "publiclyTraded": false,
        "stockSymbol": null,
        "currency": "USD",
        "timezone": "UTC",
        "dataCollectionConsent": false,
        "lastAuditDate": null,
        "createdAt": "2025-03-27T20:54:27.840Z",
        "updatedAt": null
      },
      {
        "id": 116,
        "name": "12",
        "code": "22",
        "ownerId": 1,
        "clientId": 1,
        "active": true,
        "fiscalYearStart": "01-01",
        "fiscalYearEnd": "12-31",
        "taxId": null,
        "address": null,
        "city": null,
        "state": null,
        "country": null,
        "postalCode": null,
        "phone": null,
        "email": null,
        "website": null,
        "industry": null,
        "subIndustry": null,
        "employeeCount": null,
        "foundedYear": null,
        "annualRevenue": null,
        "businessType": null,
        "publiclyTraded": false,
        "stockSymbol": null,
        "currency": "USD",
        "timezone": "UTC",
        "dataCollectionConsent": false,
        "lastAuditDate": null,
        "createdAt": "2025-03-27T20:54:42.707Z",
        "updatedAt": null
      },
      {
        "id": 117,
        "name": "rr",
        "code": "rr",
        "ownerId": 1,
        "clientId": 1,
        "active": true,
        "fiscalYearStart": "01-01",
        "fiscalYearEnd": "12-31",
        "taxId": null,
        "address": null,
        "city": null,
        "state": null,
        "country": null,
        "postalCode": null,
        "phone": null,
        "email": null,
        "website": null,
        "industry": null,
        "subIndustry": null,
        "employeeCount": null,
        "foundedYear": null,
        "annualRevenue": null,
        "businessType": null,
        "publiclyTraded": false,
        "stockSymbol": null,
        "currency": "USD",
        "timezone": "UTC",
        "dataCollectionConsent": false,
        "lastAuditDate": null,
        "createdAt": "2025-03-27T21:00:37.038Z",
        "updatedAt": null
      },
      {
        "id": 119,
        "name": "rr",
        "code": "44",
        "ownerId": 1,
        "clientId": 1,
        "active": true,
        "fiscalYearStart": "01-01",
        "fiscalYearEnd": "12-31",
        "taxId": null,
        "address": null,
        "city": null,
        "state": null,
        "country": null,
        "postalCode": null,
        "phone": null,
        "email": null,
        "website": null,
        "industry": null,
        "subIndustry": null,
        "employeeCount": null,
        "foundedYear": null,
        "annualRevenue": null,
        "businessType": null,
        "publiclyTraded": false,
        "stockSymbol": null,
        "currency": "USD",
        "timezone": "UTC",
        "dataCollectionConsent": false,
        "lastAuditDate": null,
        "createdAt": "2025-03-27T21:04:21.687Z",
        "updatedAt": null
      },
      {
        "id": 120,
        "name": "34",
        "code": "32",
        "ownerId": 1,
        "clientId": 1,
        "active": true,
        "fiscalYearStart": "01-01",
        "fiscalYearEnd": "12-31",
        "taxId": null,
        "address": null,
        "city": null,
        "state": null,
        "country": null,
        "postalCode": null,
        "phone": null,
        "email": null,
        "website": null,
        "industry": null,
        "subIndustry": null,
        "employeeCount": null,
        "foundedYear": null,
        "annualRevenue": null,
        "businessType": null,
        "publiclyTraded": false,
        "stockSymbol": null,
        "currency": "USD",
        "timezone": "UTC",
        "dataCollectionConsent": false,
        "lastAuditDate": null,
        "createdAt": "2025-03-27T21:06:31.867Z",
        "updatedAt": null
      },
      {
        "id": 122,
        "name": "IOU",
        "code": "IOU",
        "ownerId": 1,
        "clientId": 2,
        "active": true,
        "fiscalYearStart": "01-01",
        "fiscalYearEnd": "12-31",
        "taxId": "",
        "address": null,
        "city": null,
        "state": null,
        "country": null,
        "postalCode": null,
        "phone": null,
        "email": null,
        "website": null,
        "industry": null,
        "subIndustry": null,
        "employeeCount": null,
        "foundedYear": null,
        "annualRevenue": null,
        "businessType": null,
        "publiclyTraded": false,
        "stockSymbol": null,
        "currency": "USD",
        "timezone": "UTC",
        "dataCollectionConsent": false,
        "lastAuditDate": null,
        "createdAt": "2025-03-27T22:34:44.046Z",
        "updatedAt": null
      },
      {
        "id": 121,
        "name": "455",
        "code": "455",
        "ownerId": 1,
        "clientId": 1,
        "active": true,
        "fiscalYearStart": "01-01",
        "fiscalYearEnd": "12-31",
        "taxId": null,
        "address": null,
        "city": null,
        "state": null,
        "country": null,
        "postalCode": null,
        "phone": null,
        "email": null,
        "website": null,
        "industry": "other",
        "subIndustry": null,
        "employeeCount": null,
        "foundedYear": null,
        "annualRevenue": null,
        "businessType": null,
        "publiclyTraded": false,
        "stockSymbol": null,
        "currency": "USD",
        "timezone": "UTC",
        "dataCollectionConsent": false,
        "lastAuditDate": null,
        "createdAt": "2025-03-27T21:11:30.844Z",
        "updatedAt": null
      },
      {
        "id": 123,
        "name": "IOU2",
        "code": "IOU2",
        "ownerId": 1,
        "clientId": 2,
        "active": true,
        "fiscalYearStart": "01-01",
        "fiscalYearEnd": "12-31",
        "taxId": "",
        "address": null,
        "city": null,
        "state": null,
        "country": null,
        "postalCode": null,
        "phone": null,
        "email": null,
        "website": null,
        "industry": null,
        "subIndustry": null,
        "employeeCount": null,
        "foundedYear": null,
        "annualRevenue": null,
        "businessType": null,
        "publiclyTraded": false,
        "stockSymbol": null,
        "currency": "USD",
        "timezone": "UTC",
        "dataCollectionConsent": false,
        "lastAuditDate": null,
        "createdAt": "2025-03-27T22:34:44.051Z",
        "updatedAt": null
      },
      {
        "id": 124,
        "name": "ty",
        "code": "ty",
        "ownerId": 1,
        "clientId": 2,
        "active": true,
        "fiscalYearStart": "01-01",
        "fiscalYearEnd": "12-31",
        "taxId": "",
        "address": null,
        "city": null,
        "state": null,
        "country": null,
        "postalCode": null,
        "phone": null,
        "email": null,
        "website": null,
        "industry": null,
        "subIndustry": null,
        "employeeCount": null,
        "foundedYear": null,
        "annualRevenue": null,
        "businessType": null,
        "publiclyTraded": false,
        "stockSymbol": null,
        "currency": "USD",
        "timezone": "UTC",
        "dataCollectionConsent": false,
        "lastAuditDate": null,
        "createdAt": "2025-03-27T22:52:11.634Z",
        "updatedAt": null
      },
      {
        "id": 125,
        "name": "ty2",
        "code": "ty2",
        "ownerId": 1,
        "clientId": 2,
        "active": true,
        "fiscalYearStart": "01-01",
        "fiscalYearEnd": "12-31",
        "taxId": "",
        "address": null,
        "city": null,
        "state": null,
        "country": null,
        "postalCode": null,
        "phone": null,
        "email": null,
        "website": null,
        "industry": null,
        "subIndustry": null,
        "employeeCount": null,
        "foundedYear": null,
        "annualRevenue": null,
        "businessType": null,
        "publiclyTraded": false,
        "stockSymbol": null,
        "currency": "USD",
        "timezone": "UTC",
        "dataCollectionConsent": false,
        "lastAuditDate": null,
        "createdAt": "2025-03-27T22:52:13.708Z",
        "updatedAt": null
      },
      {
        "id": 126,
        "name": "Test Entity 1",
        "code": "TENT1",
        "ownerId": 1,
        "clientId": 2,
        "active": true,
        "fiscalYearStart": "01-01",
        "fiscalYearEnd": "12-31",
        "taxId": "98-7654321",
        "address": "123 Entity St, Entityville, EN 54321",
        "city": null,
        "state": null,
        "country": null,
        "postalCode": null,
        "phone": "555-987-6543",
        "email": "entity1@example.com",
        "website": null,
        "industry": null,
        "subIndustry": null,
        "employeeCount": null,
        "foundedYear": null,
        "annualRevenue": null,
        "businessType": null,
        "publiclyTraded": false,
        "stockSymbol": null,
        "currency": "USD",
        "timezone": "UTC",
        "dataCollectionConsent": false,
        "lastAuditDate": null,
        "createdAt": "2025-03-28T00:40:29.012Z",
        "updatedAt": null
      },
      {
        "id": 127,
        "name": "Test Entity 2",
        "code": "TENT2",
        "ownerId": 1,
        "clientId": 2,
        "active": true,
        "fiscalYearStart": "01-01",
        "fiscalYearEnd": "12-31",
        "taxId": "45-6789123",
        "address": "456 Corp Ave, Corpville, CV 98765",
        "city": null,
        "state": null,
        "country": null,
        "postalCode": null,
        "phone": "555-456-7890",
        "email": "entity2@example.com",
        "website": null,
        "industry": null,
        "subIndustry": null,
        "employeeCount": null,
        "foundedYear": null,
        "annualRevenue": null,
        "businessType": null,
        "publiclyTraded": false,
        "stockSymbol": null,
        "currency": "USD",
        "timezone": "UTC",
        "dataCollectionConsent": false,
        "lastAuditDate": null,
        "createdAt": "2025-03-28T00:40:29.095Z",
        "updatedAt": null
      },
      {
        "id": 128,
        "name": "Test Entity 1",
        "code": "TENT1",
        "ownerId": 1,
        "clientId": 2,
        "active": true,
        "fiscalYearStart": "01-01",
        "fiscalYearEnd": "12-31",
        "taxId": "98-7654321",
        "address": "123 Entity St, Entityville, EN 54321",
        "city": null,
        "state": null,
        "country": null,
        "postalCode": null,
        "phone": "555-987-6543",
        "email": "entity1@example.com",
        "website": null,
        "industry": null,
        "subIndustry": null,
        "employeeCount": null,
        "foundedYear": null,
        "annualRevenue": null,
        "businessType": null,
        "publiclyTraded": false,
        "stockSymbol": null,
        "currency": "USD",
        "timezone": "UTC",
        "dataCollectionConsent": false,
        "lastAuditDate": null,
        "createdAt": "2025-03-28T00:41:14.517Z",
        "updatedAt": null
      },
      {
        "id": 129,
        "name": "Test Entity 2",
        "code": "TENT2",
        "ownerId": 1,
        "clientId": 2,
        "active": true,
        "fiscalYearStart": "01-01",
        "fiscalYearEnd": "12-31",
        "taxId": "45-6789123",
        "address": "456 Corp Ave, Corpville, CV 98765",
        "city": null,
        "state": null,
        "country": null,
        "postalCode": null,
        "phone": "555-456-7890",
        "email": "entity2@example.com",
        "website": null,
        "industry": null,
        "subIndustry": null,
        "employeeCount": null,
        "foundedYear": null,
        "annualRevenue": null,
        "businessType": null,
        "publiclyTraded": false,
        "stockSymbol": null,
        "currency": "USD",
        "timezone": "UTC",
        "dataCollectionConsent": false,
        "lastAuditDate": null,
        "createdAt": "2025-03-28T00:41:14.518Z",
        "updatedAt": null
      },
      {
        "id": 130,
        "name": "OK",
        "code": "OK",
        "ownerId": 1,
        "clientId": 2,
        "active": true,
        "fiscalYearStart": "01-01",
        "fiscalYearEnd": "12-31",
        "taxId": "",
        "address": null,
        "city": null,
        "state": null,
        "country": null,
        "postalCode": null,
        "phone": null,
        "email": null,
        "website": null,
        "industry": null,
        "subIndustry": null,
        "employeeCount": null,
        "foundedYear": null,
        "annualRevenue": null,
        "businessType": null,
        "publiclyTraded": false,
        "stockSymbol": null,
        "currency": "USD",
        "timezone": "UTC",
        "dataCollectionConsent": false,
        "lastAuditDate": null,
        "createdAt": "2025-03-28T00:46:43.477Z",
        "updatedAt": null
      },
      {
        "id": 131,
        "name": "OK2",
        "code": "OK2",
        "ownerId": 1,
        "clientId": 2,
        "active": true,
        "fiscalYearStart": "01-01",
        "fiscalYearEnd": "12-31",
        "taxId": "",
        "address": null,
        "city": null,
        "state": null,
        "country": null,
        "postalCode": null,
        "phone": null,
        "email": null,
        "website": null,
        "industry": null,
        "subIndustry": null,
        "employeeCount": null,
        "foundedYear": null,
        "annualRevenue": null,
        "businessType": null,
        "publiclyTraded": false,
        "stockSymbol": null,
        "currency": "USD",
        "timezone": "UTC",
        "dataCollectionConsent": false,
        "lastAuditDate": null,
        "createdAt": "2025-03-28T00:46:43.605Z",
        "updatedAt": null
      },
      {
        "id": 132,
        "name": "Test Entity 1",
        "code": "TENT1",
        "ownerId": 1,
        "clientId": 4,
        "active": true,
        "fiscalYearStart": "01-01",
        "fiscalYearEnd": "12-31",
        "taxId": "98-7654321",
        "address": "123 Entity St, Entityville, EN 54321",
        "city": null,
        "state": null,
        "country": null,
        "postalCode": null,
        "phone": "555-987-6543",
        "email": "entity1@example.com",
        "website": null,
        "industry": null,
        "subIndustry": null,
        "employeeCount": null,
        "foundedYear": null,
        "annualRevenue": null,
        "businessType": null,
        "publiclyTraded": false,
        "stockSymbol": null,
        "currency": "USD",
        "timezone": "UTC",
        "dataCollectionConsent": false,
        "lastAuditDate": null,
        "createdAt": "2025-03-28T00:53:57.621Z",
        "updatedAt": null
      },
      {
        "id": 133,
        "name": "Test Entity 2",
        "code": "TENT2",
        "ownerId": 1,
        "clientId": 4,
        "active": true,
        "fiscalYearStart": "01-01",
        "fiscalYearEnd": "12-31",
        "taxId": "45-6789123",
        "address": "456 Corp Ave, Corpville, CV 98765",
        "city": null,
        "state": null,
        "country": null,
        "postalCode": null,
        "phone": "555-456-7890",
        "email": "entity2@example.com",
        "website": null,
        "industry": null,
        "subIndustry": null,
        "employeeCount": null,
        "foundedYear": null,
        "annualRevenue": null,
        "businessType": null,
        "publiclyTraded": false,
        "stockSymbol": null,
        "currency": "USD",
        "timezone": "UTC",
        "dataCollectionConsent": false,
        "lastAuditDate": null,
        "createdAt": "2025-03-28T00:53:57.703Z",
        "updatedAt": null
      },
      {
        "id": 134,
        "name": "Second Test Entity",
        "code": "STE1",
        "ownerId": 1,
        "clientId": 5,
        "active": true,
        "fiscalYearStart": "01-01",
        "fiscalYearEnd": "12-31",
        "taxId": "11-2233445",
        "address": "789 Entity Lane, Tech City, TC 54321",
        "city": null,
        "state": null,
        "country": null,
        "postalCode": null,
        "phone": "555-111-2222",
        "email": "entity@techexample.com",
        "website": null,
        "industry": null,
        "subIndustry": null,
        "employeeCount": null,
        "foundedYear": null,
        "annualRevenue": null,
        "businessType": null,
        "publiclyTraded": false,
        "stockSymbol": null,
        "currency": "USD",
        "timezone": "UTC",
        "dataCollectionConsent": false,
        "lastAuditDate": null,
        "createdAt": "2025-03-28T00:55:07.271Z",
        "updatedAt": null
      },
      {
        "id": 135,
        "name": "Test Entity 1",
        "code": "TENT1",
        "ownerId": 1,
        "clientId": 6,
        "active": true,
        "fiscalYearStart": "01-01",
        "fiscalYearEnd": "12-31",
        "taxId": "98-7654321",
        "address": "123 Entity St, Entityville, EN 54321",
        "city": null,
        "state": null,
        "country": null,
        "postalCode": null,
        "phone": "555-987-6543",
        "email": "entity1@example.com",
        "website": null,
        "industry": null,
        "subIndustry": null,
        "employeeCount": null,
        "foundedYear": null,
        "annualRevenue": null,
        "businessType": null,
        "publiclyTraded": false,
        "stockSymbol": null,
        "currency": "USD",
        "timezone": "UTC",
        "dataCollectionConsent": false,
        "lastAuditDate": null,
        "createdAt": "2025-03-28T00:55:15.841Z",
        "updatedAt": null
      },
      {
        "id": 136,
        "name": "Test Entity 2",
        "code": "TENT2",
        "ownerId": 1,
        "clientId": 6,
        "active": true,
        "fiscalYearStart": "01-01",
        "fiscalYearEnd": "12-31",
        "taxId": "45-6789123",
        "address": "456 Corp Ave, Corpville, CV 98765",
        "city": null,
        "state": null,
        "country": null,
        "postalCode": null,
        "phone": "555-456-7890",
        "email": "entity2@example.com",
        "website": null,
        "industry": null,
        "subIndustry": null,
        "employeeCount": null,
        "foundedYear": null,
        "annualRevenue": null,
        "businessType": null,
        "publiclyTraded": false,
        "stockSymbol": null,
        "currency": "USD",
        "timezone": "UTC",
        "dataCollectionConsent": false,
        "lastAuditDate": null,
        "createdAt": "2025-03-28T00:55:15.933Z",
        "updatedAt": null
      },
      {
        "id": 137,
        "name": "Pepper",
        "code": "PEP",
        "ownerId": 1,
        "clientId": 7,
        "active": true,
        "fiscalYearStart": "01-01",
        "fiscalYearEnd": "12-31",
        "taxId": "",
        "address": null,
        "city": null,
        "state": null,
        "country": null,
        "postalCode": null,
        "phone": null,
        "email": null,
        "website": null,
        "industry": null,
        "subIndustry": null,
        "employeeCount": null,
        "foundedYear": null,
        "annualRevenue": null,
        "businessType": null,
        "publiclyTraded": false,
        "stockSymbol": null,
        "currency": "USD",
        "timezone": "UTC",
        "dataCollectionConsent": false,
        "lastAuditDate": null,
        "createdAt": "2025-03-28T01:05:03.791Z",
        "updatedAt": null
      },
      {
        "id": 138,
        "name": "Pepper2",
        "code": "Pep2",
        "ownerId": 1,
        "clientId": 7,
        "active": true,
        "fiscalYearStart": "01-01",
        "fiscalYearEnd": "12-31",
        "taxId": "",
        "address": null,
        "city": null,
        "state": null,
        "country": null,
        "postalCode": null,
        "phone": null,
        "email": null,
        "website": null,
        "industry": null,
        "subIndustry": null,
        "employeeCount": null,
        "foundedYear": null,
        "annualRevenue": null,
        "businessType": null,
        "publiclyTraded": false,
        "stockSymbol": null,
        "currency": "USD",
        "timezone": "UTC",
        "dataCollectionConsent": false,
        "lastAuditDate": null,
        "createdAt": "2025-03-28T01:05:03.873Z",
        "updatedAt": null
      },
      {
        "id": 139,
        "name": "Updated Entity Name",
        "code": "TES123",
        "ownerId": 1,
        "clientId": 8,
        "active": true,
        "fiscalYearStart": "01-01",
        "fiscalYearEnd": "12-31",
        "taxId": null,
        "address": null,
        "city": null,
        "state": null,
        "country": null,
        "postalCode": null,
        "phone": null,
        "email": null,
        "website": null,
        "industry": "accounting",
        "subIndustry": null,
        "employeeCount": null,
        "foundedYear": null,
        "annualRevenue": null,
        "businessType": null,
        "publiclyTraded": false,
        "stockSymbol": null,
        "currency": "USD",
        "timezone": "UTC",
        "dataCollectionConsent": false,
        "lastAuditDate": null,
        "createdAt": "2025-03-28T01:18:02.633Z",
        "updatedAt": "2025-03-28T01:18:07.590Z"
      },
      {
        "id": 140,
        "name": "Updated Entity Name",
        "code": "ORG123",
        "ownerId": 1,
        "clientId": 9,
        "active": true,
        "fiscalYearStart": "01-01",
        "fiscalYearEnd": "12-31",
        "taxId": null,
        "address": null,
        "city": null,
        "state": null,
        "country": null,
        "postalCode": null,
        "phone": null,
        "email": null,
        "website": null,
        "industry": "tech",
        "subIndustry": null,
        "employeeCount": null,
        "foundedYear": null,
        "annualRevenue": null,
        "businessType": null,
        "publiclyTraded": false,
        "stockSymbol": null,
        "currency": "USD",
        "timezone": "UTC",
        "dataCollectionConsent": false,
        "lastAuditDate": null,
        "createdAt": "2025-03-28T01:33:17.657Z",
        "updatedAt": "2025-03-28T01:33:46.601Z"
      },
      {
        "id": 141,
        "name": "Updated Entity Name",
        "code": "ORG123",
        "ownerId": 1,
        "clientId": 10,
        "active": true,
        "fiscalYearStart": "01-01",
        "fiscalYearEnd": "12-31",
        "taxId": null,
        "address": "123 Entity St",
        "city": null,
        "state": null,
        "country": null,
        "postalCode": null,
        "phone": "555-987-6543",
        "email": "entity@example.com",
        "website": null,
        "industry": "tech",
        "subIndustry": null,
        "employeeCount": null,
        "foundedYear": null,
        "annualRevenue": null,
        "businessType": null,
        "publiclyTraded": false,
        "stockSymbol": null,
        "currency": "USD",
        "timezone": "UTC",
        "dataCollectionConsent": false,
        "lastAuditDate": null,
        "createdAt": "2025-03-28T01:35:51.637Z",
        "updatedAt": "2025-03-28T01:35:51.733Z"
      },
      {
        "id": 142,
        "name": "Updated Entity Name",
        "code": "ORG123",
        "ownerId": 1,
        "clientId": 11,
        "active": true,
        "fiscalYearStart": "01-01",
        "fiscalYearEnd": "12-31",
        "taxId": null,
        "address": "123 Entity St",
        "city": null,
        "state": null,
        "country": null,
        "postalCode": null,
        "phone": "555-987-6543",
        "email": "entity@example.com",
        "website": null,
        "industry": "tech",
        "subIndustry": null,
        "employeeCount": null,
        "foundedYear": null,
        "annualRevenue": null,
        "businessType": null,
        "publiclyTraded": false,
        "stockSymbol": null,
        "currency": "USD",
        "timezone": "UTC",
        "dataCollectionConsent": false,
        "lastAuditDate": null,
        "createdAt": "2025-03-28T01:36:38.782Z",
        "updatedAt": "2025-03-28T01:36:38.862Z"
      },
      {
        "id": 143,
        "name": "Updated Entity Name",
        "code": "ORG123",
        "ownerId": 1,
        "clientId": 12,
        "active": true,
        "fiscalYearStart": "01-01",
        "fiscalYearEnd": "12-31",
        "taxId": null,
        "address": "123 Entity St",
        "city": null,
        "state": null,
        "country": null,
        "postalCode": null,
        "phone": "555-987-6543",
        "email": "entity@example.com",
        "website": null,
        "industry": "tech",
        "subIndustry": null,
        "employeeCount": null,
        "foundedYear": null,
        "annualRevenue": null,
        "businessType": null,
        "publiclyTraded": false,
        "stockSymbol": null,
        "currency": "USD",
        "timezone": "UTC",
        "dataCollectionConsent": false,
        "lastAuditDate": null,
        "createdAt": "2025-03-28T01:37:02.572Z",
        "updatedAt": "2025-03-28T01:37:02.653Z"
      },
      {
        "id": 144,
        "name": "Updated Entity Name",
        "code": "ORG123",
        "ownerId": 1,
        "clientId": 13,
        "active": true,
        "fiscalYearStart": "01-01",
        "fiscalYearEnd": "12-31",
        "taxId": null,
        "address": "123 Entity St",
        "city": null,
        "state": null,
        "country": null,
        "postalCode": null,
        "phone": "555-987-6543",
        "email": "entity@example.com",
        "website": null,
        "industry": "tech",
        "subIndustry": null,
        "employeeCount": null,
        "foundedYear": null,
        "annualRevenue": null,
        "businessType": null,
        "publiclyTraded": false,
        "stockSymbol": null,
        "currency": "USD",
        "timezone": "UTC",
        "dataCollectionConsent": false,
        "lastAuditDate": null,
        "createdAt": "2025-03-28T01:38:47.665Z",
        "updatedAt": "2025-03-28T01:38:47.760Z"
      },
      {
        "id": 145,
        "name": "Updated Entity Name",
        "code": "ORG123",
        "ownerId": 1,
        "clientId": 14,
        "active": true,
        "fiscalYearStart": "01-01",
        "fiscalYearEnd": "12-31",
        "taxId": null,
        "address": "123 Entity St",
        "city": null,
        "state": null,
        "country": null,
        "postalCode": null,
        "phone": "555-987-6543",
        "email": "entity@example.com",
        "website": null,
        "industry": "tech",
        "subIndustry": null,
        "employeeCount": null,
        "foundedYear": null,
        "annualRevenue": null,
        "businessType": null,
        "publiclyTraded": false,
        "stockSymbol": null,
        "currency": "USD",
        "timezone": "UTC",
        "dataCollectionConsent": false,
        "lastAuditDate": null,
        "createdAt": "2025-03-28T01:39:22.604Z",
        "updatedAt": "2025-03-28T01:39:22.683Z"
      },
      {
        "id": 146,
        "name": "Updated Entity Name",
        "code": "ORG123",
        "ownerId": 1,
        "clientId": 15,
        "active": true,
        "fiscalYearStart": "01-01",
        "fiscalYearEnd": "12-31",
        "taxId": null,
        "address": "123 Entity St",
        "city": null,
        "state": null,
        "country": null,
        "postalCode": null,
        "phone": "555-987-6543",
        "email": "entity@example.com",
        "website": null,
        "industry": "tech",
        "subIndustry": null,
        "employeeCount": null,
        "foundedYear": null,
        "annualRevenue": null,
        "businessType": null,
        "publiclyTraded": false,
        "stockSymbol": null,
        "currency": "USD",
        "timezone": "UTC",
        "dataCollectionConsent": false,
        "lastAuditDate": null,
        "createdAt": "2025-03-28T01:43:26.104Z",
        "updatedAt": "2025-03-28T01:43:26.196Z"
      },
      {
        "id": 147,
        "name": "Updated Entity Name",
        "code": "ORG123",
        "ownerId": 1,
        "clientId": 16,
        "active": true,
        "fiscalYearStart": "01-01",
        "fiscalYearEnd": "12-31",
        "taxId": null,
        "address": "123 Entity St",
        "city": null,
        "state": null,
        "country": null,
        "postalCode": null,
        "phone": "555-987-6543",
        "email": "entity@example.com",
        "website": null,
        "industry": "tech",
        "subIndustry": null,
        "employeeCount": null,
        "foundedYear": null,
        "annualRevenue": null,
        "businessType": null,
        "publiclyTraded": false,
        "stockSymbol": null,
        "currency": "USD",
        "timezone": "UTC",
        "dataCollectionConsent": false,
        "lastAuditDate": null,
        "createdAt": "2025-03-28T01:49:10.649Z",
        "updatedAt": "2025-03-28T01:49:10.742Z"
      },
      {
        "id": 148,
        "name": "Updated Entity Name UI Test",
        "code": "UI123",
        "ownerId": 1,
        "clientId": 17,
        "active": true,
        "fiscalYearStart": "01-01",
        "fiscalYearEnd": "12-31",
        "taxId": null,
        "address": "123 Entity St",
        "city": null,
        "state": null,
        "country": null,
        "postalCode": null,
        "phone": "555-987-6543",
        "email": "entity-ui@example.com",
        "website": null,
        "industry": "healthcare",
        "subIndustry": null,
        "employeeCount": null,
        "foundedYear": null,
        "annualRevenue": null,
        "businessType": null,
        "publiclyTraded": false,
        "stockSymbol": null,
        "currency": "USD",
        "timezone": "UTC",
        "dataCollectionConsent": false,
        "lastAuditDate": null,
        "createdAt": "2025-03-28T01:54:51.361Z",
        "updatedAt": "2025-03-28T01:54:51.453Z"
      },
      {
        "id": 152,
        "name": "Test Case 2 - Numeric Value",
        "code": "BE961",
        "ownerId": 1,
        "clientId": 21,
        "active": true,
        "fiscalYearStart": "01-01",
        "fiscalYearEnd": "12-31",
        "taxId": "12-3456789",
        "address": "123 Test Street",
        "city": null,
        "state": null,
        "country": null,
        "postalCode": null,
        "phone": "555-987-6543",
        "email": "entity@example.com",
        "website": null,
        "industry": "123",
        "subIndustry": null,
        "employeeCount": null,
        "foundedYear": null,
        "annualRevenue": null,
        "businessType": null,
        "publiclyTraded": false,
        "stockSymbol": null,
        "currency": "USD",
        "timezone": "UTC",
        "dataCollectionConsent": false,
        "lastAuditDate": null,
        "createdAt": "2025-03-28T02:26:36.078Z",
        "updatedAt": "2025-03-28T02:26:36.264Z"
      },
      {
        "id": 149,
        "name": "Test Entity 1743127439 (Final)",
        "code": "TE222",
        "ownerId": 1,
        "clientId": 18,
        "active": true,
        "fiscalYearStart": "01-01",
        "fiscalYearEnd": "12-31",
        "taxId": "12-3456789",
        "address": "123 Test Street",
        "city": null,
        "state": null,
        "country": null,
        "postalCode": null,
        "phone": "555-987-6543",
        "email": "entity@example.com",
        "website": null,
        "industry": "other",
        "subIndustry": null,
        "employeeCount": null,
        "foundedYear": null,
        "annualRevenue": null,
        "businessType": null,
        "publiclyTraded": false,
        "stockSymbol": null,
        "currency": "USD",
        "timezone": "UTC",
        "dataCollectionConsent": false,
        "lastAuditDate": null,
        "createdAt": "2025-03-28T02:03:59.744Z",
        "updatedAt": "2025-03-28T02:04:47.920Z"
      },
      {
        "id": 153,
        "name": "Test Entity Base 1743128995 (Updated)",
        "code": "TE123",
        "ownerId": 1,
        "clientId": 22,
        "active": true,
        "fiscalYearStart": "01-01",
        "fiscalYearEnd": "12-31",
        "taxId": "12-3456789",
        "address": "123 Test Street",
        "city": null,
        "state": null,
        "country": null,
        "postalCode": null,
        "phone": "555-987-6543",
        "email": "entity@example.com",
        "website": null,
        "industry": "123",
        "subIndustry": null,
        "employeeCount": null,
        "foundedYear": null,
        "annualRevenue": null,
        "businessType": null,
        "publiclyTraded": false,
        "stockSymbol": null,
        "currency": "USD",
        "timezone": "UTC",
        "dataCollectionConsent": false,
        "lastAuditDate": null,
        "createdAt": "2025-03-28T02:29:55.520Z",
        "updatedAt": "2025-03-28T02:29:55.617Z"
      },
      {
        "id": 154,
        "name": "Test Entity ABC (Updated)",
        "code": "TES",
        "ownerId": 1,
        "clientId": 23,
        "active": true,
        "fiscalYearStart": "01-01",
        "fiscalYearEnd": "12-31",
        "taxId": "12-3456789",
        "address": null,
        "city": null,
        "state": null,
        "country": null,
        "postalCode": null,
        "phone": null,
        "email": null,
        "website": null,
        "industry": "123",
        "subIndustry": null,
        "employeeCount": null,
        "foundedYear": null,
        "annualRevenue": null,
        "businessType": null,
        "publiclyTraded": false,
        "stockSymbol": null,
        "currency": "USD",
        "timezone": "UTC",
        "dataCollectionConsent": false,
        "lastAuditDate": null,
        "createdAt": "2025-03-28T02:30:07.628Z",
        "updatedAt": "2025-03-28T02:30:07.718Z"
      },
      {
        "id": 150,
        "name": "Test Entity with Valid Industry",
        "code": "TE123",
        "ownerId": 1,
        "clientId": 19,
        "active": true,
        "fiscalYearStart": "01-01",
        "fiscalYearEnd": "12-31",
        "taxId": "12-3456789",
        "address": "123 Test Street",
        "city": null,
        "state": null,
        "country": null,
        "postalCode": null,
        "phone": "555-123-4567",
        "email": "entity@example.com",
        "website": null,
        "industry": "finance",
        "subIndustry": null,
        "employeeCount": null,
        "foundedYear": null,
        "annualRevenue": null,
        "businessType": null,
        "publiclyTraded": false,
        "stockSymbol": null,
        "currency": "USD",
        "timezone": "UTC",
        "dataCollectionConsent": false,
        "lastAuditDate": null,
        "createdAt": "2025-03-28T02:10:21.777Z",
        "updatedAt": "2025-03-28T02:10:47.398Z"
      },
      {
        "id": 151,
        "name": "Test Entity 1743128747 (Updated)",
        "code": "TE916",
        "ownerId": 1,
        "clientId": 20,
        "active": true,
        "fiscalYearStart": "01-01",
        "fiscalYearEnd": "12-31",
        "taxId": "12-3456789",
        "address": "123 Test Street",
        "city": null,
        "state": null,
        "country": null,
        "postalCode": null,
        "phone": "555-987-6543",
        "email": "entity@example.com",
        "website": null,
        "industry": "finance",
        "subIndustry": null,
        "employeeCount": null,
        "foundedYear": null,
        "annualRevenue": null,
        "businessType": null,
        "publiclyTraded": false,
        "stockSymbol": null,
        "currency": "USD",
        "timezone": "UTC",
        "dataCollectionConsent": false,
        "lastAuditDate": null,
        "createdAt": "2025-03-28T02:25:47.671Z",
        "updatedAt": "2025-03-28T02:25:47.819Z"
      },
      {
        "id": 162,
        "name": "Test Entity 1743130585558 (Updated)",
        "code": "TE619",
        "ownerId": 1,
        "clientId": 31,
        "active": true,
        "fiscalYearStart": "01-01",
        "fiscalYearEnd": "12-31",
        "taxId": "12-3456789",
        "address": "123 Test Street",
        "city": null,
        "state": null,
        "country": null,
        "postalCode": null,
        "phone": "555-987-6543",
        "email": "entity@example.com",
        "website": null,
        "industry": "123",
        "subIndustry": null,
        "employeeCount": null,
        "foundedYear": null,
        "annualRevenue": null,
        "businessType": null,
        "publiclyTraded": false,
        "stockSymbol": null,
        "currency": "USD",
        "timezone": "UTC",
        "dataCollectionConsent": false,
        "lastAuditDate": null,
        "createdAt": "2025-03-28T02:56:25.619Z",
        "updatedAt": "2025-03-28T02:56:25.731Z"
      },
      {
        "id": 155,
        "name": "Test Entity Setup Flow (Updated)",
        "code": "TEST",
        "ownerId": 1,
        "clientId": 24,
        "active": true,
        "fiscalYearStart": "01-01",
        "fiscalYearEnd": "12-31",
        "taxId": "12-3456789",
        "address": null,
        "city": null,
        "state": null,
        "country": null,
        "postalCode": null,
        "phone": null,
        "email": null,
        "website": null,
        "industry": "123",
        "subIndustry": null,
        "employeeCount": null,
        "foundedYear": null,
        "annualRevenue": null,
        "businessType": null,
        "publiclyTraded": false,
        "stockSymbol": null,
        "currency": "USD",
        "timezone": "UTC",
        "dataCollectionConsent": false,
        "lastAuditDate": null,
        "createdAt": "2025-03-28T02:34:04.283Z",
        "updatedAt": "2025-03-28T02:34:12.566Z"
      },
      {
        "id": 156,
        "name": "Test Entity 1743129772592 (Updated)",
        "code": "TEST",
        "ownerId": 1,
        "clientId": 25,
        "active": true,
        "fiscalYearStart": "01-01",
        "fiscalYearEnd": "12-31",
        "taxId": "12-3456789",
        "address": null,
        "city": null,
        "state": null,
        "country": null,
        "postalCode": null,
        "phone": null,
        "email": null,
        "website": null,
        "industry": "123",
        "subIndustry": null,
        "employeeCount": null,
        "foundedYear": null,
        "annualRevenue": null,
        "businessType": null,
        "publiclyTraded": false,
        "stockSymbol": null,
        "currency": "USD",
        "timezone": "UTC",
        "dataCollectionConsent": false,
        "lastAuditDate": null,
        "createdAt": "2025-03-28T02:42:52.656Z",
        "updatedAt": "2025-03-28T02:42:52.745Z"
      },
      {
        "id": 157,
        "name": "Test Entity 1743130227490 (Updated)",
        "code": "TE304",
        "ownerId": 1,
        "clientId": 26,
        "active": true,
        "fiscalYearStart": "01-01",
        "fiscalYearEnd": "12-31",
        "taxId": "12-3456789",
        "address": "123 Test Street",
        "city": null,
        "state": null,
        "country": null,
        "postalCode": null,
        "phone": "555-987-6543",
        "email": "entity@example.com",
        "website": null,
        "industry": "123",
        "subIndustry": null,
        "employeeCount": null,
        "foundedYear": null,
        "annualRevenue": null,
        "businessType": null,
        "publiclyTraded": false,
        "stockSymbol": null,
        "currency": "USD",
        "timezone": "UTC",
        "dataCollectionConsent": false,
        "lastAuditDate": null,
        "createdAt": "2025-03-28T02:50:27.555Z",
        "updatedAt": "2025-03-28T02:50:27.645Z"
      },
      {
        "id": 158,
        "name": "Test Entity 1743130234443 (Updated)",
        "code": "TE237",
        "ownerId": 1,
        "clientId": 27,
        "active": true,
        "fiscalYearStart": "01-01",
        "fiscalYearEnd": "12-31",
        "taxId": "12-3456789",
        "address": "123 Test Street",
        "city": null,
        "state": null,
        "country": null,
        "postalCode": null,
        "phone": "555-987-6543",
        "email": "entity@example.com",
        "website": null,
        "industry": "123",
        "subIndustry": null,
        "employeeCount": null,
        "foundedYear": null,
        "annualRevenue": null,
        "businessType": null,
        "publiclyTraded": false,
        "stockSymbol": null,
        "currency": "USD",
        "timezone": "UTC",
        "dataCollectionConsent": false,
        "lastAuditDate": null,
        "createdAt": "2025-03-28T02:50:34.506Z",
        "updatedAt": "2025-03-28T02:50:34.624Z"
      },
      {
        "id": 159,
        "name": "Test Entity 1743130403896 (Updated)",
        "code": "TE480",
        "ownerId": 1,
        "clientId": 28,
        "active": true,
        "fiscalYearStart": "01-01",
        "fiscalYearEnd": "12-31",
        "taxId": "12-3456789",
        "address": "123 Test Street",
        "city": null,
        "state": null,
        "country": null,
        "postalCode": null,
        "phone": "555-987-6543",
        "email": "entity@example.com",
        "website": null,
        "industry": "123",
        "subIndustry": null,
        "employeeCount": null,
        "foundedYear": null,
        "annualRevenue": null,
        "businessType": null,
        "publiclyTraded": false,
        "stockSymbol": null,
        "currency": "USD",
        "timezone": "UTC",
        "dataCollectionConsent": false,
        "lastAuditDate": null,
        "createdAt": "2025-03-28T02:53:23.958Z",
        "updatedAt": "2025-03-28T02:53:24.040Z"
      },
      {
        "id": 160,
        "name": "Test Entity 1743130410220 (Updated)",
        "code": "TE801",
        "ownerId": 1,
        "clientId": 29,
        "active": true,
        "fiscalYearStart": "01-01",
        "fiscalYearEnd": "12-31",
        "taxId": "12-3456789",
        "address": "123 Test Street",
        "city": null,
        "state": null,
        "country": null,
        "postalCode": null,
        "phone": "555-987-6543",
        "email": "entity@example.com",
        "website": null,
        "industry": "123",
        "subIndustry": null,
        "employeeCount": null,
        "foundedYear": null,
        "annualRevenue": null,
        "businessType": null,
        "publiclyTraded": false,
        "stockSymbol": null,
        "currency": "USD",
        "timezone": "UTC",
        "dataCollectionConsent": false,
        "lastAuditDate": null,
        "createdAt": "2025-03-28T02:53:30.282Z",
        "updatedAt": "2025-03-28T02:53:30.362Z"
      },
      {
        "id": 161,
        "name": "Test Entity 1743130564085 (Updated)",
        "code": "TE51",
        "ownerId": 1,
        "clientId": 30,
        "active": true,
        "fiscalYearStart": "01-01",
        "fiscalYearEnd": "12-31",
        "taxId": "12-3456789",
        "address": "123 Test Street",
        "city": null,
        "state": null,
        "country": null,
        "postalCode": null,
        "phone": "555-987-6543",
        "email": "entity@example.com",
        "website": null,
        "industry": "123",
        "subIndustry": null,
        "employeeCount": null,
        "foundedYear": null,
        "annualRevenue": null,
        "businessType": null,
        "publiclyTraded": false,
        "stockSymbol": null,
        "currency": "USD",
        "timezone": "UTC",
        "dataCollectionConsent": false,
        "lastAuditDate": null,
        "createdAt": "2025-03-28T02:56:04.147Z",
        "updatedAt": "2025-03-28T02:56:04.317Z"
      },
      {
        "id": 163,
        "name": "Test Entity 1743130604176 (Updated)",
        "code": "TE180",
        "ownerId": 1,
        "clientId": 32,
        "active": true,
        "fiscalYearStart": "01-01",
        "fiscalYearEnd": "12-31",
        "taxId": "12-3456789",
        "address": "123 Test Street",
        "city": null,
        "state": null,
        "country": null,
        "postalCode": null,
        "phone": "555-987-6543",
        "email": "entity@example.com",
        "website": null,
        "industry": "123",
        "subIndustry": null,
        "employeeCount": null,
        "foundedYear": null,
        "annualRevenue": null,
        "businessType": null,
        "publiclyTraded": false,
        "stockSymbol": null,
        "currency": "USD",
        "timezone": "UTC",
        "dataCollectionConsent": false,
        "lastAuditDate": null,
        "createdAt": "2025-03-28T02:56:44.237Z",
        "updatedAt": "2025-03-28T02:56:44.341Z"
      },
      {
        "id": 164,
        "name": "Test Entity 1743130684293 (Updated)",
        "code": "TE493",
        "ownerId": 1,
        "clientId": 33,
        "active": true,
        "fiscalYearStart": "01-01",
        "fiscalYearEnd": "12-31",
        "taxId": "12-3456789",
        "address": "123 Test Street",
        "city": null,
        "state": null,
        "country": null,
        "postalCode": null,
        "phone": "555-987-6543",
        "email": "entity@example.com",
        "website": null,
        "industry": "123",
        "subIndustry": null,
        "employeeCount": null,
        "foundedYear": null,
        "annualRevenue": null,
        "businessType": null,
        "publiclyTraded": false,
        "stockSymbol": null,
        "currency": "USD",
        "timezone": "UTC",
        "dataCollectionConsent": false,
        "lastAuditDate": null,
        "createdAt": "2025-03-28T02:58:04.361Z",
        "updatedAt": "2025-03-28T02:58:04.476Z"
      },
      {
        "id": 165,
        "name": "Test Entity 1743130837121 (Updated)",
        "code": "TE19",
        "ownerId": 1,
        "clientId": 34,
        "active": true,
        "fiscalYearStart": "01-01",
        "fiscalYearEnd": "12-31",
        "taxId": "12-3456789",
        "address": "123 Test Street",
        "city": null,
        "state": null,
        "country": null,
        "postalCode": null,
        "phone": "555-987-6543",
        "email": "entity@example.com",
        "website": null,
        "industry": "123",
        "subIndustry": null,
        "employeeCount": null,
        "foundedYear": null,
        "annualRevenue": null,
        "businessType": null,
        "publiclyTraded": false,
        "stockSymbol": null,
        "currency": "USD",
        "timezone": "UTC",
        "dataCollectionConsent": false,
        "lastAuditDate": null,
        "createdAt": "2025-03-28T03:00:37.184Z",
        "updatedAt": "2025-03-28T03:00:37.310Z"
      },
      {
        "id": 166,
        "name": "Test Entity 1743130841506 (Updated)",
        "code": "TE39",
        "ownerId": 1,
        "clientId": 35,
        "active": true,
        "fiscalYearStart": "01-01",
        "fiscalYearEnd": "12-31",
        "taxId": "12-3456789",
        "address": "123 Test Street",
        "city": null,
        "state": null,
        "country": null,
        "postalCode": null,
        "phone": "555-987-6543",
        "email": "entity@example.com",
        "website": null,
        "industry": "123",
        "subIndustry": null,
        "employeeCount": null,
        "foundedYear": null,
        "annualRevenue": null,
        "businessType": null,
        "publiclyTraded": false,
        "stockSymbol": null,
        "currency": "USD",
        "timezone": "UTC",
        "dataCollectionConsent": false,
        "lastAuditDate": null,
        "createdAt": "2025-03-28T03:00:41.568Z",
        "updatedAt": "2025-03-28T03:00:41.693Z"
      },
      {
        "id": 167,
        "name": "Test Entity 1743130860095 (Updated)",
        "code": "TE254",
        "ownerId": 1,
        "clientId": 36,
        "active": true,
        "fiscalYearStart": "01-01",
        "fiscalYearEnd": "12-31",
        "taxId": "12-3456789",
        "address": "123 Test Street",
        "city": null,
        "state": null,
        "country": null,
        "postalCode": null,
        "phone": "555-987-6543",
        "email": "entity@example.com",
        "website": null,
        "industry": "123",
        "subIndustry": null,
        "employeeCount": null,
        "foundedYear": null,
        "annualRevenue": null,
        "businessType": null,
        "publiclyTraded": false,
        "stockSymbol": null,
        "currency": "USD",
        "timezone": "UTC",
        "dataCollectionConsent": false,
        "lastAuditDate": null,
        "createdAt": "2025-03-28T03:01:00.156Z",
        "updatedAt": "2025-03-28T03:01:00.287Z"
      },
      {
        "id": 169,
        "name": "Test Entity 1743130875273 (Updated)",
        "code": "TEST",
        "ownerId": 1,
        "clientId": 38,
        "active": true,
        "fiscalYearStart": "01-01",
        "fiscalYearEnd": "12-31",
        "taxId": "12-3456789",
        "address": null,
        "city": null,
        "state": null,
        "country": null,
        "postalCode": null,
        "phone": null,
        "email": null,
        "website": null,
        "industry": "123",
        "subIndustry": null,
        "employeeCount": null,
        "foundedYear": null,
        "annualRevenue": null,
        "businessType": null,
        "publiclyTraded": false,
        "stockSymbol": null,
        "currency": "USD",
        "timezone": "UTC",
        "dataCollectionConsent": false,
        "lastAuditDate": null,
        "createdAt": "2025-03-28T03:01:15.335Z",
        "updatedAt": "2025-03-28T03:01:15.413Z"
      },
      {
        "id": 168,
        "name": "Test Case 2 - Numeric Value",
        "code": "BE832",
        "ownerId": 1,
        "clientId": 37,
        "active": true,
        "fiscalYearStart": "01-01",
        "fiscalYearEnd": "12-31",
        "taxId": "12-3456789",
        "address": "123 Test Street",
        "city": null,
        "state": null,
        "country": null,
        "postalCode": null,
        "phone": "555-987-6543",
        "email": "entity@example.com",
        "website": null,
        "industry": "123",
        "subIndustry": null,
        "employeeCount": null,
        "foundedYear": null,
        "annualRevenue": null,
        "businessType": null,
        "publiclyTraded": false,
        "stockSymbol": null,
        "currency": "USD",
        "timezone": "UTC",
        "dataCollectionConsent": false,
        "lastAuditDate": null,
        "createdAt": "2025-03-28T03:01:10.620Z",
        "updatedAt": "2025-03-28T03:01:10.814Z"
      },
      {
        "id": 170,
        "name": "String Value Entity 1743131591009",
        "code": "TE144",
        "ownerId": 1,
        "clientId": 39,
        "active": true,
        "fiscalYearStart": "01-01",
        "fiscalYearEnd": "12-31",
        "taxId": "12-3456789",
        "address": "123 Test Street",
        "city": null,
        "state": null,
        "country": null,
        "postalCode": null,
        "phone": "555-987-6543",
        "email": "entity@example.com",
        "website": null,
        "industry": null,
        "subIndustry": null,
        "employeeCount": null,
        "foundedYear": null,
        "annualRevenue": null,
        "businessType": null,
        "publiclyTraded": false,
        "stockSymbol": null,
        "currency": "USD",
        "timezone": "UTC",
        "dataCollectionConsent": false,
        "lastAuditDate": null,
        "createdAt": "2025-03-28T03:13:11.075Z",
        "updatedAt": null
      },
      {
        "id": 171,
        "name": "Numeric Value Entity 1743131591130",
        "code": "TE122",
        "ownerId": 1,
        "clientId": 39,
        "active": true,
        "fiscalYearStart": "01-01",
        "fiscalYearEnd": "12-31",
        "taxId": "12-3456789",
        "address": "123 Test Street",
        "city": null,
        "state": null,
        "country": null,
        "postalCode": null,
        "phone": "555-987-6543",
        "email": "entity@example.com",
        "website": null,
        "industry": null,
        "subIndustry": null,
        "employeeCount": null,
        "foundedYear": null,
        "annualRevenue": null,
        "businessType": null,
        "publiclyTraded": false,
        "stockSymbol": null,
        "currency": "USD",
        "timezone": "UTC",
        "dataCollectionConsent": false,
        "lastAuditDate": null,
        "createdAt": "2025-03-28T03:13:11.195Z",
        "updatedAt": null
      },
      {
        "id": 172,
        "name": "Empty String Entity 1743131591240",
        "code": "TE585",
        "ownerId": 1,
        "clientId": 39,
        "active": true,
        "fiscalYearStart": "01-01",
        "fiscalYearEnd": "12-31",
        "taxId": "12-3456789",
        "address": "123 Test Street",
        "city": null,
        "state": null,
        "country": null,
        "postalCode": null,
        "phone": "555-987-6543",
        "email": "entity@example.com",
        "website": null,
        "industry": null,
        "subIndustry": null,
        "employeeCount": null,
        "foundedYear": null,
        "annualRevenue": null,
        "businessType": null,
        "publiclyTraded": false,
        "stockSymbol": null,
        "currency": "USD",
        "timezone": "UTC",
        "dataCollectionConsent": false,
        "lastAuditDate": null,
        "createdAt": "2025-03-28T03:13:11.307Z",
        "updatedAt": null
      },
      {
        "id": 173,
        "name": "Null Value Entity 1743131591344",
        "code": "TE890",
        "ownerId": 1,
        "clientId": 39,
        "active": true,
        "fiscalYearStart": "01-01",
        "fiscalYearEnd": "12-31",
        "taxId": "12-3456789",
        "address": "123 Test Street",
        "city": null,
        "state": null,
        "country": null,
        "postalCode": null,
        "phone": "555-987-6543",
        "email": "entity@example.com",
        "website": null,
        "industry": null,
        "subIndustry": null,
        "employeeCount": null,
        "foundedYear": null,
        "annualRevenue": null,
        "businessType": null,
        "publiclyTraded": false,
        "stockSymbol": null,
        "currency": "USD",
        "timezone": "UTC",
        "dataCollectionConsent": false,
        "lastAuditDate": null,
        "createdAt": "2025-03-28T03:13:11.409Z",
        "updatedAt": null
      },
      {
        "id": 174,
        "name": "String Value Entity 1743131692832",
        "code": "TE966",
        "ownerId": 1,
        "clientId": 40,
        "active": true,
        "fiscalYearStart": "01-01",
        "fiscalYearEnd": "12-31",
        "taxId": "12-3456789",
        "address": "123 Test Street",
        "city": null,
        "state": null,
        "country": null,
        "postalCode": null,
        "phone": "555-987-6543",
        "email": "entity@example.com",
        "website": null,
        "industry": null,
        "subIndustry": null,
        "employeeCount": null,
        "foundedYear": null,
        "annualRevenue": null,
        "businessType": null,
        "publiclyTraded": false,
        "stockSymbol": null,
        "currency": "USD",
        "timezone": "UTC",
        "dataCollectionConsent": false,
        "lastAuditDate": null,
        "createdAt": "2025-03-28T03:14:52.897Z",
        "updatedAt": null
      },
      {
        "id": 175,
        "name": "Numeric Value Entity 1743131692953",
        "code": "TE455",
        "ownerId": 1,
        "clientId": 40,
        "active": true,
        "fiscalYearStart": "01-01",
        "fiscalYearEnd": "12-31",
        "taxId": "12-3456789",
        "address": "123 Test Street",
        "city": null,
        "state": null,
        "country": null,
        "postalCode": null,
        "phone": "555-987-6543",
        "email": "entity@example.com",
        "website": null,
        "industry": null,
        "subIndustry": null,
        "employeeCount": null,
        "foundedYear": null,
        "annualRevenue": null,
        "businessType": null,
        "publiclyTraded": false,
        "stockSymbol": null,
        "currency": "USD",
        "timezone": "UTC",
        "dataCollectionConsent": false,
        "lastAuditDate": null,
        "createdAt": "2025-03-28T03:14:53.024Z",
        "updatedAt": null
      },
      {
        "id": 176,
        "name": "Empty String Entity 1743131693062",
        "code": "TE331",
        "ownerId": 1,
        "clientId": 40,
        "active": true,
        "fiscalYearStart": "01-01",
        "fiscalYearEnd": "12-31",
        "taxId": "12-3456789",
        "address": "123 Test Street",
        "city": null,
        "state": null,
        "country": null,
        "postalCode": null,
        "phone": "555-987-6543",
        "email": "entity@example.com",
        "website": null,
        "industry": null,
        "subIndustry": null,
        "employeeCount": null,
        "foundedYear": null,
        "annualRevenue": null,
        "businessType": null,
        "publiclyTraded": false,
        "stockSymbol": null,
        "currency": "USD",
        "timezone": "UTC",
        "dataCollectionConsent": false,
        "lastAuditDate": null,
        "createdAt": "2025-03-28T03:14:53.137Z",
        "updatedAt": null
      },
      {
        "id": 177,
        "name": "Null Value Entity 1743131693176",
        "code": "TE45",
        "ownerId": 1,
        "clientId": 40,
        "active": true,
        "fiscalYearStart": "01-01",
        "fiscalYearEnd": "12-31",
        "taxId": "12-3456789",
        "address": "123 Test Street",
        "city": null,
        "state": null,
        "country": null,
        "postalCode": null,
        "phone": "555-987-6543",
        "email": "entity@example.com",
        "website": null,
        "industry": null,
        "subIndustry": null,
        "employeeCount": null,
        "foundedYear": null,
        "annualRevenue": null,
        "businessType": null,
        "publiclyTraded": false,
        "stockSymbol": null,
        "currency": "USD",
        "timezone": "UTC",
        "dataCollectionConsent": false,
        "lastAuditDate": null,
        "createdAt": "2025-03-28T03:14:53.243Z",
        "updatedAt": null
      },
      {
        "id": 178,
        "name": "String Value Entity 1743131761189",
        "code": "TE947",
        "ownerId": 1,
        "clientId": 41,
        "active": true,
        "fiscalYearStart": "01-01",
        "fiscalYearEnd": "12-31",
        "taxId": "12-3456789",
        "address": "123 Test Street",
        "city": null,
        "state": null,
        "country": null,
        "postalCode": null,
        "phone": "555-987-6543",
        "email": "entity@example.com",
        "website": null,
        "industry": null,
        "subIndustry": null,
        "employeeCount": null,
        "foundedYear": null,
        "annualRevenue": null,
        "businessType": null,
        "publiclyTraded": false,
        "stockSymbol": null,
        "currency": "USD",
        "timezone": "UTC",
        "dataCollectionConsent": false,
        "lastAuditDate": null,
        "createdAt": "2025-03-28T03:16:01.255Z",
        "updatedAt": null
      },
      {
        "id": 179,
        "name": "Numeric Value Entity 1743131761295",
        "code": "TE317",
        "ownerId": 1,
        "clientId": 41,
        "active": true,
        "fiscalYearStart": "01-01",
        "fiscalYearEnd": "12-31",
        "taxId": "12-3456789",
        "address": "123 Test Street",
        "city": null,
        "state": null,
        "country": null,
        "postalCode": null,
        "phone": "555-987-6543",
        "email": "entity@example.com",
        "website": null,
        "industry": null,
        "subIndustry": null,
        "employeeCount": null,
        "foundedYear": null,
        "annualRevenue": null,
        "businessType": null,
        "publiclyTraded": false,
        "stockSymbol": null,
        "currency": "USD",
        "timezone": "UTC",
        "dataCollectionConsent": false,
        "lastAuditDate": null,
        "createdAt": "2025-03-28T03:16:01.360Z",
        "updatedAt": null
      },
      {
        "id": 180,
        "name": "Empty String Entity 1743131761399",
        "code": "TE590",
        "ownerId": 1,
        "clientId": 41,
        "active": true,
        "fiscalYearStart": "01-01",
        "fiscalYearEnd": "12-31",
        "taxId": "12-3456789",
        "address": "123 Test Street",
        "city": null,
        "state": null,
        "country": null,
        "postalCode": null,
        "phone": "555-987-6543",
        "email": "entity@example.com",
        "website": null,
        "industry": null,
        "subIndustry": null,
        "employeeCount": null,
        "foundedYear": null,
        "annualRevenue": null,
        "businessType": null,
        "publiclyTraded": false,
        "stockSymbol": null,
        "currency": "USD",
        "timezone": "UTC",
        "dataCollectionConsent": false,
        "lastAuditDate": null,
        "createdAt": "2025-03-28T03:16:01.464Z",
        "updatedAt": null
      },
      {
        "id": 181,
        "name": "Null Value Entity 1743131761505",
        "code": "TE938",
        "ownerId": 1,
        "clientId": 41,
        "active": true,
        "fiscalYearStart": "01-01",
        "fiscalYearEnd": "12-31",
        "taxId": "12-3456789",
        "address": "123 Test Street",
        "city": null,
        "state": null,
        "country": null,
        "postalCode": null,
        "phone": "555-987-6543",
        "email": "entity@example.com",
        "website": null,
        "industry": "technology",
        "subIndustry": null,
        "employeeCount": null,
        "foundedYear": null,
        "annualRevenue": null,
        "businessType": null,
        "publiclyTraded": false,
        "stockSymbol": null,
        "currency": "USD",
        "timezone": "UTC",
        "dataCollectionConsent": false,
        "lastAuditDate": null,
        "createdAt": "2025-03-28T03:16:01.581Z",
        "updatedAt": null
      },
      {
        "id": 182,
        "name": "Direct SQL Entity 1743132171944",
        "code": "DSE-1944",
        "ownerId": 1,
        "clientId": null,
        "active": true,
        "fiscalYearStart": "01-01",
        "fiscalYearEnd": "12-31",
        "taxId": null,
        "address": null,
        "city": null,
        "state": null,
        "country": null,
        "postalCode": null,
        "phone": null,
        "email": "entity@example.com",
        "website": null,
        "industry": "tech",
        "subIndustry": null,
        "employeeCount": null,
        "foundedYear": null,
        "annualRevenue": null,
        "businessType": null,
        "publiclyTraded": false,
        "stockSymbol": null,
        "currency": "USD",
        "timezone": "UTC",
        "dataCollectionConsent": false,
        "lastAuditDate": null,
        "createdAt": "2025-03-28T03:22:51.960Z",
        "updatedAt": null
      },
      {
        "id": 205,
        "name": "UI Simulation Entity",
        "code": "UI ",
        "ownerId": 1,
        "clientId": 49,
        "active": true,
        "fiscalYearStart": "01-01",
        "fiscalYearEnd": "12-31",
        "taxId": "987-65-4321",
        "address": null,
        "city": null,
        "state": null,
        "country": null,
        "postalCode": null,
        "phone": null,
        "email": null,
        "website": null,
        "industry": "finance",
        "subIndustry": null,
        "employeeCount": null,
        "foundedYear": null,
        "annualRevenue": null,
        "businessType": null,
        "publiclyTraded": false,
        "stockSymbol": null,
        "currency": "USD",
        "timezone": "UTC",
        "dataCollectionConsent": false,
        "lastAuditDate": null,
        "createdAt": "2025-03-28T14:09:00.184Z",
        "updatedAt": null
      },
      {
        "id": 206,
        "name": "UI Simulation Entity",
        "code": "UI ",
        "ownerId": 1,
        "clientId": 50,
        "active": true,
        "fiscalYearStart": "01-01",
        "fiscalYearEnd": "12-31",
        "taxId": "987-65-4321",
        "address": null,
        "city": null,
        "state": null,
        "country": null,
        "postalCode": null,
        "phone": null,
        "email": null,
        "website": null,
        "industry": "finance",
        "subIndustry": null,
        "employeeCount": null,
        "foundedYear": null,
        "annualRevenue": null,
        "businessType": null,
        "publiclyTraded": false,
        "stockSymbol": null,
        "currency": "USD",
        "timezone": "UTC",
        "dataCollectionConsent": false,
        "lastAuditDate": null,
        "createdAt": "2025-03-28T14:10:34.656Z",
        "updatedAt": null
      },
      {
        "id": 207,
        "name": "UI Simulation Entity",
        "code": "UI ",
        "ownerId": 1,
        "clientId": 51,
        "active": true,
        "fiscalYearStart": "01-01",
        "fiscalYearEnd": "12-31",
        "taxId": "987-65-4321",
        "address": null,
        "city": null,
        "state": null,
        "country": null,
        "postalCode": null,
        "phone": null,
        "email": null,
        "website": null,
        "industry": "finance",
        "subIndustry": null,
        "employeeCount": null,
        "foundedYear": null,
        "annualRevenue": null,
        "businessType": null,
        "publiclyTraded": false,
        "stockSymbol": null,
        "currency": "USD",
        "timezone": "UTC",
        "dataCollectionConsent": false,
        "lastAuditDate": null,
        "createdAt": "2025-03-28T14:14:50.442Z",
        "updatedAt": null
      },
      {
        "id": 198,
        "name": "Test Entity 123 (Updated)",
        "code": "TEST123",
        "ownerId": 1,
        "clientId": 42,
        "active": true,
        "fiscalYearStart": "01-01",
        "fiscalYearEnd": "12-31",
        "taxId": null,
        "address": null,
        "city": null,
        "state": null,
        "country": null,
        "postalCode": null,
        "phone": null,
        "email": null,
        "website": null,
        "industry": "other",
        "subIndustry": null,
        "employeeCount": null,
        "foundedYear": null,
        "annualRevenue": null,
        "businessType": null,
        "publiclyTraded": false,
        "stockSymbol": null,
        "currency": "USD",
        "timezone": "UTC",
        "dataCollectionConsent": false,
        "lastAuditDate": null,
        "createdAt": "2025-03-28T13:27:26.445Z",
        "updatedAt": "2025-03-28T13:28:42.690Z"
      },
      {
        "id": 208,
        "name": "UI Simulation Entity",
        "code": "UI ",
        "ownerId": 1,
        "clientId": 52,
        "active": true,
        "fiscalYearStart": "01-01",
        "fiscalYearEnd": "12-31",
        "taxId": "987-65-4321",
        "address": null,
        "city": null,
        "state": null,
        "country": null,
        "postalCode": null,
        "phone": null,
        "email": null,
        "website": null,
        "industry": "finance",
        "subIndustry": null,
        "employeeCount": null,
        "foundedYear": null,
        "annualRevenue": null,
        "businessType": null,
        "publiclyTraded": false,
        "stockSymbol": null,
        "currency": "USD",
        "timezone": "UTC",
        "dataCollectionConsent": false,
        "lastAuditDate": null,
        "createdAt": "2025-03-28T14:15:38.595Z",
        "updatedAt": null
      },
      {
        "id": 199,
        "name": "Complex Entity Update",
        "code": "ERROR1",
        "ownerId": 1,
        "clientId": 43,
        "active": true,
        "fiscalYearStart": "01-01",
        "fiscalYearEnd": "12-31",
        "taxId": "123-45-6789",
        "address": "123 Test St",
        "city": "Test City",
        "state": "TS",
        "country": "Testland",
        "postalCode": "12345",
        "phone": "555-123-4567",
        "email": "test@example.com",
        "website": "https://example.com",
        "industry": "healthcare",
        "subIndustry": "medical",
        "employeeCount": 100,
        "foundedYear": 2010,
        "annualRevenue": "1000000",
        "businessType": "B2B",
        "publiclyTraded": true,
        "stockSymbol": "TEST",
        "currency": "EUR",
        "timezone": "UTC",
        "dataCollectionConsent": true,
        "lastAuditDate": null,
        "createdAt": "2025-03-28T13:37:52.102Z",
        "updatedAt": "2025-03-28T13:38:05.248Z"
      },
      {
        "id": 200,
        "name": "Updated Entity Name",
        "code": "TE920",
        "ownerId": 1,
        "clientId": 44,
        "active": true,
        "fiscalYearStart": "01-01",
        "fiscalYearEnd": "12-31",
        "taxId": null,
        "address": "456 Entity St",
        "city": null,
        "state": null,
        "country": null,
        "postalCode": null,
        "phone": "987-654-3210",
        "email": null,
        "website": null,
        "industry": "123",
        "subIndustry": null,
        "employeeCount": null,
        "foundedYear": null,
        "annualRevenue": null,
        "businessType": null,
        "publiclyTraded": false,
        "stockSymbol": null,
        "currency": "USD",
        "timezone": "UTC",
        "dataCollectionConsent": false,
        "lastAuditDate": null,
        "createdAt": "2025-03-28T13:47:07.961Z",
        "updatedAt": "2025-03-28T13:47:08.071Z"
      },
      {
        "id": 201,
        "name": "Updated Entity Name",
        "code": "TE847",
        "ownerId": 1,
        "clientId": 45,
        "active": true,
        "fiscalYearStart": "01-01",
        "fiscalYearEnd": "12-31",
        "taxId": null,
        "address": "456 Entity St",
        "city": null,
        "state": null,
        "country": null,
        "postalCode": null,
        "phone": "987-654-3210",
        "email": null,
        "website": null,
        "industry": "123",
        "subIndustry": null,
        "employeeCount": null,
        "foundedYear": null,
        "annualRevenue": null,
        "businessType": null,
        "publiclyTraded": false,
        "stockSymbol": null,
        "currency": "USD",
        "timezone": "UTC",
        "dataCollectionConsent": false,
        "lastAuditDate": null,
        "createdAt": "2025-03-28T13:47:23.881Z",
        "updatedAt": "2025-03-28T13:47:23.984Z"
      },
      {
        "id": 202,
        "name": "Updated Entity Name",
        "code": "TE119",
        "ownerId": 1,
        "clientId": 46,
        "active": true,
        "fiscalYearStart": "01-01",
        "fiscalYearEnd": "12-31",
        "taxId": null,
        "address": "456 Entity St",
        "city": null,
        "state": null,
        "country": null,
        "postalCode": null,
        "phone": "987-654-3210",
        "email": null,
        "website": null,
        "industry": "123",
        "subIndustry": null,
        "employeeCount": null,
        "foundedYear": null,
        "annualRevenue": null,
        "businessType": null,
        "publiclyTraded": false,
        "stockSymbol": null,
        "currency": "USD",
        "timezone": "UTC",
        "dataCollectionConsent": false,
        "lastAuditDate": null,
        "createdAt": "2025-03-28T13:47:57.393Z",
        "updatedAt": "2025-03-28T13:47:57.500Z"
      },
      {
        "id": 209,
        "name": "UI Simulation Entity",
        "code": "UI ",
        "ownerId": 1,
        "clientId": 53,
        "active": true,
        "fiscalYearStart": "01-01",
        "fiscalYearEnd": "12-31",
        "taxId": "987-65-4321",
        "address": null,
        "city": null,
        "state": null,
        "country": null,
        "postalCode": null,
        "phone": null,
        "email": null,
        "website": null,
        "industry": "finance",
        "subIndustry": null,
        "employeeCount": null,
        "foundedYear": null,
        "annualRevenue": null,
        "businessType": null,
        "publiclyTraded": false,
        "stockSymbol": null,
        "currency": "USD",
        "timezone": "UTC",
        "dataCollectionConsent": false,
        "lastAuditDate": null,
        "createdAt": "2025-03-28T14:19:46.434Z",
        "updatedAt": null
      },
      {
        "id": 210,
        "name": "UI Simulation Entity",
        "code": "UI ",
        "ownerId": 1,
        "clientId": 54,
        "active": true,
        "fiscalYearStart": "01-01",
        "fiscalYearEnd": "12-31",
        "taxId": "987-65-4321",
        "address": null,
        "city": null,
        "state": null,
        "country": null,
        "postalCode": null,
        "phone": null,
        "email": null,
        "website": null,
        "industry": "finance",
        "subIndustry": null,
        "employeeCount": null,
        "foundedYear": null,
        "annualRevenue": null,
        "businessType": null,
        "publiclyTraded": false,
        "stockSymbol": null,
        "currency": "USD",
        "timezone": "UTC",
        "dataCollectionConsent": false,
        "lastAuditDate": null,
        "createdAt": "2025-03-28T14:22:49.579Z",
        "updatedAt": null
      },
      {
        "id": 211,
        "name": "UI Simulation Entity",
        "code": "UI ",
        "ownerId": 1,
        "clientId": 55,
        "active": true,
        "fiscalYearStart": "01-01",
        "fiscalYearEnd": "12-31",
        "taxId": "987-65-4321",
        "address": null,
        "city": null,
        "state": null,
        "country": null,
        "postalCode": null,
        "phone": null,
        "email": null,
        "website": null,
        "industry": "finance",
        "subIndustry": null,
        "employeeCount": null,
        "foundedYear": null,
        "annualRevenue": null,
        "businessType": null,
        "publiclyTraded": false,
        "stockSymbol": null,
        "currency": "USD",
        "timezone": "UTC",
        "dataCollectionConsent": false,
        "lastAuditDate": null,
        "createdAt": "2025-03-28T14:25:25.828Z",
        "updatedAt": null
      },
      {
        "id": 223,
        "name": "First Entity (Edited After Back Navigation)",
        "code": "FIR",
        "ownerId": 1,
        "clientId": 65,
        "active": true,
        "fiscalYearStart": "01-01",
        "fiscalYearEnd": "12-31",
        "taxId": "987-65-4321",
        "address": null,
        "city": null,
        "state": null,
        "country": null,
        "postalCode": null,
        "phone": null,
        "email": null,
        "website": null,
        "industry": "retail",
        "subIndustry": null,
        "employeeCount": null,
        "foundedYear": null,
        "annualRevenue": null,
        "businessType": null,
        "publiclyTraded": false,
        "stockSymbol": null,
        "currency": "USD",
        "timezone": "UTC",
        "dataCollectionConsent": false,
        "lastAuditDate": null,
        "createdAt": "2025-03-28T16:19:03.575Z",
        "updatedAt": "2025-03-28T16:19:03.813Z"
      },
      {
        "id": 203,
        "name": "Test Entity for Update",
        "code": "TES",
        "ownerId": 1,
        "clientId": 47,
        "active": true,
        "fiscalYearStart": "01-01",
        "fiscalYearEnd": "12-31",
        "taxId": "111-22-3333",
        "address": null,
        "city": null,
        "state": null,
        "country": null,
        "postalCode": null,
        "phone": null,
        "email": null,
        "website": null,
        "industry": "technology",
        "subIndustry": null,
        "employeeCount": null,
        "foundedYear": null,
        "annualRevenue": null,
        "businessType": null,
        "publiclyTraded": false,
        "stockSymbol": null,
        "currency": "USD",
        "timezone": "UTC",
        "dataCollectionConsent": false,
        "lastAuditDate": null,
        "createdAt": "2025-03-28T14:06:33.009Z",
        "updatedAt": "2025-03-28T14:06:33.590Z"
      },
      {
        "id": 204,
        "name": "UI Simulation Entity",
        "code": "UI ",
        "ownerId": 1,
        "clientId": 48,
        "active": true,
        "fiscalYearStart": "01-01",
        "fiscalYearEnd": "12-31",
        "taxId": "987-65-4321",
        "address": null,
        "city": null,
        "state": null,
        "country": null,
        "postalCode": null,
        "phone": null,
        "email": null,
        "website": null,
        "industry": "finance",
        "subIndustry": null,
        "employeeCount": null,
        "foundedYear": null,
        "annualRevenue": null,
        "businessType": null,
        "publiclyTraded": false,
        "stockSymbol": null,
        "currency": "USD",
        "timezone": "UTC",
        "dataCollectionConsent": false,
        "lastAuditDate": null,
        "createdAt": "2025-03-28T14:07:24.417Z",
        "updatedAt": null
      },
      {
        "id": 212,
        "name": "Updated Admin API 2025-03-28T14:30:37.303Z",
        "code": "TEST308",
        "ownerId": 1,
        "clientId": 57,
        "active": true,
        "fiscalYearStart": "01-01",
        "fiscalYearEnd": "12-31",
        "taxId": null,
        "address": null,
        "city": null,
        "state": null,
        "country": null,
        "postalCode": null,
        "phone": null,
        "email": null,
        "website": null,
        "industry": "healthcare",
        "subIndustry": null,
        "employeeCount": null,
        "foundedYear": null,
        "annualRevenue": null,
        "businessType": null,
        "publiclyTraded": false,
        "stockSymbol": null,
        "currency": "USD",
        "timezone": "UTC",
        "dataCollectionConsent": false,
        "lastAuditDate": null,
        "createdAt": "2025-03-28T14:30:37.160Z",
        "updatedAt": "2025-03-28T14:30:37.371Z"
      },
      {
        "id": 214,
        "name": "Entity 2 2025-03-28T14:31:15.477Z",
        "code": "ENT2394",
        "ownerId": 1,
        "clientId": 58,
        "active": true,
        "fiscalYearStart": "01-01",
        "fiscalYearEnd": "12-31",
        "taxId": null,
        "address": null,
        "city": null,
        "state": null,
        "country": null,
        "postalCode": null,
        "phone": null,
        "email": null,
        "website": null,
        "industry": "finance",
        "subIndustry": null,
        "employeeCount": null,
        "foundedYear": null,
        "annualRevenue": null,
        "businessType": null,
        "publiclyTraded": false,
        "stockSymbol": null,
        "currency": "USD",
        "timezone": "UTC",
        "dataCollectionConsent": false,
        "lastAuditDate": null,
        "createdAt": "2025-03-28T14:31:15.488Z",
        "updatedAt": null
      },
      {
        "id": 213,
        "name": "Updated Entity 2025-03-28T14:31:16.578Z",
        "code": "ENT1372",
        "ownerId": 1,
        "clientId": 58,
        "active": true,
        "fiscalYearStart": "01-01",
        "fiscalYearEnd": "12-31",
        "taxId": null,
        "address": null,
        "city": null,
        "state": null,
        "country": null,
        "postalCode": null,
        "phone": null,
        "email": null,
        "website": null,
        "industry": "healthcare",
        "subIndustry": null,
        "employeeCount": null,
        "foundedYear": null,
        "annualRevenue": null,
        "businessType": null,
        "publiclyTraded": false,
        "stockSymbol": null,
        "currency": "USD",
        "timezone": "UTC",
        "dataCollectionConsent": false,
        "lastAuditDate": null,
        "createdAt": "2025-03-28T14:31:15.436Z",
        "updatedAt": "2025-03-28T14:31:16.645Z"
      },
      {
        "id": 215,
        "name": "Updated Name 2025-03-28T14:42:48.569Z",
        "code": "VTEST279",
        "ownerId": 1,
        "clientId": 59,
        "active": true,
        "fiscalYearStart": "01-01",
        "fiscalYearEnd": "12-31",
        "taxId": null,
        "address": null,
        "city": null,
        "state": null,
        "country": null,
        "postalCode": null,
        "phone": null,
        "email": null,
        "website": null,
        "industry": "finance",
        "subIndustry": null,
        "employeeCount": null,
        "foundedYear": null,
        "annualRevenue": null,
        "businessType": null,
        "publiclyTraded": false,
        "stockSymbol": null,
        "currency": "USD",
        "timezone": "UTC",
        "dataCollectionConsent": false,
        "lastAuditDate": null,
        "createdAt": "2025-03-28T14:42:48.441Z",
        "updatedAt": "2025-03-28T14:42:48.646Z"
      },
      {
        "id": 216,
        "name": "Updated Name 2025-03-28T14:43:21.158Z",
        "code": "VTEST391",
        "ownerId": 1,
        "clientId": 60,
        "active": true,
        "fiscalYearStart": "01-01",
        "fiscalYearEnd": "12-31",
        "taxId": null,
        "address": null,
        "city": null,
        "state": null,
        "country": null,
        "postalCode": null,
        "phone": null,
        "email": null,
        "website": null,
        "industry": "finance",
        "subIndustry": null,
        "employeeCount": null,
        "foundedYear": null,
        "annualRevenue": null,
        "businessType": null,
        "publiclyTraded": false,
        "stockSymbol": null,
        "currency": "USD",
        "timezone": "UTC",
        "dataCollectionConsent": false,
        "lastAuditDate": null,
        "createdAt": "2025-03-28T14:43:21.046Z",
        "updatedAt": "2025-03-28T14:43:21.231Z"
      },
      {
        "id": 217,
        "name": "Updated Name 2025-03-28T14:43:37.483Z",
        "code": "VTEST70",
        "ownerId": 1,
        "clientId": 61,
        "active": true,
        "fiscalYearStart": "01-01",
        "fiscalYearEnd": "12-31",
        "taxId": null,
        "address": null,
        "city": null,
        "state": null,
        "country": null,
        "postalCode": null,
        "phone": null,
        "email": null,
        "website": null,
        "industry": "finance",
        "subIndustry": null,
        "employeeCount": null,
        "foundedYear": null,
        "annualRevenue": null,
        "businessType": null,
        "publiclyTraded": false,
        "stockSymbol": null,
        "currency": "USD",
        "timezone": "UTC",
        "dataCollectionConsent": false,
        "lastAuditDate": null,
        "createdAt": "2025-03-28T14:43:37.374Z",
        "updatedAt": "2025-03-28T14:43:37.554Z"
      },
      {
        "id": 219,
        "name": "Second Entity 2025-03-28T15:38:13.920Z",
        "code": "ENT2726",
        "ownerId": 1,
        "clientId": 62,
        "active": true,
        "fiscalYearStart": "01-01",
        "fiscalYearEnd": "12-31",
        "taxId": null,
        "address": null,
        "city": null,
        "state": null,
        "country": null,
        "postalCode": null,
        "phone": null,
        "email": null,
        "website": null,
        "industry": "finance",
        "subIndustry": null,
        "employeeCount": null,
        "foundedYear": null,
        "annualRevenue": null,
        "businessType": null,
        "publiclyTraded": false,
        "stockSymbol": null,
        "currency": "USD",
        "timezone": "UTC",
        "dataCollectionConsent": false,
        "lastAuditDate": null,
        "createdAt": "2025-03-28T15:38:13.964Z",
        "updatedAt": null
      },
      {
        "id": 218,
        "name": "Updated After Back Navigation 2025-03-28T15:38:15.565Z",
        "code": "ENT1784",
        "ownerId": 1,
        "clientId": 62,
        "active": true,
        "fiscalYearStart": "01-01",
        "fiscalYearEnd": "12-31",
        "taxId": null,
        "address": null,
        "city": null,
        "state": null,
        "country": null,
        "postalCode": null,
        "phone": null,
        "email": null,
        "website": null,
        "industry": "healthcare",
        "subIndustry": null,
        "employeeCount": null,
        "foundedYear": null,
        "annualRevenue": null,
        "businessType": null,
        "publiclyTraded": false,
        "stockSymbol": null,
        "currency": "USD",
        "timezone": "UTC",
        "dataCollectionConsent": false,
        "lastAuditDate": null,
        "createdAt": "2025-03-28T15:38:13.885Z",
        "updatedAt": "2025-03-28T15:38:15.714Z"
      },
      {
        "id": 221,
        "name": "Second Entity 2025-03-28T15:38:29.618Z",
        "code": "ENT2840",
        "ownerId": 1,
        "clientId": 63,
        "active": true,
        "fiscalYearStart": "01-01",
        "fiscalYearEnd": "12-31",
        "taxId": null,
        "address": null,
        "city": null,
        "state": null,
        "country": null,
        "postalCode": null,
        "phone": null,
        "email": null,
        "website": null,
        "industry": "finance",
        "subIndustry": null,
        "employeeCount": null,
        "foundedYear": null,
        "annualRevenue": null,
        "businessType": null,
        "publiclyTraded": false,
        "stockSymbol": null,
        "currency": "USD",
        "timezone": "UTC",
        "dataCollectionConsent": false,
        "lastAuditDate": null,
        "createdAt": "2025-03-28T15:38:29.647Z",
        "updatedAt": null
      },
      {
        "id": 220,
        "name": "Updated After Back Navigation 2025-03-28T15:38:30.723Z",
        "code": "ENT1394",
        "ownerId": 1,
        "clientId": 63,
        "active": true,
        "fiscalYearStart": "01-01",
        "fiscalYearEnd": "12-31",
        "taxId": null,
        "address": null,
        "city": null,
        "state": null,
        "country": null,
        "postalCode": null,
        "phone": null,
        "email": null,
        "website": null,
        "industry": "healthcare",
        "subIndustry": null,
        "employeeCount": null,
        "foundedYear": null,
        "annualRevenue": null,
        "businessType": null,
        "publiclyTraded": false,
        "stockSymbol": null,
        "currency": "USD",
        "timezone": "UTC",
        "dataCollectionConsent": false,
        "lastAuditDate": null,
        "createdAt": "2025-03-28T15:38:29.594Z",
        "updatedAt": "2025-03-28T15:38:30.802Z"
      },
      {
        "id": 222,
        "name": "Updated Entity 2025-03-28T16:04:51.898Z",
        "code": "DBG189",
        "ownerId": 1,
        "clientId": 64,
        "active": true,
        "fiscalYearStart": "01-01",
        "fiscalYearEnd": "12-31",
        "taxId": "123-45-6789",
        "address": null,
        "city": null,
        "state": null,
        "country": null,
        "postalCode": null,
        "phone": null,
        "email": null,
        "website": null,
        "industry": "123",
        "subIndustry": null,
        "employeeCount": null,
        "foundedYear": null,
        "annualRevenue": null,
        "businessType": null,
        "publiclyTraded": false,
        "stockSymbol": null,
        "currency": "USD",
        "timezone": "UTC",
        "dataCollectionConsent": false,
        "lastAuditDate": null,
        "createdAt": "2025-03-28T16:04:51.380Z",
        "updatedAt": "2025-03-28T16:04:51.968Z"
      },
      {
        "id": 224,
        "name": "Second Entity",
        "code": "SEC",
        "ownerId": 1,
        "clientId": 65,
        "active": true,
        "fiscalYearStart": "01-01",
        "fiscalYearEnd": "12-31",
        "taxId": "456-78-9012",
        "address": null,
        "city": null,
        "state": null,
        "country": null,
        "postalCode": null,
        "phone": null,
        "email": null,
        "website": null,
        "industry": "healthcare",
        "subIndustry": null,
        "employeeCount": null,
        "foundedYear": null,
        "annualRevenue": null,
        "businessType": null,
        "publiclyTraded": false,
        "stockSymbol": null,
        "currency": "USD",
        "timezone": "UTC",
        "dataCollectionConsent": false,
        "lastAuditDate": null,
        "createdAt": "2025-03-28T16:19:03.658Z",
        "updatedAt": null
      },
      {
        "id": 226,
        "name": "Second Entity",
        "code": "SEC",
        "ownerId": 1,
        "clientId": 66,
        "active": true,
        "fiscalYearStart": "01-01",
        "fiscalYearEnd": "12-31",
        "taxId": "456-78-9012",
        "address": null,
        "city": null,
        "state": null,
        "country": null,
        "postalCode": null,
        "phone": null,
        "email": null,
        "website": null,
        "industry": "healthcare",
        "subIndustry": null,
        "employeeCount": null,
        "foundedYear": null,
        "annualRevenue": null,
        "businessType": null,
        "publiclyTraded": false,
        "stockSymbol": null,
        "currency": "USD",
        "timezone": "UTC",
        "dataCollectionConsent": false,
        "lastAuditDate": null,
        "createdAt": "2025-03-28T16:22:39.460Z",
        "updatedAt": null
      },
      {
        "id": 227,
        "name": "First Entity (Edited After Back Navigation)",
        "code": "FIR",
        "ownerId": 1,
        "clientId": 67,
        "active": false,
        "fiscalYearStart": "01-01",
        "fiscalYearEnd": "12-31",
        "taxId": "987-65-4321",
        "address": null,
        "city": null,
        "state": null,
        "country": null,
        "postalCode": null,
        "phone": null,
        "email": null,
        "website": null,
        "industry": "retail",
        "subIndustry": null,
        "employeeCount": null,
        "foundedYear": null,
        "annualRevenue": null,
        "businessType": null,
        "publiclyTraded": false,
        "stockSymbol": null,
        "currency": "USD",
        "timezone": "UTC",
        "dataCollectionConsent": false,
        "lastAuditDate": null,
        "createdAt": "2025-03-28T16:29:21.856Z",
        "updatedAt": "2025-03-28T19:21:41.853Z"
      },
      {
        "id": 228,
        "name": "Second Entity",
        "code": "SEC",
        "ownerId": 1,
        "clientId": 67,
        "active": true,
        "fiscalYearStart": "01-01",
        "fiscalYearEnd": "12-31",
        "taxId": "456-78-9012",
        "address": null,
        "city": null,
        "state": null,
        "country": null,
        "postalCode": null,
        "phone": null,
        "email": null,
        "website": null,
        "industry": "healthcare",
        "subIndustry": null,
        "employeeCount": null,
        "foundedYear": null,
        "annualRevenue": null,
        "businessType": null,
        "publiclyTraded": false,
        "stockSymbol": null,
        "currency": "USD",
        "timezone": "UTC",
        "dataCollectionConsent": false,
        "lastAuditDate": null,
        "createdAt": "2025-03-28T16:29:21.935Z",
        "updatedAt": null
      },
      {
        "id": 225,
        "name": "First Entity (Edited After Back Navigation)",
        "code": "FIR",
        "ownerId": 1,
        "clientId": 66,
        "active": false,
        "fiscalYearStart": "01-01",
        "fiscalYearEnd": "12-31",
        "taxId": "987-65-4321",
        "address": "",
        "city": null,
        "state": null,
        "country": null,
        "postalCode": null,
        "phone": "",
        "email": "",
        "website": null,
        "industry": "real-estate",
        "subIndustry": null,
        "employeeCount": null,
        "foundedYear": null,
        "annualRevenue": null,
        "businessType": null,
        "publiclyTraded": false,
        "stockSymbol": null,
        "currency": "USD",
        "timezone": "UTC",
        "dataCollectionConsent": false,
        "lastAuditDate": null,
        "createdAt": "2025-03-28T16:22:39.375Z",
        "updatedAt": "2025-03-28T19:21:55.475Z"
      },
      {
        "id": 229,
        "name": "UI Simulation Entity (Edited)",
        "code": "UI ",
        "ownerId": 1,
        "clientId": 68,
        "active": true,
        "fiscalYearStart": "01-01",
        "fiscalYearEnd": "12-31",
        "taxId": "987-65-4321",
        "address": null,
        "city": null,
        "state": null,
        "country": null,
        "postalCode": null,
        "phone": null,
        "email": null,
        "website": null,
        "industry": "healthcare",
        "subIndustry": null,
        "employeeCount": null,
        "foundedYear": null,
        "annualRevenue": null,
        "businessType": null,
        "publiclyTraded": false,
        "stockSymbol": null,
        "currency": "USD",
        "timezone": "UTC",
        "dataCollectionConsent": false,
        "lastAuditDate": null,
        "createdAt": "2025-03-28T16:29:27.997Z",
        "updatedAt": "2025-03-28T16:29:28.125Z"
      },
      {
        "id": 230,
        "name": "First Entity",
        "code": "FIR",
        "ownerId": 1,
        "clientId": 69,
        "active": true,
        "fiscalYearStart": "01-01",
        "fiscalYearEnd": "12-31",
        "taxId": "987-65-4321",
        "address": null,
        "city": null,
        "state": null,
        "country": null,
        "postalCode": null,
        "phone": null,
        "email": null,
        "website": null,
        "industry": "finance",
        "subIndustry": null,
        "employeeCount": null,
        "foundedYear": null,
        "annualRevenue": null,
        "businessType": null,
        "publiclyTraded": false,
        "stockSymbol": null,
        "currency": "USD",
        "timezone": "UTC",
        "dataCollectionConsent": false,
        "lastAuditDate": null,
        "createdAt": "2025-03-28T16:40:40.884Z",
        "updatedAt": null
      },
      {
        "id": 231,
        "name": "Second Entity",
        "code": "SEC",
        "ownerId": 1,
        "clientId": 69,
        "active": true,
        "fiscalYearStart": "01-01",
        "fiscalYearEnd": "12-31",
        "taxId": "555-44-3333",
        "address": null,
        "city": null,
        "state": null,
        "country": null,
        "postalCode": null,
        "phone": null,
        "email": null,
        "website": null,
        "industry": "healthcare",
        "subIndustry": null,
        "employeeCount": null,
        "foundedYear": null,
        "annualRevenue": null,
        "businessType": null,
        "publiclyTraded": false,
        "stockSymbol": null,
        "currency": "USD",
        "timezone": "UTC",
        "dataCollectionConsent": false,
        "lastAuditDate": null,
        "createdAt": "2025-03-28T16:40:40.971Z",
        "updatedAt": null
      },
      {
        "id": 232,
        "name": "First Entity",
        "code": "FIR",
        "ownerId": 1,
        "clientId": 70,
        "active": true,
        "fiscalYearStart": "01-01",
        "fiscalYearEnd": "12-31",
        "taxId": "987-65-4321",
        "address": null,
        "city": null,
        "state": null,
        "country": null,
        "postalCode": null,
        "phone": null,
        "email": null,
        "website": null,
        "industry": "finance",
        "subIndustry": null,
        "employeeCount": null,
        "foundedYear": null,
        "annualRevenue": null,
        "businessType": null,
        "publiclyTraded": false,
        "stockSymbol": null,
        "currency": "USD",
        "timezone": "UTC",
        "dataCollectionConsent": false,
        "lastAuditDate": null,
        "createdAt": "2025-03-28T16:41:46.704Z",
        "updatedAt": null
      },
      {
        "id": 233,
        "name": "Second Entity",
        "code": "SEC",
        "ownerId": 1,
        "clientId": 70,
        "active": true,
        "fiscalYearStart": "01-01",
        "fiscalYearEnd": "12-31",
        "taxId": "555-44-3333",
        "address": null,
        "city": null,
        "state": null,
        "country": null,
        "postalCode": null,
        "phone": null,
        "email": null,
        "website": null,
        "industry": "healthcare",
        "subIndustry": null,
        "employeeCount": null,
        "foundedYear": null,
        "annualRevenue": null,
        "businessType": null,
        "publiclyTraded": false,
        "stockSymbol": null,
        "currency": "USD",
        "timezone": "UTC",
        "dataCollectionConsent": false,
        "lastAuditDate": null,
        "createdAt": "2025-03-28T16:41:46.779Z",
        "updatedAt": null
      },
      {
        "id": 235,
        "name": "Second Entity",
        "code": "SEC",
        "ownerId": 1,
        "clientId": 71,
        "active": true,
        "fiscalYearStart": "01-01",
        "fiscalYearEnd": "12-31",
        "taxId": "555-44-3333",
        "address": null,
        "city": null,
        "state": null,
        "country": null,
        "postalCode": null,
        "phone": null,
        "email": null,
        "website": null,
        "industry": "healthcare",
        "subIndustry": null,
        "employeeCount": null,
        "foundedYear": null,
        "annualRevenue": null,
        "businessType": null,
        "publiclyTraded": false,
        "stockSymbol": null,
        "currency": "USD",
        "timezone": "UTC",
        "dataCollectionConsent": false,
        "lastAuditDate": null,
        "createdAt": "2025-03-28T16:43:02.261Z",
        "updatedAt": null
      },
      {
        "id": 234,
        "name": "First Entity (EDITED AFTER BACK NAVIGATION)",
        "code": "FIR",
        "ownerId": 1,
        "clientId": 71,
        "active": true,
        "fiscalYearStart": "01-01",
        "fiscalYearEnd": "12-31",
        "taxId": "987-65-4321",
        "address": null,
        "city": null,
        "state": null,
        "country": null,
        "postalCode": null,
        "phone": null,
        "email": null,
        "website": null,
        "industry": "retail",
        "subIndustry": null,
        "employeeCount": null,
        "foundedYear": null,
        "annualRevenue": null,
        "businessType": null,
        "publiclyTraded": false,
        "stockSymbol": null,
        "currency": "USD",
        "timezone": "UTC",
        "dataCollectionConsent": false,
        "lastAuditDate": null,
        "createdAt": "2025-03-28T16:43:02.190Z",
        "updatedAt": "2025-03-28T16:43:02.394Z"
      },
      {
        "id": 237,
        "name": "Second Entity",
        "code": "SEC",
        "ownerId": 1,
        "clientId": 72,
        "active": true,
        "fiscalYearStart": "01-01",
        "fiscalYearEnd": "12-31",
        "taxId": "555-44-3333",
        "address": null,
        "city": null,
        "state": null,
        "country": null,
        "postalCode": null,
        "phone": null,
        "email": null,
        "website": null,
        "industry": "healthcare",
        "subIndustry": null,
        "employeeCount": null,
        "foundedYear": null,
        "annualRevenue": null,
        "businessType": null,
        "publiclyTraded": false,
        "stockSymbol": null,
        "currency": "USD",
        "timezone": "UTC",
        "dataCollectionConsent": false,
        "lastAuditDate": null,
        "createdAt": "2025-03-28T16:45:02.534Z",
        "updatedAt": null
      },
      {
        "id": 236,
        "name": "First Entity (EDITED AFTER BACK NAVIGATION)",
        "code": "FIR",
        "ownerId": 1,
        "clientId": 72,
        "active": true,
        "fiscalYearStart": "01-01",
        "fiscalYearEnd": "12-31",
        "taxId": "987-65-4321",
        "address": null,
        "city": null,
        "state": null,
        "country": null,
        "postalCode": null,
        "phone": null,
        "email": null,
        "website": null,
        "industry": "retail",
        "subIndustry": null,
        "employeeCount": null,
        "foundedYear": null,
        "annualRevenue": null,
        "businessType": null,
        "publiclyTraded": false,
        "stockSymbol": null,
        "currency": "USD",
        "timezone": "UTC",
        "dataCollectionConsent": false,
        "lastAuditDate": null,
        "createdAt": "2025-03-28T16:45:02.450Z",
        "updatedAt": "2025-03-28T16:45:02.676Z"
      },
      {
        "id": 238,
        "name": "ONE",
        "code": "ONE",
        "ownerId": 1,
        "clientId": 73,
        "active": true,
        "fiscalYearStart": "01-01",
        "fiscalYearEnd": "12-31",
        "taxId": null,
        "address": null,
        "city": null,
        "state": null,
        "country": null,
        "postalCode": null,
        "phone": null,
        "email": null,
        "website": null,
        "industry": "manufacturing",
        "subIndustry": null,
        "employeeCount": null,
        "foundedYear": null,
        "annualRevenue": null,
        "businessType": null,
        "publiclyTraded": false,
        "stockSymbol": null,
        "currency": "USD",
        "timezone": "UTC",
        "dataCollectionConsent": false,
        "lastAuditDate": null,
        "createdAt": "2025-03-28T17:02:20.996Z",
        "updatedAt": null
      },
      {
        "id": 239,
        "name": "ONE1",
        "code": "11",
        "ownerId": 1,
        "clientId": 73,
        "active": true,
        "fiscalYearStart": "01-01",
        "fiscalYearEnd": "12-31",
        "taxId": null,
        "address": null,
        "city": null,
        "state": null,
        "country": null,
        "postalCode": null,
        "phone": null,
        "email": null,
        "website": null,
        "industry": "tech",
        "subIndustry": null,
        "employeeCount": null,
        "foundedYear": null,
        "annualRevenue": null,
        "businessType": null,
        "publiclyTraded": false,
        "stockSymbol": null,
        "currency": "USD",
        "timezone": "UTC",
        "dataCollectionConsent": false,
        "lastAuditDate": null,
        "createdAt": "2025-03-28T17:02:21.110Z",
        "updatedAt": null
      },
      {
        "id": 240,
        "name": "ONE11",
        "code": "111",
        "ownerId": 1,
        "clientId": 73,
        "active": true,
        "fiscalYearStart": "01-01",
        "fiscalYearEnd": "12-31",
        "taxId": null,
        "address": null,
        "city": null,
        "state": null,
        "country": null,
        "postalCode": null,
        "phone": null,
        "email": null,
        "website": null,
        "industry": "tech",
        "subIndustry": null,
        "employeeCount": null,
        "foundedYear": null,
        "annualRevenue": null,
        "businessType": null,
        "publiclyTraded": false,
        "stockSymbol": null,
        "currency": "USD",
        "timezone": "UTC",
        "dataCollectionConsent": false,
        "lastAuditDate": null,
        "createdAt": "2025-03-28T17:02:21.112Z",
        "updatedAt": null
      },
      {
        "id": 241,
        "name": "ONE13",
        "code": "1234",
        "ownerId": 1,
        "clientId": 73,
        "active": true,
        "fiscalYearStart": "01-01",
        "fiscalYearEnd": "12-31",
        "taxId": null,
        "address": null,
        "city": null,
        "state": null,
        "country": null,
        "postalCode": null,
        "phone": null,
        "email": null,
        "website": null,
        "industry": "healthcare",
        "subIndustry": null,
        "employeeCount": null,
        "foundedYear": null,
        "annualRevenue": null,
        "businessType": null,
        "publiclyTraded": false,
        "stockSymbol": null,
        "currency": "USD",
        "timezone": "UTC",
        "dataCollectionConsent": false,
        "lastAuditDate": null,
        "createdAt": "2025-03-28T17:02:21.119Z",
        "updatedAt": null
      },
      {
        "id": 114,
        "name": "12 (Updated)",
        "code": "123",
        "ownerId": 1,
        "clientId": 1,
        "active": true,
        "fiscalYearStart": "01-01",
        "fiscalYearEnd": "12-31",
        "taxId": null,
        "address": null,
        "city": null,
        "state": null,
        "country": null,
        "postalCode": null,
        "phone": "555-1234-10",
        "email": null,
        "website": null,
        "industry": "other",
        "subIndustry": null,
        "employeeCount": null,
        "foundedYear": null,
        "annualRevenue": null,
        "businessType": null,
        "publiclyTraded": false,
        "stockSymbol": null,
        "currency": "USD",
        "timezone": "UTC",
        "dataCollectionConsent": false,
        "lastAuditDate": null,
        "createdAt": "2025-03-27T20:53:57.318Z",
        "updatedAt": "2025-03-28T19:31:27.476Z"
      }
    ],
    "users": [
      {
        "id": 2,
        "username": "testuser_1742586096371",
        "password": "$2b$10$9bXnxv5MxSVXXJZMfKoBxOYJMj6Qp77UeXOJeCcZiKW/fPqvvD0ni",
        "email": "test_1742586096371@example.com",
        "name": "Test User",
        "role": "admin",
        "active": true,
        "lastLogin": null,
        "loginCount": null,
        "industry": null,
        "companySize": null,
        "jobTitle": null,
        "location": null,
        "preferredLanguage": "en",
        "deviceInfo": null,
        "lastSession": null,
        "sessionCount": 0,
        "referralSource": null,
        "createdAt": "2025-03-21T19:41:36.919Z",
        "updatedAt": null
      },
      {
        "id": 4,
        "username": "testuser_1742586773567",
        "password": "$2b$10$9bXnxv5MxSVXXJZMfKoBxOYJMj6Qp77UeXOJeCcZiKW/fPqvvD0ni",
        "email": "test_1742586773567@example.com",
        "name": "Test User",
        "role": "admin",
        "active": true,
        "lastLogin": null,
        "loginCount": null,
        "industry": null,
        "companySize": null,
        "jobTitle": null,
        "location": null,
        "preferredLanguage": "en",
        "deviceInfo": null,
        "lastSession": null,
        "sessionCount": 0,
        "referralSource": null,
        "createdAt": "2025-03-21T19:52:54.103Z",
        "updatedAt": null
      },
      {
        "id": 5,
        "username": "test-consolidation-user",
        "password": "$2b$10$9bXnxv5MxSVXXJZMfKoBxOYJMj6Qp77UeXOJeCcZiKW/fPqvvD0ni",
        "email": "test@example.com",
        "name": "Test User",
        "role": "admin",
        "active": true,
        "lastLogin": null,
        "loginCount": null,
        "industry": null,
        "companySize": null,
        "jobTitle": null,
        "location": null,
        "preferredLanguage": "en",
        "deviceInfo": null,
        "lastSession": null,
        "sessionCount": 0,
        "referralSource": null,
        "createdAt": "2025-03-21T21:38:31.307Z",
        "updatedAt": null
      },
      {
        "id": 7,
        "username": "test-consolidation-user-1742593151944",
        "password": "$2b$10$9bXnxv5MxSVXXJZMfKoBxOYJMj6Qp77UeXOJeCcZiKW/fPqvvD0ni",
        "email": "test-1742593151944@example.com",
        "name": "Test User",
        "role": "admin",
        "active": true,
        "lastLogin": null,
        "loginCount": null,
        "industry": null,
        "companySize": null,
        "jobTitle": null,
        "location": null,
        "preferredLanguage": "en",
        "deviceInfo": null,
        "lastSession": null,
        "sessionCount": 0,
        "referralSource": null,
        "createdAt": "2025-03-21T21:39:11.944Z",
        "updatedAt": null
      },
      {
        "id": 1,
        "username": "admin",
        "password": "$2b$10$5IawctOh1o4nbtQaW78tCOLwJt6pbS7gKwRppckmG.Z3PvxvLyWG2",
        "email": "admin@example.com",
        "name": "Admin User",
        "role": "admin",
        "active": true,
        "lastLogin": null,
        "loginCount": null,
        "industry": null,
        "companySize": null,
        "jobTitle": null,
        "location": null,
        "preferredLanguage": "en",
        "deviceInfo": null,
        "lastSession": null,
        "sessionCount": 0,
        "referralSource": null,
        "createdAt": "2025-03-18T22:30:40.249Z",
        "updatedAt": null
      },
      {
        "id": 16,
        "username": "testuser_1742829876025",
        "password": "password123",
        "email": "test_1742829876025@example.com",
        "name": "Test User",
        "role": "admin",
        "active": true,
        "lastLogin": null,
        "loginCount": null,
        "industry": null,
        "companySize": null,
        "jobTitle": null,
        "location": null,
        "preferredLanguage": "en",
        "deviceInfo": null,
        "lastSession": null,
        "sessionCount": 0,
        "referralSource": null,
        "createdAt": "2025-03-24T15:24:36.569Z",
        "updatedAt": null
      },
      {
        "id": 17,
        "username": "testuser_1742830724818",
        "password": "password123",
        "email": "test_1742830724818@example.com",
        "name": "Test User",
        "role": "admin",
        "active": true,
        "lastLogin": null,
        "loginCount": null,
        "industry": null,
        "companySize": null,
        "jobTitle": null,
        "location": null,
        "preferredLanguage": "en",
        "deviceInfo": null,
        "lastSession": null,
        "sessionCount": 0,
        "referralSource": null,
        "createdAt": "2025-03-24T15:38:44.942Z",
        "updatedAt": null
      },
      {
        "id": 18,
        "username": "testuser_1742830853830",
        "password": "password123",
        "email": "test_1742830853830@example.com",
        "name": "Test User",
        "role": "admin",
        "active": true,
        "lastLogin": null,
        "loginCount": null,
        "industry": null,
        "companySize": null,
        "jobTitle": null,
        "location": null,
        "preferredLanguage": "en",
        "deviceInfo": null,
        "lastSession": null,
        "sessionCount": 0,
        "referralSource": null,
        "createdAt": "2025-03-24T15:40:56.326Z",
        "updatedAt": null
      }
    ],
    "consolidationGroups": [
      {
        "id": 1,
        "name": "Updated Test Group",
        "description": "Updated for testing purposes",
        "ownerId": 1,
        "currency": "USD",
        "startDate": "2025-03-21T16:59:31.905Z",
        "endDate": "2026-03-21T16:59:31.905Z",
        "periodType": "monthly",
        "rules": {},
        "isActive": true,
        "lastRun": null,
        "createdBy": 1,
        "createdAt": "2025-03-21T16:59:31.905Z",
        "updatedAt": "2025-03-23T03:14:20.006Z",
        "entities": [
          1
        ]
      },
      {
        "id": 2,
        "name": "Updated Test Group",
        "description": "Updated for testing purposes",
        "ownerId": 1,
        "currency": "USD",
        "startDate": "2025-03-21T17:08:11.007Z",
        "endDate": "2026-03-21T17:08:11.007Z",
        "periodType": "monthly",
        "rules": {},
        "isActive": true,
        "lastRun": null,
        "createdBy": 1,
        "createdAt": "2025-03-21T17:08:11.007Z",
        "updatedAt": "2025-03-23T03:14:19.518Z",
        "entities": [
          1
        ]
      }
    ]
  }
}
✅ SUCCESS: Dashboard data loaded with 72 clients
Selected client ID 1 for testing

----- TESTING: View Client Details -----

Request: GET http://localhost:5000/api/admin/clients/1
Response Status: 200
Response Data: {
  "status": "success",
  "data": {
    "id": 1,
    "userId": 2,
    "name": "Admin Client",
    "contactName": "Test Contact 1743190286946",
    "contactEmail": "admin@example.com",
    "contactPhone": "",
    "industry": "healthcare",
    "address": "",
    "city": null,
    "state": null,
    "country": null,
    "postalCode": null,
    "website": "",
    "notes": "Updated via automated test at 2025-03-28T19:31:26.946Z",
    "active": false,
    "referralSource": null,
    "createdAt": "2025-03-25T22:45:04.494Z",
    "updatedAt": "2025-03-28T19:31:27.696Z",
    "entities": [
      {
        "id": 116,
        "name": "12",
        "code": "22",
        "ownerId": 1,
        "clientId": 1,
        "active": true,
        "fiscalYearStart": "01-01",
        "fiscalYearEnd": "12-31",
        "taxId": null,
        "address": null,
        "city": null,
        "state": null,
        "country": null,
        "postalCode": null,
        "phone": null,
        "email": null,
        "website": null,
        "industry": null,
        "subIndustry": null,
        "employeeCount": null,
        "foundedYear": null,
        "annualRevenue": null,
        "businessType": null,
        "publiclyTraded": false,
        "stockSymbol": null,
        "currency": "USD",
        "timezone": "UTC",
        "dataCollectionConsent": false,
        "lastAuditDate": null,
        "createdAt": "2025-03-27T20:54:42.707Z",
        "updatedAt": null
      },
      {
        "id": 114,
        "name": "12 (Updated)",
        "code": "123",
        "ownerId": 1,
        "clientId": 1,
        "active": true,
        "fiscalYearStart": "01-01",
        "fiscalYearEnd": "12-31",
        "taxId": null,
        "address": null,
        "city": null,
        "state": null,
        "country": null,
        "postalCode": null,
        "phone": "555-1234-10",
        "email": null,
        "website": null,
        "industry": "other",
        "subIndustry": null,
        "employeeCount": null,
        "foundedYear": null,
        "annualRevenue": null,
        "businessType": null,
        "publiclyTraded": false,
        "stockSymbol": null,
        "currency": "USD",
        "timezone": "UTC",
        "dataCollectionConsent": false,
        "lastAuditDate": null,
        "createdAt": "2025-03-27T20:53:57.318Z",
        "updatedAt": "2025-03-28T19:31:27.476Z"
      },
      {
        "id": 115,
        "name": "12222",
        "code": "2222",
        "ownerId": 1,
        "clientId": 1,
        "active": true,
        "fiscalYearStart": "01-01",
        "fiscalYearEnd": "12-31",
        "taxId": null,
        "address": null,
        "city": null,
        "state": null,
        "country": null,
        "postalCode": null,
        "phone": null,
        "email": null,
        "website": null,
        "industry": null,
        "subIndustry": null,
        "employeeCount": null,
        "foundedYear": null,
        "annualRevenue": null,
        "businessType": null,
        "publiclyTraded": false,
        "stockSymbol": null,
        "currency": "USD",
        "timezone": "UTC",
        "dataCollectionConsent": false,
        "lastAuditDate": null,
        "createdAt": "2025-03-27T20:54:27.840Z",
        "updatedAt": null
      },
      {
        "id": 120,
        "name": "34",
        "code": "32",
        "ownerId": 1,
        "clientId": 1,
        "active": true,
        "fiscalYearStart": "01-01",
        "fiscalYearEnd": "12-31",
        "taxId": null,
        "address": null,
        "city": null,
        "state": null,
        "country": null,
        "postalCode": null,
        "phone": null,
        "email": null,
        "website": null,
        "industry": null,
        "subIndustry": null,
        "employeeCount": null,
        "foundedYear": null,
        "annualRevenue": null,
        "businessType": null,
        "publiclyTraded": false,
        "stockSymbol": null,
        "currency": "USD",
        "timezone": "UTC",
        "dataCollectionConsent": false,
        "lastAuditDate": null,
        "createdAt": "2025-03-27T21:06:31.867Z",
        "updatedAt": null
      },
      {
        "id": 121,
        "name": "455",
        "code": "455",
        "ownerId": 1,
        "clientId": 1,
        "active": true,
        "fiscalYearStart": "01-01",
        "fiscalYearEnd": "12-31",
        "taxId": null,
        "address": null,
        "city": null,
        "state": null,
        "country": null,
        "postalCode": null,
        "phone": null,
        "email": null,
        "website": null,
        "industry": "other",
        "subIndustry": null,
        "employeeCount": null,
        "foundedYear": null,
        "annualRevenue": null,
        "businessType": null,
        "publiclyTraded": false,
        "stockSymbol": null,
        "currency": "USD",
        "timezone": "UTC",
        "dataCollectionConsent": false,
        "lastAuditDate": null,
        "createdAt": "2025-03-27T21:11:30.844Z",
        "updatedAt": null
      },
      {
        "id": 84,
        "name": "Entity C1",
        "code": "EC1",
        "ownerId": 1,
        "clientId": 1,
        "active": true,
        "fiscalYearStart": "01-01",
        "fiscalYearEnd": "12-31",
        "taxId": null,
        "address": null,
        "city": null,
        "state": null,
        "country": null,
        "postalCode": null,
        "phone": null,
        "email": null,
        "website": null,
        "industry": null,
        "subIndustry": null,
        "employeeCount": null,
        "foundedYear": null,
        "annualRevenue": null,
        "businessType": null,
        "publiclyTraded": false,
        "stockSymbol": null,
        "currency": "USD",
        "timezone": "UTC",
        "dataCollectionConsent": false,
        "lastAuditDate": null,
        "createdAt": "2025-03-27T16:10:05.145Z",
        "updatedAt": null
      },
      {
        "id": 82,
        "name": "Entity C1",
        "code": "EC1",
        "ownerId": 1,
        "clientId": 1,
        "active": true,
        "fiscalYearStart": "01-01",
        "fiscalYearEnd": "12-31",
        "taxId": null,
        "address": null,
        "city": null,
        "state": null,
        "country": null,
        "postalCode": null,
        "phone": null,
        "email": null,
        "website": null,
        "industry": null,
        "subIndustry": null,
        "employeeCount": null,
        "foundedYear": null,
        "annualRevenue": null,
        "businessType": null,
        "publiclyTraded": false,
        "stockSymbol": null,
        "currency": "USD",
        "timezone": "UTC",
        "dataCollectionConsent": false,
        "lastAuditDate": null,
        "createdAt": "2025-03-27T15:34:56.200Z",
        "updatedAt": null
      },
      {
        "id": 83,
        "name": "Entity C2",
        "code": "EC2",
        "ownerId": 1,
        "clientId": 1,
        "active": true,
        "fiscalYearStart": "01-01",
        "fiscalYearEnd": "12-31",
        "taxId": null,
        "address": null,
        "city": null,
        "state": null,
        "country": null,
        "postalCode": null,
        "phone": null,
        "email": null,
        "website": null,
        "industry": null,
        "subIndustry": null,
        "employeeCount": null,
        "foundedYear": null,
        "annualRevenue": null,
        "businessType": null,
        "publiclyTraded": false,
        "stockSymbol": null,
        "currency": "USD",
        "timezone": "UTC",
        "dataCollectionConsent": false,
        "lastAuditDate": null,
        "createdAt": "2025-03-27T16:01:06.598Z",
        "updatedAt": null
      },
      {
        "id": 74,
        "name": "Entity Verify-1",
        "code": "EV1",
        "ownerId": 1,
        "clientId": 1,
        "active": true,
        "fiscalYearStart": "01-01",
        "fiscalYearEnd": "12-31",
        "taxId": null,
        "address": null,
        "city": null,
        "state": null,
        "country": null,
        "postalCode": null,
        "phone": null,
        "email": null,
        "website": null,
        "industry": null,
        "subIndustry": null,
        "employeeCount": null,
        "foundedYear": null,
        "annualRevenue": null,
        "businessType": null,
        "publiclyTraded": false,
        "stockSymbol": null,
        "currency": "USD",
        "timezone": "UTC",
        "dataCollectionConsent": false,
        "lastAuditDate": null,
        "createdAt": "2025-03-26T17:58:50.604Z",
        "updatedAt": null
      },
      {
        "id": 112,
        "name": "FE",
        "code": "EE",
        "ownerId": 1,
        "clientId": 1,
        "active": true,
        "fiscalYearStart": "01-01",
        "fiscalYearEnd": "12-31",
        "taxId": null,
        "address": null,
        "city": null,
        "state": null,
        "country": null,
        "postalCode": null,
        "phone": null,
        "email": null,
        "website": null,
        "industry": null,
        "subIndustry": null,
        "employeeCount": null,
        "foundedYear": null,
        "annualRevenue": null,
        "businessType": null,
        "publiclyTraded": false,
        "stockSymbol": null,
        "currency": "USD",
        "timezone": "UTC",
        "dataCollectionConsent": false,
        "lastAuditDate": null,
        "createdAt": "2025-03-27T20:46:51.486Z",
        "updatedAt": null
      },
      {
        "id": 113,
        "name": "FF",
        "code": "FF",
        "ownerId": 1,
        "clientId": 1,
        "active": true,
        "fiscalYearStart": "01-01",
        "fiscalYearEnd": "12-31",
        "taxId": null,
        "address": null,
        "city": null,
        "state": null,
        "country": null,
        "postalCode": null,
        "phone": null,
        "email": null,
        "website": null,
        "industry": null,
        "subIndustry": null,
        "employeeCount": null,
        "foundedYear": null,
        "annualRevenue": null,
        "businessType": null,
        "publiclyTraded": false,
        "stockSymbol": null,
        "currency": "USD",
        "timezone": "UTC",
        "dataCollectionConsent": false,
        "lastAuditDate": null,
        "createdAt": "2025-03-27T20:47:35.488Z",
        "updatedAt": null
      },
      {
        "id": 103,
        "name": "Fail",
        "code": "Fail",
        "ownerId": 1,
        "clientId": 1,
        "active": true,
        "fiscalYearStart": "01-01",
        "fiscalYearEnd": "12-31",
        "taxId": null,
        "address": null,
        "city": null,
        "state": null,
        "country": null,
        "postalCode": null,
        "phone": null,
        "email": null,
        "website": null,
        "industry": "other",
        "subIndustry": null,
        "employeeCount": null,
        "foundedYear": null,
        "annualRevenue": null,
        "businessType": null,
        "publiclyTraded": false,
        "stockSymbol": null,
        "currency": "USD",
        "timezone": "UTC",
        "dataCollectionConsent": false,
        "lastAuditDate": null,
        "createdAt": "2025-03-27T20:04:31.541Z",
        "updatedAt": null
      },
      {
        "id": 72,
        "name": "Gary",
        "code": "AD",
        "ownerId": 1,
        "clientId": 1,
        "active": true,
        "fiscalYearStart": "01-01",
        "fiscalYearEnd": "12-31",
        "taxId": null,
        "address": null,
        "city": null,
        "state": null,
        "country": null,
        "postalCode": null,
        "phone": null,
        "email": null,
        "website": null,
        "industry": null,
        "subIndustry": null,
        "employeeCount": null,
        "foundedYear": null,
        "annualRevenue": null,
        "businessType": null,
        "publiclyTraded": false,
        "stockSymbol": null,
        "currency": "USD",
        "timezone": "UTC",
        "dataCollectionConsent": false,
        "lastAuditDate": null,
        "createdAt": "2025-03-26T17:02:55.030Z",
        "updatedAt": null
      },
      {
        "id": 73,
        "name": "Gary",
        "code": "A#",
        "ownerId": 1,
        "clientId": 1,
        "active": true,
        "fiscalYearStart": "01-01",
        "fiscalYearEnd": "12-31",
        "taxId": null,
        "address": null,
        "city": null,
        "state": null,
        "country": null,
        "postalCode": null,
        "phone": null,
        "email": null,
        "website": null,
        "industry": null,
        "subIndustry": null,
        "employeeCount": null,
        "foundedYear": null,
        "annualRevenue": null,
        "businessType": null,
        "publiclyTraded": false,
        "stockSymbol": null,
        "currency": "USD",
        "timezone": "UTC",
        "dataCollectionConsent": false,
        "lastAuditDate": null,
        "createdAt": "2025-03-26T17:03:11.020Z",
        "updatedAt": null
      },
      {
        "id": 111,
        "name": "Hello",
        "code": "Hellp",
        "ownerId": 1,
        "clientId": 1,
        "active": true,
        "fiscalYearStart": "01-01",
        "fiscalYearEnd": "12-31",
        "taxId": null,
        "address": null,
        "city": null,
        "state": null,
        "country": null,
        "postalCode": null,
        "phone": null,
        "email": null,
        "website": null,
        "industry": null,
        "subIndustry": null,
        "employeeCount": null,
        "foundedYear": null,
        "annualRevenue": null,
        "businessType": null,
        "publiclyTraded": false,
        "stockSymbol": null,
        "currency": "USD",
        "timezone": "UTC",
        "dataCollectionConsent": false,
        "lastAuditDate": null,
        "createdAt": "2025-03-27T20:46:31.719Z",
        "updatedAt": null
      },
      {
        "id": 110,
        "name": "Hello",
        "code": "Hello",
        "ownerId": 1,
        "clientId": 1,
        "active": true,
        "fiscalYearStart": "01-01",
        "fiscalYearEnd": "12-31",
        "taxId": null,
        "address": null,
        "city": null,
        "state": null,
        "country": null,
        "postalCode": null,
        "phone": null,
        "email": null,
        "website": null,
        "industry": "other",
        "subIndustry": null,
        "employeeCount": null,
        "foundedYear": null,
        "annualRevenue": null,
        "businessType": null,
        "publiclyTraded": false,
        "stockSymbol": null,
        "currency": "USD",
        "timezone": "UTC",
        "dataCollectionConsent": false,
        "lastAuditDate": null,
        "createdAt": "2025-03-27T20:45:35.884Z",
        "updatedAt": null
      },
      {
        "id": 100,
        "name": "Hope",
        "code": "Hope",
        "ownerId": 1,
        "clientId": 1,
        "active": true,
        "fiscalYearStart": "01-01",
        "fiscalYearEnd": "12-31",
        "taxId": null,
        "address": null,
        "city": null,
        "state": null,
        "country": null,
        "postalCode": null,
        "phone": null,
        "email": null,
        "website": null,
        "industry": null,
        "subIndustry": null,
        "employeeCount": null,
        "foundedYear": null,
        "annualRevenue": null,
        "businessType": null,
        "publiclyTraded": false,
        "stockSymbol": null,
        "currency": "USD",
        "timezone": "UTC",
        "dataCollectionConsent": false,
        "lastAuditDate": null,
        "createdAt": "2025-03-27T19:56:10.860Z",
        "updatedAt": null
      },
      {
        "id": 99,
        "name": "Hope",
        "code": "Hope",
        "ownerId": 1,
        "clientId": 1,
        "active": true,
        "fiscalYearStart": "01-01",
        "fiscalYearEnd": "12-31",
        "taxId": null,
        "address": null,
        "city": null,
        "state": null,
        "country": null,
        "postalCode": null,
        "phone": null,
        "email": null,
        "website": null,
        "industry": null,
        "subIndustry": null,
        "employeeCount": null,
        "foundedYear": null,
        "annualRevenue": null,
        "businessType": null,
        "publiclyTraded": false,
        "stockSymbol": null,
        "currency": "USD",
        "timezone": "UTC",
        "dataCollectionConsent": false,
        "lastAuditDate": null,
        "createdAt": "2025-03-27T19:55:24.328Z",
        "updatedAt": null
      },
      {
        "id": 101,
        "name": "Hope2",
        "code": "Hope2",
        "ownerId": 1,
        "clientId": 1,
        "active": true,
        "fiscalYearStart": "01-01",
        "fiscalYearEnd": "12-31",
        "taxId": null,
        "address": null,
        "city": null,
        "state": null,
        "country": null,
        "postalCode": null,
        "phone": null,
        "email": null,
        "website": null,
        "industry": null,
        "subIndustry": null,
        "employeeCount": null,
        "foundedYear": null,
        "annualRevenue": null,
        "businessType": null,
        "publiclyTraded": false,
        "stockSymbol": null,
        "currency": "USD",
        "timezone": "UTC",
        "dataCollectionConsent": false,
        "lastAuditDate": null,
        "createdAt": "2025-03-27T19:56:23.202Z",
        "updatedAt": null
      },
      {
        "id": 102,
        "name": "LOL",
        "code": "LOL2",
        "ownerId": 1,
        "clientId": 1,
        "active": true,
        "fiscalYearStart": "01-01",
        "fiscalYearEnd": "12-31",
        "taxId": null,
        "address": null,
        "city": null,
        "state": null,
        "country": null,
        "postalCode": null,
        "phone": null,
        "email": null,
        "website": null,
        "industry": null,
        "subIndustry": null,
        "employeeCount": null,
        "foundedYear": null,
        "annualRevenue": null,
        "businessType": null,
        "publiclyTraded": false,
        "stockSymbol": null,
        "currency": "USD",
        "timezone": "UTC",
        "dataCollectionConsent": false,
        "lastAuditDate": null,
        "createdAt": "2025-03-27T19:58:40.580Z",
        "updatedAt": null
      },
      {
        "id": 80,
        "name": "MAG",
        "code": "MAG",
        "ownerId": 1,
        "clientId": 1,
        "active": true,
        "fiscalYearStart": "01-01",
        "fiscalYearEnd": "12-31",
        "taxId": null,
        "address": null,
        "city": null,
        "state": null,
        "country": null,
        "postalCode": null,
        "phone": null,
        "email": null,
        "website": null,
        "industry": null,
        "subIndustry": null,
        "employeeCount": null,
        "foundedYear": null,
        "annualRevenue": null,
        "businessType": null,
        "publiclyTraded": false,
        "stockSymbol": null,
        "currency": "USD",
        "timezone": "UTC",
        "dataCollectionConsent": false,
        "lastAuditDate": null,
        "createdAt": "2025-03-27T14:54:33.387Z",
        "updatedAt": null
      },
      {
        "id": 89,
        "name": "Pep",
        "code": "PPE",
        "ownerId": 1,
        "clientId": 1,
        "active": true,
        "fiscalYearStart": "01-01",
        "fiscalYearEnd": "12-31",
        "taxId": null,
        "address": null,
        "city": null,
        "state": null,
        "country": null,
        "postalCode": null,
        "phone": null,
        "email": null,
        "website": null,
        "industry": null,
        "subIndustry": null,
        "employeeCount": null,
        "foundedYear": null,
        "annualRevenue": null,
        "businessType": null,
        "publiclyTraded": false,
        "stockSymbol": null,
        "currency": "USD",
        "timezone": "UTC",
        "dataCollectionConsent": false,
        "lastAuditDate": null,
        "createdAt": "2025-03-27T17:44:56.151Z",
        "updatedAt": null
      },
      {
        "id": 81,
        "name": "Pep",
        "code": "PEP",
        "ownerId": 1,
        "clientId": 1,
        "active": true,
        "fiscalYearStart": "01-01",
        "fiscalYearEnd": "12-31",
        "taxId": null,
        "address": null,
        "city": null,
        "state": null,
        "country": null,
        "postalCode": null,
        "phone": null,
        "email": null,
        "website": null,
        "industry": null,
        "subIndustry": null,
        "employeeCount": null,
        "foundedYear": null,
        "annualRevenue": null,
        "businessType": null,
        "publiclyTraded": false,
        "stockSymbol": null,
        "currency": "USD",
        "timezone": "UTC",
        "dataCollectionConsent": false,
        "lastAuditDate": null,
        "createdAt": "2025-03-27T14:57:09.646Z",
        "updatedAt": null
      },
      {
        "id": 88,
        "name": "Pep",
        "code": "PEP",
        "ownerId": 1,
        "clientId": 1,
        "active": true,
        "fiscalYearStart": "01-01",
        "fiscalYearEnd": "12-31",
        "taxId": null,
        "address": null,
        "city": null,
        "state": null,
        "country": null,
        "postalCode": null,
        "phone": null,
        "email": null,
        "website": null,
        "industry": null,
        "subIndustry": null,
        "employeeCount": null,
        "foundedYear": null,
        "annualRevenue": null,
        "businessType": null,
        "publiclyTraded": false,
        "stockSymbol": null,
        "currency": "USD",
        "timezone": "UTC",
        "dataCollectionConsent": false,
        "lastAuditDate": null,
        "createdAt": "2025-03-27T17:39:01.477Z",
        "updatedAt": null
      },
      {
        "id": 90,
        "name": "Pep",
        "code": "Pep",
        "ownerId": 1,
        "clientId": 1,
        "active": true,
        "fiscalYearStart": "01-01",
        "fiscalYearEnd": "12-31",
        "taxId": null,
        "address": null,
        "city": null,
        "state": null,
        "country": null,
        "postalCode": null,
        "phone": null,
        "email": null,
        "website": null,
        "industry": null,
        "subIndustry": null,
        "employeeCount": null,
        "foundedYear": null,
        "annualRevenue": null,
        "businessType": null,
        "publiclyTraded": false,
        "stockSymbol": null,
        "currency": "USD",
        "timezone": "UTC",
        "dataCollectionConsent": false,
        "lastAuditDate": null,
        "createdAt": "2025-03-27T17:49:55.769Z",
        "updatedAt": null
      },
      {
        "id": 91,
        "name": "Pep",
        "code": "Pep",
        "ownerId": 1,
        "clientId": 1,
        "active": true,
        "fiscalYearStart": "01-01",
        "fiscalYearEnd": "12-31",
        "taxId": null,
        "address": null,
        "city": null,
        "state": null,
        "country": null,
        "postalCode": null,
        "phone": null,
        "email": null,
        "website": null,
        "industry": null,
        "subIndustry": null,
        "employeeCount": null,
        "foundedYear": null,
        "annualRevenue": null,
        "businessType": null,
        "publiclyTraded": false,
        "stockSymbol": null,
        "currency": "USD",
        "timezone": "UTC",
        "dataCollectionConsent": false,
        "lastAuditDate": null,
        "createdAt": "2025-03-27T17:50:54.379Z",
        "updatedAt": null
      },
      {
        "id": 92,
        "name": "Pep",
        "code": "Pep",
        "ownerId": 1,
        "clientId": 1,
        "active": true,
        "fiscalYearStart": "01-01",
        "fiscalYearEnd": "12-31",
        "taxId": null,
        "address": null,
        "city": null,
        "state": null,
        "country": null,
        "postalCode": null,
        "phone": null,
        "email": null,
        "website": null,
        "industry": null,
        "subIndustry": null,
        "employeeCount": null,
        "foundedYear": null,
        "annualRevenue": null,
        "businessType": null,
        "publiclyTraded": false,
        "stockSymbol": null,
        "currency": "USD",
        "timezone": "UTC",
        "dataCollectionConsent": false,
        "lastAuditDate": null,
        "createdAt": "2025-03-27T17:59:56.792Z",
        "updatedAt": null
      },
      {
        "id": 93,
        "name": "Pep",
        "code": "Pep",
        "ownerId": 1,
        "clientId": 1,
        "active": true,
        "fiscalYearStart": "01-01",
        "fiscalYearEnd": "12-31",
        "taxId": null,
        "address": null,
        "city": null,
        "state": null,
        "country": null,
        "postalCode": null,
        "phone": null,
        "email": null,
        "website": null,
        "industry": null,
        "subIndustry": null,
        "employeeCount": null,
        "foundedYear": null,
        "annualRevenue": null,
        "businessType": null,
        "publiclyTraded": false,
        "stockSymbol": null,
        "currency": "USD",
        "timezone": "UTC",
        "dataCollectionConsent": false,
        "lastAuditDate": null,
        "createdAt": "2025-03-27T18:04:06.829Z",
        "updatedAt": null
      },
      {
        "id": 94,
        "name": "Pep",
        "code": "PPP",
        "ownerId": 1,
        "clientId": 1,
        "active": true,
        "fiscalYearStart": "01-01",
        "fiscalYearEnd": "12-31",
        "taxId": null,
        "address": null,
        "city": null,
        "state": null,
        "country": null,
        "postalCode": null,
        "phone": null,
        "email": null,
        "website": null,
        "industry": null,
        "subIndustry": null,
        "employeeCount": null,
        "foundedYear": null,
        "annualRevenue": null,
        "businessType": null,
        "publiclyTraded": false,
        "stockSymbol": null,
        "currency": "USD",
        "timezone": "UTC",
        "dataCollectionConsent": false,
        "lastAuditDate": null,
        "createdAt": "2025-03-27T18:14:34.318Z",
        "updatedAt": null
      },
      {
        "id": 96,
        "name": "Pep",
        "code": "PEP",
        "ownerId": 1,
        "clientId": 1,
        "active": true,
        "fiscalYearStart": "01-01",
        "fiscalYearEnd": "12-31",
        "taxId": null,
        "address": null,
        "city": null,
        "state": null,
        "country": null,
        "postalCode": null,
        "phone": null,
        "email": null,
        "website": null,
        "industry": null,
        "subIndustry": null,
        "employeeCount": null,
        "foundedYear": null,
        "annualRevenue": null,
        "businessType": null,
        "publiclyTraded": false,
        "stockSymbol": null,
        "currency": "USD",
        "timezone": "UTC",
        "dataCollectionConsent": false,
        "lastAuditDate": null,
        "createdAt": "2025-03-27T19:35:25.311Z",
        "updatedAt": null
      },
      {
        "id": 97,
        "name": "Pep",
        "code": "PEEP",
        "ownerId": 1,
        "clientId": 1,
        "active": true,
        "fiscalYearStart": "01-01",
        "fiscalYearEnd": "12-31",
        "taxId": null,
        "address": null,
        "city": null,
        "state": null,
        "country": null,
        "postalCode": null,
        "phone": null,
        "email": null,
        "website": null,
        "industry": null,
        "subIndustry": null,
        "employeeCount": null,
        "foundedYear": null,
        "annualRevenue": null,
        "businessType": null,
        "publiclyTraded": false,
        "stockSymbol": null,
        "currency": "USD",
        "timezone": "UTC",
        "dataCollectionConsent": false,
        "lastAuditDate": null,
        "createdAt": "2025-03-27T19:39:46.285Z",
        "updatedAt": null
      },
      {
        "id": 98,
        "name": "Pep",
        "code": "PPPP",
        "ownerId": 1,
        "clientId": 1,
        "active": true,
        "fiscalYearStart": "01-01",
        "fiscalYearEnd": "12-31",
        "taxId": null,
        "address": null,
        "city": null,
        "state": null,
        "country": null,
        "postalCode": null,
        "phone": null,
        "email": null,
        "website": null,
        "industry": null,
        "subIndustry": null,
        "employeeCount": null,
        "foundedYear": null,
        "annualRevenue": null,
        "businessType": null,
        "publiclyTraded": false,
        "stockSymbol": null,
        "currency": "USD",
        "timezone": "UTC",
        "dataCollectionConsent": false,
        "lastAuditDate": null,
        "createdAt": "2025-03-27T19:49:44.364Z",
        "updatedAt": null
      },
      {
        "id": 107,
        "name": "Pep",
        "code": "342",
        "ownerId": 1,
        "clientId": 1,
        "active": true,
        "fiscalYearStart": "01-01",
        "fiscalYearEnd": "12-31",
        "taxId": null,
        "address": null,
        "city": null,
        "state": null,
        "country": null,
        "postalCode": null,
        "phone": null,
        "email": null,
        "website": null,
        "industry": null,
        "subIndustry": null,
        "employeeCount": null,
        "foundedYear": null,
        "annualRevenue": null,
        "businessType": null,
        "publiclyTraded": false,
        "stockSymbol": null,
        "currency": "USD",
        "timezone": "UTC",
        "dataCollectionConsent": false,
        "lastAuditDate": null,
        "createdAt": "2025-03-27T20:28:42.846Z",
        "updatedAt": null
      },
      {
        "id": 108,
        "name": "Pep2",
        "code": "Pep2",
        "ownerId": 1,
        "clientId": 1,
        "active": true,
        "fiscalYearStart": "01-01",
        "fiscalYearEnd": "12-31",
        "taxId": null,
        "address": null,
        "city": null,
        "state": null,
        "country": null,
        "postalCode": null,
        "phone": null,
        "email": null,
        "website": null,
        "industry": "construction",
        "subIndustry": null,
        "employeeCount": null,
        "foundedYear": null,
        "annualRevenue": null,
        "businessType": null,
        "publiclyTraded": false,
        "stockSymbol": null,
        "currency": "USD",
        "timezone": "UTC",
        "dataCollectionConsent": false,
        "lastAuditDate": null,
        "createdAt": "2025-03-27T20:29:03.985Z",
        "updatedAt": null
      },
      {
        "id": 71,
        "name": "Pepper",
        "code": "AA",
        "ownerId": 1,
        "clientId": 1,
        "active": true,
        "fiscalYearStart": "01-01",
        "fiscalYearEnd": "12-31",
        "taxId": null,
        "address": null,
        "city": null,
        "state": null,
        "country": null,
        "postalCode": null,
        "phone": null,
        "email": null,
        "website": null,
        "industry": null,
        "subIndustry": null,
        "employeeCount": null,
        "foundedYear": null,
        "annualRevenue": null,
        "businessType": null,
        "publiclyTraded": false,
        "stockSymbol": null,
        "currency": "USD",
        "timezone": "UTC",
        "dataCollectionConsent": false,
        "lastAuditDate": null,
        "createdAt": "2025-03-26T16:46:37.427Z",
        "updatedAt": null
      },
      {
        "id": 87,
        "name": "Pepper",
        "code": "Pep",
        "ownerId": 1,
        "clientId": 1,
        "active": true,
        "fiscalYearStart": "01-01",
        "fiscalYearEnd": "12-31",
        "taxId": null,
        "address": null,
        "city": null,
        "state": null,
        "country": null,
        "postalCode": null,
        "phone": null,
        "email": null,
        "website": null,
        "industry": null,
        "subIndustry": null,
        "employeeCount": null,
        "foundedYear": null,
        "annualRevenue": null,
        "businessType": null,
        "publiclyTraded": false,
        "stockSymbol": null,
        "currency": "USD",
        "timezone": "UTC",
        "dataCollectionConsent": false,
        "lastAuditDate": null,
        "createdAt": "2025-03-27T17:13:43.223Z",
        "updatedAt": null
      },
      {
        "id": 75,
        "name": "Pepper",
        "code": "Pep",
        "ownerId": 1,
        "clientId": 1,
        "active": true,
        "fiscalYearStart": "01-01",
        "fiscalYearEnd": "12-31",
        "taxId": null,
        "address": null,
        "city": null,
        "state": null,
        "country": null,
        "postalCode": null,
        "phone": null,
        "email": null,
        "website": null,
        "industry": null,
        "subIndustry": null,
        "employeeCount": null,
        "foundedYear": null,
        "annualRevenue": null,
        "businessType": null,
        "publiclyTraded": false,
        "stockSymbol": null,
        "currency": "USD",
        "timezone": "UTC",
        "dataCollectionConsent": false,
        "lastAuditDate": null,
        "createdAt": "2025-03-26T22:37:16.085Z",
        "updatedAt": null
      },
      {
        "id": 76,
        "name": "Pepper",
        "code": "pep",
        "ownerId": 1,
        "clientId": 1,
        "active": true,
        "fiscalYearStart": "01-01",
        "fiscalYearEnd": "12-31",
        "taxId": null,
        "address": null,
        "city": null,
        "state": null,
        "country": null,
        "postalCode": null,
        "phone": null,
        "email": null,
        "website": null,
        "industry": null,
        "subIndustry": null,
        "employeeCount": null,
        "foundedYear": null,
        "annualRevenue": null,
        "businessType": null,
        "publiclyTraded": false,
        "stockSymbol": null,
        "currency": "USD",
        "timezone": "UTC",
        "dataCollectionConsent": false,
        "lastAuditDate": null,
        "createdAt": "2025-03-26T22:39:22.101Z",
        "updatedAt": null
      },
      {
        "id": 77,
        "name": "Pepper",
        "code": "Pep",
        "ownerId": 1,
        "clientId": 1,
        "active": true,
        "fiscalYearStart": "01-01",
        "fiscalYearEnd": "12-31",
        "taxId": null,
        "address": null,
        "city": null,
        "state": null,
        "country": null,
        "postalCode": null,
        "phone": null,
        "email": null,
        "website": null,
        "industry": null,
        "subIndustry": null,
        "employeeCount": null,
        "foundedYear": null,
        "annualRevenue": null,
        "businessType": null,
        "publiclyTraded": false,
        "stockSymbol": null,
        "currency": "USD",
        "timezone": "UTC",
        "dataCollectionConsent": false,
        "lastAuditDate": null,
        "createdAt": "2025-03-26T22:39:58.632Z",
        "updatedAt": null
      },
      {
        "id": 78,
        "name": "Pepper",
        "code": "PEP",
        "ownerId": 1,
        "clientId": 1,
        "active": true,
        "fiscalYearStart": "01-01",
        "fiscalYearEnd": "12-31",
        "taxId": null,
        "address": null,
        "city": null,
        "state": null,
        "country": null,
        "postalCode": null,
        "phone": null,
        "email": null,
        "website": null,
        "industry": null,
        "subIndustry": null,
        "employeeCount": null,
        "foundedYear": null,
        "annualRevenue": null,
        "businessType": null,
        "publiclyTraded": false,
        "stockSymbol": null,
        "currency": "USD",
        "timezone": "UTC",
        "dataCollectionConsent": false,
        "lastAuditDate": null,
        "createdAt": "2025-03-26T22:51:15.547Z",
        "updatedAt": null
      },
      {
        "id": 79,
        "name": "Pepper",
        "code": "PEP",
        "ownerId": 1,
        "clientId": 1,
        "active": true,
        "fiscalYearStart": "01-01",
        "fiscalYearEnd": "12-31",
        "taxId": null,
        "address": null,
        "city": null,
        "state": null,
        "country": null,
        "postalCode": null,
        "phone": null,
        "email": null,
        "website": null,
        "industry": null,
        "subIndustry": null,
        "employeeCount": null,
        "foundedYear": null,
        "annualRevenue": null,
        "businessType": null,
        "publiclyTraded": false,
        "stockSymbol": null,
        "currency": "USD",
        "timezone": "UTC",
        "dataCollectionConsent": false,
        "lastAuditDate": null,
        "createdAt": "2025-03-26T22:54:17.625Z",
        "updatedAt": null
      },
      {
        "id": 85,
        "name": "Pepper",
        "code": "PEPP",
        "ownerId": 1,
        "clientId": 1,
        "active": true,
        "fiscalYearStart": "01-01",
        "fiscalYearEnd": "12-31",
        "taxId": null,
        "address": null,
        "city": null,
        "state": null,
        "country": null,
        "postalCode": null,
        "phone": null,
        "email": null,
        "website": null,
        "industry": null,
        "subIndustry": null,
        "employeeCount": null,
        "foundedYear": null,
        "annualRevenue": null,
        "businessType": null,
        "publiclyTraded": false,
        "stockSymbol": null,
        "currency": "USD",
        "timezone": "UTC",
        "dataCollectionConsent": false,
        "lastAuditDate": null,
        "createdAt": "2025-03-27T16:24:58.611Z",
        "updatedAt": null
      },
      {
        "id": 86,
        "name": "Pepper29",
        "code": "Pep",
        "ownerId": 1,
        "clientId": 1,
        "active": true,
        "fiscalYearStart": "01-01",
        "fiscalYearEnd": "12-31",
        "taxId": null,
        "address": null,
        "city": null,
        "state": null,
        "country": null,
        "postalCode": null,
        "phone": null,
        "email": null,
        "website": null,
        "industry": null,
        "subIndustry": null,
        "employeeCount": null,
        "foundedYear": null,
        "annualRevenue": null,
        "businessType": null,
        "publiclyTraded": false,
        "stockSymbol": null,
        "currency": "USD",
        "timezone": "UTC",
        "dataCollectionConsent": false,
        "lastAuditDate": null,
        "createdAt": "2025-03-27T16:28:30.405Z",
        "updatedAt": null
      },
      {
        "id": 95,
        "name": "Peppy",
        "code": "PPPP",
        "ownerId": 1,
        "clientId": 1,
        "active": true,
        "fiscalYearStart": "01-01",
        "fiscalYearEnd": "12-31",
        "taxId": null,
        "address": null,
        "city": null,
        "state": null,
        "country": null,
        "postalCode": null,
        "phone": null,
        "email": null,
        "website": null,
        "industry": null,
        "subIndustry": null,
        "employeeCount": null,
        "foundedYear": null,
        "annualRevenue": null,
        "businessType": null,
        "publiclyTraded": false,
        "stockSymbol": null,
        "currency": "USD",
        "timezone": "UTC",
        "dataCollectionConsent": false,
        "lastAuditDate": null,
        "createdAt": "2025-03-27T18:18:22.891Z",
        "updatedAt": null
      },
      {
        "id": 104,
        "name": "Test 2",
        "code": "TEST",
        "ownerId": 1,
        "clientId": 1,
        "active": true,
        "fiscalYearStart": "01-01",
        "fiscalYearEnd": "12-31",
        "taxId": null,
        "address": null,
        "city": null,
        "state": null,
        "country": null,
        "postalCode": null,
        "phone": null,
        "email": null,
        "website": null,
        "industry": null,
        "subIndustry": null,
        "employeeCount": null,
        "foundedYear": null,
        "annualRevenue": null,
        "businessType": null,
        "publiclyTraded": false,
        "stockSymbol": null,
        "currency": "USD",
        "timezone": "UTC",
        "dataCollectionConsent": false,
        "lastAuditDate": null,
        "createdAt": "2025-03-27T20:06:32.884Z",
        "updatedAt": null
      },
      {
        "id": 69,
        "name": "Test Entity After Fix 2",
        "code": "TEST100",
        "ownerId": 1,
        "clientId": 1,
        "active": true,
        "fiscalYearStart": "01-01",
        "fiscalYearEnd": "12-31",
        "taxId": null,
        "address": null,
        "city": null,
        "state": null,
        "country": null,
        "postalCode": null,
        "phone": null,
        "email": null,
        "website": null,
        "industry": null,
        "subIndustry": null,
        "employeeCount": null,
        "foundedYear": null,
        "annualRevenue": null,
        "businessType": null,
        "publiclyTraded": false,
        "stockSymbol": null,
        "currency": "USD",
        "timezone": "UTC",
        "dataCollectionConsent": false,
        "lastAuditDate": null,
        "createdAt": "2025-03-25T23:30:40.973Z",
        "updatedAt": null
      },
      {
        "id": 70,
        "name": "Test Entity for Verification",
        "code": "TESTVER",
        "ownerId": 1,
        "clientId": 1,
        "active": true,
        "fiscalYearStart": "01-01",
        "fiscalYearEnd": "12-31",
        "taxId": null,
        "address": null,
        "city": null,
        "state": null,
        "country": null,
        "postalCode": null,
        "phone": null,
        "email": null,
        "website": null,
        "industry": null,
        "subIndustry": null,
        "employeeCount": null,
        "foundedYear": null,
        "annualRevenue": null,
        "businessType": null,
        "publiclyTraded": false,
        "stockSymbol": null,
        "currency": "USD",
        "timezone": "UTC",
        "dataCollectionConsent": false,
        "lastAuditDate": null,
        "createdAt": "2025-03-26T15:19:26.200Z",
        "updatedAt": null
      },
      {
        "id": 109,
        "name": "client",
        "code": "234",
        "ownerId": 1,
        "clientId": 1,
        "active": true,
        "fiscalYearStart": "01-01",
        "fiscalYearEnd": "12-31",
        "taxId": null,
        "address": null,
        "city": null,
        "state": null,
        "country": null,
        "postalCode": null,
        "phone": null,
        "email": null,
        "website": null,
        "industry": "other",
        "subIndustry": null,
        "employeeCount": null,
        "foundedYear": null,
        "annualRevenue": null,
        "businessType": null,
        "publiclyTraded": false,
        "stockSymbol": null,
        "currency": "USD",
        "timezone": "UTC",
        "dataCollectionConsent": false,
        "lastAuditDate": null,
        "createdAt": "2025-03-27T20:45:13.491Z",
        "updatedAt": null
      },
      {
        "id": 105,
        "name": "leGAL",
        "code": "LEGAL",
        "ownerId": 1,
        "clientId": 1,
        "active": true,
        "fiscalYearStart": "01-01",
        "fiscalYearEnd": "12-31",
        "taxId": null,
        "address": null,
        "city": null,
        "state": null,
        "country": null,
        "postalCode": null,
        "phone": null,
        "email": null,
        "website": null,
        "industry": "",
        "subIndustry": null,
        "employeeCount": null,
        "foundedYear": null,
        "annualRevenue": null,
        "businessType": null,
        "publiclyTraded": false,
        "stockSymbol": null,
        "currency": "USD",
        "timezone": "UTC",
        "dataCollectionConsent": false,
        "lastAuditDate": null,
        "createdAt": "2025-03-27T20:12:18.585Z",
        "updatedAt": null
      },
      {
        "id": 106,
        "name": "leGAL2",
        "code": "lEGAL2",
        "ownerId": 1,
        "clientId": 1,
        "active": true,
        "fiscalYearStart": "01-01",
        "fiscalYearEnd": "12-31",
        "taxId": null,
        "address": null,
        "city": null,
        "state": null,
        "country": null,
        "postalCode": null,
        "phone": null,
        "email": null,
        "website": null,
        "industry": null,
        "subIndustry": null,
        "employeeCount": null,
        "foundedYear": null,
        "annualRevenue": null,
        "businessType": null,
        "publiclyTraded": false,
        "stockSymbol": null,
        "currency": "USD",
        "timezone": "UTC",
        "dataCollectionConsent": false,
        "lastAuditDate": null,
        "createdAt": "2025-03-27T20:12:40.762Z",
        "updatedAt": null
      },
      {
        "id": 117,
        "name": "rr",
        "code": "rr",
        "ownerId": 1,
        "clientId": 1,
        "active": true,
        "fiscalYearStart": "01-01",
        "fiscalYearEnd": "12-31",
        "taxId": null,
        "address": null,
        "city": null,
        "state": null,
        "country": null,
        "postalCode": null,
        "phone": null,
        "email": null,
        "website": null,
        "industry": null,
        "subIndustry": null,
        "employeeCount": null,
        "foundedYear": null,
        "annualRevenue": null,
        "businessType": null,
        "publiclyTraded": false,
        "stockSymbol": null,
        "currency": "USD",
        "timezone": "UTC",
        "dataCollectionConsent": false,
        "lastAuditDate": null,
        "createdAt": "2025-03-27T21:00:37.038Z",
        "updatedAt": null
      },
      {
        "id": 119,
        "name": "rr",
        "code": "44",
        "ownerId": 1,
        "clientId": 1,
        "active": true,
        "fiscalYearStart": "01-01",
        "fiscalYearEnd": "12-31",
        "taxId": null,
        "address": null,
        "city": null,
        "state": null,
        "country": null,
        "postalCode": null,
        "phone": null,
        "email": null,
        "website": null,
        "industry": null,
        "subIndustry": null,
        "employeeCount": null,
        "foundedYear": null,
        "annualRevenue": null,
        "businessType": null,
        "publiclyTraded": false,
        "stockSymbol": null,
        "currency": "USD",
        "timezone": "UTC",
        "dataCollectionConsent": false,
        "lastAuditDate": null,
        "createdAt": "2025-03-27T21:04:21.687Z",
        "updatedAt": null
      },
      {
        "id": 118,
        "name": "rr4",
        "code": "rr3",
        "ownerId": 1,
        "clientId": 1,
        "active": true,
        "fiscalYearStart": "01-01",
        "fiscalYearEnd": "12-31",
        "taxId": null,
        "address": null,
        "city": null,
        "state": null,
        "country": null,
        "postalCode": null,
        "phone": null,
        "email": null,
        "website": null,
        "industry": "other",
        "subIndustry": null,
        "employeeCount": null,
        "foundedYear": null,
        "annualRevenue": null,
        "businessType": null,
        "publiclyTraded": false,
        "stockSymbol": null,
        "currency": "USD",
        "timezone": "UTC",
        "dataCollectionConsent": false,
        "lastAuditDate": null,
        "createdAt": "2025-03-27T21:03:57.955Z",
        "updatedAt": null
      }
    ]
  }
}
✅ SUCCESS: Client details loaded successfully
Selected entity ID 116 for testing

----- TESTING: Edit Client Information -----

Request: GET http://localhost:5000/api/admin/clients/1
Response Status: 200
Response Data: {
  "status": "success",
  "data": {
    "id": 1,
    "userId": 2,
    "name": "Admin Client",
    "contactName": "Test Contact 1743190286946",
    "contactEmail": "admin@example.com",
    "contactPhone": "",
    "industry": "healthcare",
    "address": "",
    "city": null,
    "state": null,
    "country": null,
    "postalCode": null,
    "website": "",
    "notes": "Updated via automated test at 2025-03-28T19:31:26.946Z",
    "active": false,
    "referralSource": null,
    "createdAt": "2025-03-25T22:45:04.494Z",
    "updatedAt": "2025-03-28T19:31:27.696Z",
    "entities": [
      {
        "id": 116,
        "name": "12",
        "code": "22",
        "ownerId": 1,
        "clientId": 1,
        "active": true,
        "fiscalYearStart": "01-01",
        "fiscalYearEnd": "12-31",
        "taxId": null,
        "address": null,
        "city": null,
        "state": null,
        "country": null,
        "postalCode": null,
        "phone": null,
        "email": null,
        "website": null,
        "industry": null,
        "subIndustry": null,
        "employeeCount": null,
        "foundedYear": null,
        "annualRevenue": null,
        "businessType": null,
        "publiclyTraded": false,
        "stockSymbol": null,
        "currency": "USD",
        "timezone": "UTC",
        "dataCollectionConsent": false,
        "lastAuditDate": null,
        "createdAt": "2025-03-27T20:54:42.707Z",
        "updatedAt": null
      },
      {
        "id": 114,
        "name": "12 (Updated)",
        "code": "123",
        "ownerId": 1,
        "clientId": 1,
        "active": true,
        "fiscalYearStart": "01-01",
        "fiscalYearEnd": "12-31",
        "taxId": null,
        "address": null,
        "city": null,
        "state": null,
        "country": null,
        "postalCode": null,
        "phone": "555-1234-10",
        "email": null,
        "website": null,
        "industry": "other",
        "subIndustry": null,
        "employeeCount": null,
        "foundedYear": null,
        "annualRevenue": null,
        "businessType": null,
        "publiclyTraded": false,
        "stockSymbol": null,
        "currency": "USD",
        "timezone": "UTC",
        "dataCollectionConsent": false,
        "lastAuditDate": null,
        "createdAt": "2025-03-27T20:53:57.318Z",
        "updatedAt": "2025-03-28T19:31:27.476Z"
      },
      {
        "id": 115,
        "name": "12222",
        "code": "2222",
        "ownerId": 1,
        "clientId": 1,
        "active": true,
        "fiscalYearStart": "01-01",
        "fiscalYearEnd": "12-31",
        "taxId": null,
        "address": null,
        "city": null,
        "state": null,
        "country": null,
        "postalCode": null,
        "phone": null,
        "email": null,
        "website": null,
        "industry": null,
        "subIndustry": null,
        "employeeCount": null,
        "foundedYear": null,
        "annualRevenue": null,
        "businessType": null,
        "publiclyTraded": false,
        "stockSymbol": null,
        "currency": "USD",
        "timezone": "UTC",
        "dataCollectionConsent": false,
        "lastAuditDate": null,
        "createdAt": "2025-03-27T20:54:27.840Z",
        "updatedAt": null
      },
      {
        "id": 120,
        "name": "34",
        "code": "32",
        "ownerId": 1,
        "clientId": 1,
        "active": true,
        "fiscalYearStart": "01-01",
        "fiscalYearEnd": "12-31",
        "taxId": null,
        "address": null,
        "city": null,
        "state": null,
        "country": null,
        "postalCode": null,
        "phone": null,
        "email": null,
        "website": null,
        "industry": null,
        "subIndustry": null,
        "employeeCount": null,
        "foundedYear": null,
        "annualRevenue": null,
        "businessType": null,
        "publiclyTraded": false,
        "stockSymbol": null,
        "currency": "USD",
        "timezone": "UTC",
        "dataCollectionConsent": false,
        "lastAuditDate": null,
        "createdAt": "2025-03-27T21:06:31.867Z",
        "updatedAt": null
      },
      {
        "id": 121,
        "name": "455",
        "code": "455",
        "ownerId": 1,
        "clientId": 1,
        "active": true,
        "fiscalYearStart": "01-01",
        "fiscalYearEnd": "12-31",
        "taxId": null,
        "address": null,
        "city": null,
        "state": null,
        "country": null,
        "postalCode": null,
        "phone": null,
        "email": null,
        "website": null,
        "industry": "other",
        "subIndustry": null,
        "employeeCount": null,
        "foundedYear": null,
        "annualRevenue": null,
        "businessType": null,
        "publiclyTraded": false,
        "stockSymbol": null,
        "currency": "USD",
        "timezone": "UTC",
        "dataCollectionConsent": false,
        "lastAuditDate": null,
        "createdAt": "2025-03-27T21:11:30.844Z",
        "updatedAt": null
      },
      {
        "id": 84,
        "name": "Entity C1",
        "code": "EC1",
        "ownerId": 1,
        "clientId": 1,
        "active": true,
        "fiscalYearStart": "01-01",
        "fiscalYearEnd": "12-31",
        "taxId": null,
        "address": null,
        "city": null,
        "state": null,
        "country": null,
        "postalCode": null,
        "phone": null,
        "email": null,
        "website": null,
        "industry": null,
        "subIndustry": null,
        "employeeCount": null,
        "foundedYear": null,
        "annualRevenue": null,
        "businessType": null,
        "publiclyTraded": false,
        "stockSymbol": null,
        "currency": "USD",
        "timezone": "UTC",
        "dataCollectionConsent": false,
        "lastAuditDate": null,
        "createdAt": "2025-03-27T16:10:05.145Z",
        "updatedAt": null
      },
      {
        "id": 82,
        "name": "Entity C1",
        "code": "EC1",
        "ownerId": 1,
        "clientId": 1,
        "active": true,
        "fiscalYearStart": "01-01",
        "fiscalYearEnd": "12-31",
        "taxId": null,
        "address": null,
        "city": null,
        "state": null,
        "country": null,
        "postalCode": null,
        "phone": null,
        "email": null,
        "website": null,
        "industry": null,
        "subIndustry": null,
        "employeeCount": null,
        "foundedYear": null,
        "annualRevenue": null,
        "businessType": null,
        "publiclyTraded": false,
        "stockSymbol": null,
        "currency": "USD",
        "timezone": "UTC",
        "dataCollectionConsent": false,
        "lastAuditDate": null,
        "createdAt": "2025-03-27T15:34:56.200Z",
        "updatedAt": null
      },
      {
        "id": 83,
        "name": "Entity C2",
        "code": "EC2",
        "ownerId": 1,
        "clientId": 1,
        "active": true,
        "fiscalYearStart": "01-01",
        "fiscalYearEnd": "12-31",
        "taxId": null,
        "address": null,
        "city": null,
        "state": null,
        "country": null,
        "postalCode": null,
        "phone": null,
        "email": null,
        "website": null,
        "industry": null,
        "subIndustry": null,
        "employeeCount": null,
        "foundedYear": null,
        "annualRevenue": null,
        "businessType": null,
        "publiclyTraded": false,
        "stockSymbol": null,
        "currency": "USD",
        "timezone": "UTC",
        "dataCollectionConsent": false,
        "lastAuditDate": null,
        "createdAt": "2025-03-27T16:01:06.598Z",
        "updatedAt": null
      },
      {
        "id": 74,
        "name": "Entity Verify-1",
        "code": "EV1",
        "ownerId": 1,
        "clientId": 1,
        "active": true,
        "fiscalYearStart": "01-01",
        "fiscalYearEnd": "12-31",
        "taxId": null,
        "address": null,
        "city": null,
        "state": null,
        "country": null,
        "postalCode": null,
        "phone": null,
        "email": null,
        "website": null,
        "industry": null,
        "subIndustry": null,
        "employeeCount": null,
        "foundedYear": null,
        "annualRevenue": null,
        "businessType": null,
        "publiclyTraded": false,
        "stockSymbol": null,
        "currency": "USD",
        "timezone": "UTC",
        "dataCollectionConsent": false,
        "lastAuditDate": null,
        "createdAt": "2025-03-26T17:58:50.604Z",
        "updatedAt": null
      },
      {
        "id": 112,
        "name": "FE",
        "code": "EE",
        "ownerId": 1,
        "clientId": 1,
        "active": true,
        "fiscalYearStart": "01-01",
        "fiscalYearEnd": "12-31",
        "taxId": null,
        "address": null,
        "city": null,
        "state": null,
        "country": null,
        "postalCode": null,
        "phone": null,
        "email": null,
        "website": null,
        "industry": null,
        "subIndustry": null,
        "employeeCount": null,
        "foundedYear": null,
        "annualRevenue": null,
        "businessType": null,
        "publiclyTraded": false,
        "stockSymbol": null,
        "currency": "USD",
        "timezone": "UTC",
        "dataCollectionConsent": false,
        "lastAuditDate": null,
        "createdAt": "2025-03-27T20:46:51.486Z",
        "updatedAt": null
      },
      {
        "id": 113,
        "name": "FF",
        "code": "FF",
        "ownerId": 1,
        "clientId": 1,
        "active": true,
        "fiscalYearStart": "01-01",
        "fiscalYearEnd": "12-31",
        "taxId": null,
        "address": null,
        "city": null,
        "state": null,
        "country": null,
        "postalCode": null,
        "phone": null,
        "email": null,
        "website": null,
        "industry": null,
        "subIndustry": null,
        "employeeCount": null,
        "foundedYear": null,
        "annualRevenue": null,
        "businessType": null,
        "publiclyTraded": false,
        "stockSymbol": null,
        "currency": "USD",
        "timezone": "UTC",
        "dataCollectionConsent": false,
        "lastAuditDate": null,
        "createdAt": "2025-03-27T20:47:35.488Z",
        "updatedAt": null
      },
      {
        "id": 103,
        "name": "Fail",
        "code": "Fail",
        "ownerId": 1,
        "clientId": 1,
        "active": true,
        "fiscalYearStart": "01-01",
        "fiscalYearEnd": "12-31",
        "taxId": null,
        "address": null,
        "city": null,
        "state": null,
        "country": null,
        "postalCode": null,
        "phone": null,
        "email": null,
        "website": null,
        "industry": "other",
        "subIndustry": null,
        "employeeCount": null,
        "foundedYear": null,
        "annualRevenue": null,
        "businessType": null,
        "publiclyTraded": false,
        "stockSymbol": null,
        "currency": "USD",
        "timezone": "UTC",
        "dataCollectionConsent": false,
        "lastAuditDate": null,
        "createdAt": "2025-03-27T20:04:31.541Z",
        "updatedAt": null
      },
      {
        "id": 72,
        "name": "Gary",
        "code": "AD",
        "ownerId": 1,
        "clientId": 1,
        "active": true,
        "fiscalYearStart": "01-01",
        "fiscalYearEnd": "12-31",
        "taxId": null,
        "address": null,
        "city": null,
        "state": null,
        "country": null,
        "postalCode": null,
        "phone": null,
        "email": null,
        "website": null,
        "industry": null,
        "subIndustry": null,
        "employeeCount": null,
        "foundedYear": null,
        "annualRevenue": null,
        "businessType": null,
        "publiclyTraded": false,
        "stockSymbol": null,
        "currency": "USD",
        "timezone": "UTC",
        "dataCollectionConsent": false,
        "lastAuditDate": null,
        "createdAt": "2025-03-26T17:02:55.030Z",
        "updatedAt": null
      },
      {
        "id": 73,
        "name": "Gary",
        "code": "A#",
        "ownerId": 1,
        "clientId": 1,
        "active": true,
        "fiscalYearStart": "01-01",
        "fiscalYearEnd": "12-31",
        "taxId": null,
        "address": null,
        "city": null,
        "state": null,
        "country": null,
        "postalCode": null,
        "phone": null,
        "email": null,
        "website": null,
        "industry": null,
        "subIndustry": null,
        "employeeCount": null,
        "foundedYear": null,
        "annualRevenue": null,
        "businessType": null,
        "publiclyTraded": false,
        "stockSymbol": null,
        "currency": "USD",
        "timezone": "UTC",
        "dataCollectionConsent": false,
        "lastAuditDate": null,
        "createdAt": "2025-03-26T17:03:11.020Z",
        "updatedAt": null
      },
      {
        "id": 111,
        "name": "Hello",
        "code": "Hellp",
        "ownerId": 1,
        "clientId": 1,
        "active": true,
        "fiscalYearStart": "01-01",
        "fiscalYearEnd": "12-31",
        "taxId": null,
        "address": null,
        "city": null,
        "state": null,
        "country": null,
        "postalCode": null,
        "phone": null,
        "email": null,
        "website": null,
        "industry": null,
        "subIndustry": null,
        "employeeCount": null,
        "foundedYear": null,
        "annualRevenue": null,
        "businessType": null,
        "publiclyTraded": false,
        "stockSymbol": null,
        "currency": "USD",
        "timezone": "UTC",
        "dataCollectionConsent": false,
        "lastAuditDate": null,
        "createdAt": "2025-03-27T20:46:31.719Z",
        "updatedAt": null
      },
      {
        "id": 110,
        "name": "Hello",
        "code": "Hello",
        "ownerId": 1,
        "clientId": 1,
        "active": true,
        "fiscalYearStart": "01-01",
        "fiscalYearEnd": "12-31",
        "taxId": null,
        "address": null,
        "city": null,
        "state": null,
        "country": null,
        "postalCode": null,
        "phone": null,
        "email": null,
        "website": null,
        "industry": "other",
        "subIndustry": null,
        "employeeCount": null,
        "foundedYear": null,
        "annualRevenue": null,
        "businessType": null,
        "publiclyTraded": false,
        "stockSymbol": null,
        "currency": "USD",
        "timezone": "UTC",
        "dataCollectionConsent": false,
        "lastAuditDate": null,
        "createdAt": "2025-03-27T20:45:35.884Z",
        "updatedAt": null
      },
      {
        "id": 100,
        "name": "Hope",
        "code": "Hope",
        "ownerId": 1,
        "clientId": 1,
        "active": true,
        "fiscalYearStart": "01-01",
        "fiscalYearEnd": "12-31",
        "taxId": null,
        "address": null,
        "city": null,
        "state": null,
        "country": null,
        "postalCode": null,
        "phone": null,
        "email": null,
        "website": null,
        "industry": null,
        "subIndustry": null,
        "employeeCount": null,
        "foundedYear": null,
        "annualRevenue": null,
        "businessType": null,
        "publiclyTraded": false,
        "stockSymbol": null,
        "currency": "USD",
        "timezone": "UTC",
        "dataCollectionConsent": false,
        "lastAuditDate": null,
        "createdAt": "2025-03-27T19:56:10.860Z",
        "updatedAt": null
      },
      {
        "id": 99,
        "name": "Hope",
        "code": "Hope",
        "ownerId": 1,
        "clientId": 1,
        "active": true,
        "fiscalYearStart": "01-01",
        "fiscalYearEnd": "12-31",
        "taxId": null,
        "address": null,
        "city": null,
        "state": null,
        "country": null,
        "postalCode": null,
        "phone": null,
        "email": null,
        "website": null,
        "industry": null,
        "subIndustry": null,
        "employeeCount": null,
        "foundedYear": null,
        "annualRevenue": null,
        "businessType": null,
        "publiclyTraded": false,
        "stockSymbol": null,
        "currency": "USD",
        "timezone": "UTC",
        "dataCollectionConsent": false,
        "lastAuditDate": null,
        "createdAt": "2025-03-27T19:55:24.328Z",
        "updatedAt": null
      },
      {
        "id": 101,
        "name": "Hope2",
        "code": "Hope2",
        "ownerId": 1,
        "clientId": 1,
        "active": true,
        "fiscalYearStart": "01-01",
        "fiscalYearEnd": "12-31",
        "taxId": null,
        "address": null,
        "city": null,
        "state": null,
        "country": null,
        "postalCode": null,
        "phone": null,
        "email": null,
        "website": null,
        "industry": null,
        "subIndustry": null,
        "employeeCount": null,
        "foundedYear": null,
        "annualRevenue": null,
        "businessType": null,
        "publiclyTraded": false,
        "stockSymbol": null,
        "currency": "USD",
        "timezone": "UTC",
        "dataCollectionConsent": false,
        "lastAuditDate": null,
        "createdAt": "2025-03-27T19:56:23.202Z",
        "updatedAt": null
      },
      {
        "id": 102,
        "name": "LOL",
        "code": "LOL2",
        "ownerId": 1,
        "clientId": 1,
        "active": true,
        "fiscalYearStart": "01-01",
        "fiscalYearEnd": "12-31",
        "taxId": null,
        "address": null,
        "city": null,
        "state": null,
        "country": null,
        "postalCode": null,
        "phone": null,
        "email": null,
        "website": null,
        "industry": null,
        "subIndustry": null,
        "employeeCount": null,
        "foundedYear": null,
        "annualRevenue": null,
        "businessType": null,
        "publiclyTraded": false,
        "stockSymbol": null,
        "currency": "USD",
        "timezone": "UTC",
        "dataCollectionConsent": false,
        "lastAuditDate": null,
        "createdAt": "2025-03-27T19:58:40.580Z",
        "updatedAt": null
      },
      {
        "id": 80,
        "name": "MAG",
        "code": "MAG",
        "ownerId": 1,
        "clientId": 1,
        "active": true,
        "fiscalYearStart": "01-01",
        "fiscalYearEnd": "12-31",
        "taxId": null,
        "address": null,
        "city": null,
        "state": null,
        "country": null,
        "postalCode": null,
        "phone": null,
        "email": null,
        "website": null,
        "industry": null,
        "subIndustry": null,
        "employeeCount": null,
        "foundedYear": null,
        "annualRevenue": null,
        "businessType": null,
        "publiclyTraded": false,
        "stockSymbol": null,
        "currency": "USD",
        "timezone": "UTC",
        "dataCollectionConsent": false,
        "lastAuditDate": null,
        "createdAt": "2025-03-27T14:54:33.387Z",
        "updatedAt": null
      },
      {
        "id": 89,
        "name": "Pep",
        "code": "PPE",
        "ownerId": 1,
        "clientId": 1,
        "active": true,
        "fiscalYearStart": "01-01",
        "fiscalYearEnd": "12-31",
        "taxId": null,
        "address": null,
        "city": null,
        "state": null,
        "country": null,
        "postalCode": null,
        "phone": null,
        "email": null,
        "website": null,
        "industry": null,
        "subIndustry": null,
        "employeeCount": null,
        "foundedYear": null,
        "annualRevenue": null,
        "businessType": null,
        "publiclyTraded": false,
        "stockSymbol": null,
        "currency": "USD",
        "timezone": "UTC",
        "dataCollectionConsent": false,
        "lastAuditDate": null,
        "createdAt": "2025-03-27T17:44:56.151Z",
        "updatedAt": null
      },
      {
        "id": 81,
        "name": "Pep",
        "code": "PEP",
        "ownerId": 1,
        "clientId": 1,
        "active": true,
        "fiscalYearStart": "01-01",
        "fiscalYearEnd": "12-31",
        "taxId": null,
        "address": null,
        "city": null,
        "state": null,
        "country": null,
        "postalCode": null,
        "phone": null,
        "email": null,
        "website": null,
        "industry": null,
        "subIndustry": null,
        "employeeCount": null,
        "foundedYear": null,
        "annualRevenue": null,
        "businessType": null,
        "publiclyTraded": false,
        "stockSymbol": null,
        "currency": "USD",
        "timezone": "UTC",
        "dataCollectionConsent": false,
        "lastAuditDate": null,
        "createdAt": "2025-03-27T14:57:09.646Z",
        "updatedAt": null
      },
      {
        "id": 88,
        "name": "Pep",
        "code": "PEP",
        "ownerId": 1,
        "clientId": 1,
        "active": true,
        "fiscalYearStart": "01-01",
        "fiscalYearEnd": "12-31",
        "taxId": null,
        "address": null,
        "city": null,
        "state": null,
        "country": null,
        "postalCode": null,
        "phone": null,
        "email": null,
        "website": null,
        "industry": null,
        "subIndustry": null,
        "employeeCount": null,
        "foundedYear": null,
        "annualRevenue": null,
        "businessType": null,
        "publiclyTraded": false,
        "stockSymbol": null,
        "currency": "USD",
        "timezone": "UTC",
        "dataCollectionConsent": false,
        "lastAuditDate": null,
        "createdAt": "2025-03-27T17:39:01.477Z",
        "updatedAt": null
      },
      {
        "id": 90,
        "name": "Pep",
        "code": "Pep",
        "ownerId": 1,
        "clientId": 1,
        "active": true,
        "fiscalYearStart": "01-01",
        "fiscalYearEnd": "12-31",
        "taxId": null,
        "address": null,
        "city": null,
        "state": null,
        "country": null,
        "postalCode": null,
        "phone": null,
        "email": null,
        "website": null,
        "industry": null,
        "subIndustry": null,
        "employeeCount": null,
        "foundedYear": null,
        "annualRevenue": null,
        "businessType": null,
        "publiclyTraded": false,
        "stockSymbol": null,
        "currency": "USD",
        "timezone": "UTC",
        "dataCollectionConsent": false,
        "lastAuditDate": null,
        "createdAt": "2025-03-27T17:49:55.769Z",
        "updatedAt": null
      },
      {
        "id": 91,
        "name": "Pep",
        "code": "Pep",
        "ownerId": 1,
        "clientId": 1,
        "active": true,
        "fiscalYearStart": "01-01",
        "fiscalYearEnd": "12-31",
        "taxId": null,
        "address": null,
        "city": null,
        "state": null,
        "country": null,
        "postalCode": null,
        "phone": null,
        "email": null,
        "website": null,
        "industry": null,
        "subIndustry": null,
        "employeeCount": null,
        "foundedYear": null,
        "annualRevenue": null,
        "businessType": null,
        "publiclyTraded": false,
        "stockSymbol": null,
        "currency": "USD",
        "timezone": "UTC",
        "dataCollectionConsent": false,
        "lastAuditDate": null,
        "createdAt": "2025-03-27T17:50:54.379Z",
        "updatedAt": null
      },
      {
        "id": 92,
        "name": "Pep",
        "code": "Pep",
        "ownerId": 1,
        "clientId": 1,
        "active": true,
        "fiscalYearStart": "01-01",
        "fiscalYearEnd": "12-31",
        "taxId": null,
        "address": null,
        "city": null,
        "state": null,
        "country": null,
        "postalCode": null,
        "phone": null,
        "email": null,
        "website": null,
        "industry": null,
        "subIndustry": null,
        "employeeCount": null,
        "foundedYear": null,
        "annualRevenue": null,
        "businessType": null,
        "publiclyTraded": false,
        "stockSymbol": null,
        "currency": "USD",
        "timezone": "UTC",
        "dataCollectionConsent": false,
        "lastAuditDate": null,
        "createdAt": "2025-03-27T17:59:56.792Z",
        "updatedAt": null
      },
      {
        "id": 93,
        "name": "Pep",
        "code": "Pep",
        "ownerId": 1,
        "clientId": 1,
        "active": true,
        "fiscalYearStart": "01-01",
        "fiscalYearEnd": "12-31",
        "taxId": null,
        "address": null,
        "city": null,
        "state": null,
        "country": null,
        "postalCode": null,
        "phone": null,
        "email": null,
        "website": null,
        "industry": null,
        "subIndustry": null,
        "employeeCount": null,
        "foundedYear": null,
        "annualRevenue": null,
        "businessType": null,
        "publiclyTraded": false,
        "stockSymbol": null,
        "currency": "USD",
        "timezone": "UTC",
        "dataCollectionConsent": false,
        "lastAuditDate": null,
        "createdAt": "2025-03-27T18:04:06.829Z",
        "updatedAt": null
      },
      {
        "id": 94,
        "name": "Pep",
        "code": "PPP",
        "ownerId": 1,
        "clientId": 1,
        "active": true,
        "fiscalYearStart": "01-01",
        "fiscalYearEnd": "12-31",
        "taxId": null,
        "address": null,
        "city": null,
        "state": null,
        "country": null,
        "postalCode": null,
        "phone": null,
        "email": null,
        "website": null,
        "industry": null,
        "subIndustry": null,
        "employeeCount": null,
        "foundedYear": null,
        "annualRevenue": null,
        "businessType": null,
        "publiclyTraded": false,
        "stockSymbol": null,
        "currency": "USD",
        "timezone": "UTC",
        "dataCollectionConsent": false,
        "lastAuditDate": null,
        "createdAt": "2025-03-27T18:14:34.318Z",
        "updatedAt": null
      },
      {
        "id": 96,
        "name": "Pep",
        "code": "PEP",
        "ownerId": 1,
        "clientId": 1,
        "active": true,
        "fiscalYearStart": "01-01",
        "fiscalYearEnd": "12-31",
        "taxId": null,
        "address": null,
        "city": null,
        "state": null,
        "country": null,
        "postalCode": null,
        "phone": null,
        "email": null,
        "website": null,
        "industry": null,
        "subIndustry": null,
        "employeeCount": null,
        "foundedYear": null,
        "annualRevenue": null,
        "businessType": null,
        "publiclyTraded": false,
        "stockSymbol": null,
        "currency": "USD",
        "timezone": "UTC",
        "dataCollectionConsent": false,
        "lastAuditDate": null,
        "createdAt": "2025-03-27T19:35:25.311Z",
        "updatedAt": null
      },
      {
        "id": 97,
        "name": "Pep",
        "code": "PEEP",
        "ownerId": 1,
        "clientId": 1,
        "active": true,
        "fiscalYearStart": "01-01",
        "fiscalYearEnd": "12-31",
        "taxId": null,
        "address": null,
        "city": null,
        "state": null,
        "country": null,
        "postalCode": null,
        "phone": null,
        "email": null,
        "website": null,
        "industry": null,
        "subIndustry": null,
        "employeeCount": null,
        "foundedYear": null,
        "annualRevenue": null,
        "businessType": null,
        "publiclyTraded": false,
        "stockSymbol": null,
        "currency": "USD",
        "timezone": "UTC",
        "dataCollectionConsent": false,
        "lastAuditDate": null,
        "createdAt": "2025-03-27T19:39:46.285Z",
        "updatedAt": null
      },
      {
        "id": 98,
        "name": "Pep",
        "code": "PPPP",
        "ownerId": 1,
        "clientId": 1,
        "active": true,
        "fiscalYearStart": "01-01",
        "fiscalYearEnd": "12-31",
        "taxId": null,
        "address": null,
        "city": null,
        "state": null,
        "country": null,
        "postalCode": null,
        "phone": null,
        "email": null,
        "website": null,
        "industry": null,
        "subIndustry": null,
        "employeeCount": null,
        "foundedYear": null,
        "annualRevenue": null,
        "businessType": null,
        "publiclyTraded": false,
        "stockSymbol": null,
        "currency": "USD",
        "timezone": "UTC",
        "dataCollectionConsent": false,
        "lastAuditDate": null,
        "createdAt": "2025-03-27T19:49:44.364Z",
        "updatedAt": null
      },
      {
        "id": 107,
        "name": "Pep",
        "code": "342",
        "ownerId": 1,
        "clientId": 1,
        "active": true,
        "fiscalYearStart": "01-01",
        "fiscalYearEnd": "12-31",
        "taxId": null,
        "address": null,
        "city": null,
        "state": null,
        "country": null,
        "postalCode": null,
        "phone": null,
        "email": null,
        "website": null,
        "industry": null,
        "subIndustry": null,
        "employeeCount": null,
        "foundedYear": null,
        "annualRevenue": null,
        "businessType": null,
        "publiclyTraded": false,
        "stockSymbol": null,
        "currency": "USD",
        "timezone": "UTC",
        "dataCollectionConsent": false,
        "lastAuditDate": null,
        "createdAt": "2025-03-27T20:28:42.846Z",
        "updatedAt": null
      },
      {
        "id": 108,
        "name": "Pep2",
        "code": "Pep2",
        "ownerId": 1,
        "clientId": 1,
        "active": true,
        "fiscalYearStart": "01-01",
        "fiscalYearEnd": "12-31",
        "taxId": null,
        "address": null,
        "city": null,
        "state": null,
        "country": null,
        "postalCode": null,
        "phone": null,
        "email": null,
        "website": null,
        "industry": "construction",
        "subIndustry": null,
        "employeeCount": null,
        "foundedYear": null,
        "annualRevenue": null,
        "businessType": null,
        "publiclyTraded": false,
        "stockSymbol": null,
        "currency": "USD",
        "timezone": "UTC",
        "dataCollectionConsent": false,
        "lastAuditDate": null,
        "createdAt": "2025-03-27T20:29:03.985Z",
        "updatedAt": null
      },
      {
        "id": 71,
        "name": "Pepper",
        "code": "AA",
        "ownerId": 1,
        "clientId": 1,
        "active": true,
        "fiscalYearStart": "01-01",
        "fiscalYearEnd": "12-31",
        "taxId": null,
        "address": null,
        "city": null,
        "state": null,
        "country": null,
        "postalCode": null,
        "phone": null,
        "email": null,
        "website": null,
        "industry": null,
        "subIndustry": null,
        "employeeCount": null,
        "foundedYear": null,
        "annualRevenue": null,
        "businessType": null,
        "publiclyTraded": false,
        "stockSymbol": null,
        "currency": "USD",
        "timezone": "UTC",
        "dataCollectionConsent": false,
        "lastAuditDate": null,
        "createdAt": "2025-03-26T16:46:37.427Z",
        "updatedAt": null
      },
      {
        "id": 87,
        "name": "Pepper",
        "code": "Pep",
        "ownerId": 1,
        "clientId": 1,
        "active": true,
        "fiscalYearStart": "01-01",
        "fiscalYearEnd": "12-31",
        "taxId": null,
        "address": null,
        "city": null,
        "state": null,
        "country": null,
        "postalCode": null,
        "phone": null,
        "email": null,
        "website": null,
        "industry": null,
        "subIndustry": null,
        "employeeCount": null,
        "foundedYear": null,
        "annualRevenue": null,
        "businessType": null,
        "publiclyTraded": false,
        "stockSymbol": null,
        "currency": "USD",
        "timezone": "UTC",
        "dataCollectionConsent": false,
        "lastAuditDate": null,
        "createdAt": "2025-03-27T17:13:43.223Z",
        "updatedAt": null
      },
      {
        "id": 75,
        "name": "Pepper",
        "code": "Pep",
        "ownerId": 1,
        "clientId": 1,
        "active": true,
        "fiscalYearStart": "01-01",
        "fiscalYearEnd": "12-31",
        "taxId": null,
        "address": null,
        "city": null,
        "state": null,
        "country": null,
        "postalCode": null,
        "phone": null,
        "email": null,
        "website": null,
        "industry": null,
        "subIndustry": null,
        "employeeCount": null,
        "foundedYear": null,
        "annualRevenue": null,
        "businessType": null,
        "publiclyTraded": false,
        "stockSymbol": null,
        "currency": "USD",
        "timezone": "UTC",
        "dataCollectionConsent": false,
        "lastAuditDate": null,
        "createdAt": "2025-03-26T22:37:16.085Z",
        "updatedAt": null
      },
      {
        "id": 76,
        "name": "Pepper",
        "code": "pep",
        "ownerId": 1,
        "clientId": 1,
        "active": true,
        "fiscalYearStart": "01-01",
        "fiscalYearEnd": "12-31",
        "taxId": null,
        "address": null,
        "city": null,
        "state": null,
        "country": null,
        "postalCode": null,
        "phone": null,
        "email": null,
        "website": null,
        "industry": null,
        "subIndustry": null,
        "employeeCount": null,
        "foundedYear": null,
        "annualRevenue": null,
        "businessType": null,
        "publiclyTraded": false,
        "stockSymbol": null,
        "currency": "USD",
        "timezone": "UTC",
        "dataCollectionConsent": false,
        "lastAuditDate": null,
        "createdAt": "2025-03-26T22:39:22.101Z",
        "updatedAt": null
      },
      {
        "id": 77,
        "name": "Pepper",
        "code": "Pep",
        "ownerId": 1,
        "clientId": 1,
        "active": true,
        "fiscalYearStart": "01-01",
        "fiscalYearEnd": "12-31",
        "taxId": null,
        "address": null,
        "city": null,
        "state": null,
        "country": null,
        "postalCode": null,
        "phone": null,
        "email": null,
        "website": null,
        "industry": null,
        "subIndustry": null,
        "employeeCount": null,
        "foundedYear": null,
        "annualRevenue": null,
        "businessType": null,
        "publiclyTraded": false,
        "stockSymbol": null,
        "currency": "USD",
        "timezone": "UTC",
        "dataCollectionConsent": false,
        "lastAuditDate": null,
        "createdAt": "2025-03-26T22:39:58.632Z",
        "updatedAt": null
      },
      {
        "id": 78,
        "name": "Pepper",
        "code": "PEP",
        "ownerId": 1,
        "clientId": 1,
        "active": true,
        "fiscalYearStart": "01-01",
        "fiscalYearEnd": "12-31",
        "taxId": null,
        "address": null,
        "city": null,
        "state": null,
        "country": null,
        "postalCode": null,
        "phone": null,
        "email": null,
        "website": null,
        "industry": null,
        "subIndustry": null,
        "employeeCount": null,
        "foundedYear": null,
        "annualRevenue": null,
        "businessType": null,
        "publiclyTraded": false,
        "stockSymbol": null,
        "currency": "USD",
        "timezone": "UTC",
        "dataCollectionConsent": false,
        "lastAuditDate": null,
        "createdAt": "2025-03-26T22:51:15.547Z",
        "updatedAt": null
      },
      {
        "id": 79,
        "name": "Pepper",
        "code": "PEP",
        "ownerId": 1,
        "clientId": 1,
        "active": true,
        "fiscalYearStart": "01-01",
        "fiscalYearEnd": "12-31",
        "taxId": null,
        "address": null,
        "city": null,
        "state": null,
        "country": null,
        "postalCode": null,
        "phone": null,
        "email": null,
        "website": null,
        "industry": null,
        "subIndustry": null,
        "employeeCount": null,
        "foundedYear": null,
        "annualRevenue": null,
        "businessType": null,
        "publiclyTraded": false,
        "stockSymbol": null,
        "currency": "USD",
        "timezone": "UTC",
        "dataCollectionConsent": false,
        "lastAuditDate": null,
        "createdAt": "2025-03-26T22:54:17.625Z",
        "updatedAt": null
      },
      {
        "id": 85,
        "name": "Pepper",
        "code": "PEPP",
        "ownerId": 1,
        "clientId": 1,
        "active": true,
        "fiscalYearStart": "01-01",
        "fiscalYearEnd": "12-31",
        "taxId": null,
        "address": null,
        "city": null,
        "state": null,
        "country": null,
        "postalCode": null,
        "phone": null,
        "email": null,
        "website": null,
        "industry": null,
        "subIndustry": null,
        "employeeCount": null,
        "foundedYear": null,
        "annualRevenue": null,
        "businessType": null,
        "publiclyTraded": false,
        "stockSymbol": null,
        "currency": "USD",
        "timezone": "UTC",
        "dataCollectionConsent": false,
        "lastAuditDate": null,
        "createdAt": "2025-03-27T16:24:58.611Z",
        "updatedAt": null
      },
      {
        "id": 86,
        "name": "Pepper29",
        "code": "Pep",
        "ownerId": 1,
        "clientId": 1,
        "active": true,
        "fiscalYearStart": "01-01",
        "fiscalYearEnd": "12-31",
        "taxId": null,
        "address": null,
        "city": null,
        "state": null,
        "country": null,
        "postalCode": null,
        "phone": null,
        "email": null,
        "website": null,
        "industry": null,
        "subIndustry": null,
        "employeeCount": null,
        "foundedYear": null,
        "annualRevenue": null,
        "businessType": null,
        "publiclyTraded": false,
        "stockSymbol": null,
        "currency": "USD",
        "timezone": "UTC",
        "dataCollectionConsent": false,
        "lastAuditDate": null,
        "createdAt": "2025-03-27T16:28:30.405Z",
        "updatedAt": null
      },
      {
        "id": 95,
        "name": "Peppy",
        "code": "PPPP",
        "ownerId": 1,
        "clientId": 1,
        "active": true,
        "fiscalYearStart": "01-01",
        "fiscalYearEnd": "12-31",
        "taxId": null,
        "address": null,
        "city": null,
        "state": null,
        "country": null,
        "postalCode": null,
        "phone": null,
        "email": null,
        "website": null,
        "industry": null,
        "subIndustry": null,
        "employeeCount": null,
        "foundedYear": null,
        "annualRevenue": null,
        "businessType": null,
        "publiclyTraded": false,
        "stockSymbol": null,
        "currency": "USD",
        "timezone": "UTC",
        "dataCollectionConsent": false,
        "lastAuditDate": null,
        "createdAt": "2025-03-27T18:18:22.891Z",
        "updatedAt": null
      },
      {
        "id": 104,
        "name": "Test 2",
        "code": "TEST",
        "ownerId": 1,
        "clientId": 1,
        "active": true,
        "fiscalYearStart": "01-01",
        "fiscalYearEnd": "12-31",
        "taxId": null,
        "address": null,
        "city": null,
        "state": null,
        "country": null,
        "postalCode": null,
        "phone": null,
        "email": null,
        "website": null,
        "industry": null,
        "subIndustry": null,
        "employeeCount": null,
        "foundedYear": null,
        "annualRevenue": null,
        "businessType": null,
        "publiclyTraded": false,
        "stockSymbol": null,
        "currency": "USD",
        "timezone": "UTC",
        "dataCollectionConsent": false,
        "lastAuditDate": null,
        "createdAt": "2025-03-27T20:06:32.884Z",
        "updatedAt": null
      },
      {
        "id": 69,
        "name": "Test Entity After Fix 2",
        "code": "TEST100",
        "ownerId": 1,
        "clientId": 1,
        "active": true,
        "fiscalYearStart": "01-01",
        "fiscalYearEnd": "12-31",
        "taxId": null,
        "address": null,
        "city": null,
        "state": null,
        "country": null,
        "postalCode": null,
        "phone": null,
        "email": null,
        "website": null,
        "industry": null,
        "subIndustry": null,
        "employeeCount": null,
        "foundedYear": null,
        "annualRevenue": null,
        "businessType": null,
        "publiclyTraded": false,
        "stockSymbol": null,
        "currency": "USD",
        "timezone": "UTC",
        "dataCollectionConsent": false,
        "lastAuditDate": null,
        "createdAt": "2025-03-25T23:30:40.973Z",
        "updatedAt": null
      },
      {
        "id": 70,
        "name": "Test Entity for Verification",
        "code": "TESTVER",
        "ownerId": 1,
        "clientId": 1,
        "active": true,
        "fiscalYearStart": "01-01",
        "fiscalYearEnd": "12-31",
        "taxId": null,
        "address": null,
        "city": null,
        "state": null,
        "country": null,
        "postalCode": null,
        "phone": null,
        "email": null,
        "website": null,
        "industry": null,
        "subIndustry": null,
        "employeeCount": null,
        "foundedYear": null,
        "annualRevenue": null,
        "businessType": null,
        "publiclyTraded": false,
        "stockSymbol": null,
        "currency": "USD",
        "timezone": "UTC",
        "dataCollectionConsent": false,
        "lastAuditDate": null,
        "createdAt": "2025-03-26T15:19:26.200Z",
        "updatedAt": null
      },
      {
        "id": 109,
        "name": "client",
        "code": "234",
        "ownerId": 1,
        "clientId": 1,
        "active": true,
        "fiscalYearStart": "01-01",
        "fiscalYearEnd": "12-31",
        "taxId": null,
        "address": null,
        "city": null,
        "state": null,
        "country": null,
        "postalCode": null,
        "phone": null,
        "email": null,
        "website": null,
        "industry": "other",
        "subIndustry": null,
        "employeeCount": null,
        "foundedYear": null,
        "annualRevenue": null,
        "businessType": null,
        "publiclyTraded": false,
        "stockSymbol": null,
        "currency": "USD",
        "timezone": "UTC",
        "dataCollectionConsent": false,
        "lastAuditDate": null,
        "createdAt": "2025-03-27T20:45:13.491Z",
        "updatedAt": null
      },
      {
        "id": 105,
        "name": "leGAL",
        "code": "LEGAL",
        "ownerId": 1,
        "clientId": 1,
        "active": true,
        "fiscalYearStart": "01-01",
        "fiscalYearEnd": "12-31",
        "taxId": null,
        "address": null,
        "city": null,
        "state": null,
        "country": null,
        "postalCode": null,
        "phone": null,
        "email": null,
        "website": null,
        "industry": "",
        "subIndustry": null,
        "employeeCount": null,
        "foundedYear": null,
        "annualRevenue": null,
        "businessType": null,
        "publiclyTraded": false,
        "stockSymbol": null,
        "currency": "USD",
        "timezone": "UTC",
        "dataCollectionConsent": false,
        "lastAuditDate": null,
        "createdAt": "2025-03-27T20:12:18.585Z",
        "updatedAt": null
      },
      {
        "id": 106,
        "name": "leGAL2",
        "code": "lEGAL2",
        "ownerId": 1,
        "clientId": 1,
        "active": true,
        "fiscalYearStart": "01-01",
        "fiscalYearEnd": "12-31",
        "taxId": null,
        "address": null,
        "city": null,
        "state": null,
        "country": null,
        "postalCode": null,
        "phone": null,
        "email": null,
        "website": null,
        "industry": null,
        "subIndustry": null,
        "employeeCount": null,
        "foundedYear": null,
        "annualRevenue": null,
        "businessType": null,
        "publiclyTraded": false,
        "stockSymbol": null,
        "currency": "USD",
        "timezone": "UTC",
        "dataCollectionConsent": false,
        "lastAuditDate": null,
        "createdAt": "2025-03-27T20:12:40.762Z",
        "updatedAt": null
      },
      {
        "id": 117,
        "name": "rr",
        "code": "rr",
        "ownerId": 1,
        "clientId": 1,
        "active": true,
        "fiscalYearStart": "01-01",
        "fiscalYearEnd": "12-31",
        "taxId": null,
        "address": null,
        "city": null,
        "state": null,
        "country": null,
        "postalCode": null,
        "phone": null,
        "email": null,
        "website": null,
        "industry": null,
        "subIndustry": null,
        "employeeCount": null,
        "foundedYear": null,
        "annualRevenue": null,
        "businessType": null,
        "publiclyTraded": false,
        "stockSymbol": null,
        "currency": "USD",
        "timezone": "UTC",
        "dataCollectionConsent": false,
        "lastAuditDate": null,
        "createdAt": "2025-03-27T21:00:37.038Z",
        "updatedAt": null
      },
      {
        "id": 119,
        "name": "rr",
        "code": "44",
        "ownerId": 1,
        "clientId": 1,
        "active": true,
        "fiscalYearStart": "01-01",
        "fiscalYearEnd": "12-31",
        "taxId": null,
        "address": null,
        "city": null,
        "state": null,
        "country": null,
        "postalCode": null,
        "phone": null,
        "email": null,
        "website": null,
        "industry": null,
        "subIndustry": null,
        "employeeCount": null,
        "foundedYear": null,
        "annualRevenue": null,
        "businessType": null,
        "publiclyTraded": false,
        "stockSymbol": null,
        "currency": "USD",
        "timezone": "UTC",
        "dataCollectionConsent": false,
        "lastAuditDate": null,
        "createdAt": "2025-03-27T21:04:21.687Z",
        "updatedAt": null
      },
      {
        "id": 118,
        "name": "rr4",
        "code": "rr3",
        "ownerId": 1,
        "clientId": 1,
        "active": true,
        "fiscalYearStart": "01-01",
        "fiscalYearEnd": "12-31",
        "taxId": null,
        "address": null,
        "city": null,
        "state": null,
        "country": null,
        "postalCode": null,
        "phone": null,
        "email": null,
        "website": null,
        "industry": "other",
        "subIndustry": null,
        "employeeCount": null,
        "foundedYear": null,
        "annualRevenue": null,
        "businessType": null,
        "publiclyTraded": false,
        "stockSymbol": null,
        "currency": "USD",
        "timezone": "UTC",
        "dataCollectionConsent": false,
        "lastAuditDate": null,
        "createdAt": "2025-03-27T21:03:57.955Z",
        "updatedAt": null
      }
    ]
  }
}

Request: PUT http://localhost:5000/api/admin/clients/1
Request Body: {
  "id": 1,
  "userId": 2,
  "name": "Admin Client",
  "contactName": "Test Contact 1743190292286",
  "contactEmail": "admin@example.com",
  "contactPhone": "",
  "industry": "healthcare",
  "address": "",
  "city": null,
  "state": null,
  "country": null,
  "postalCode": null,
  "website": "",
  "notes": "Updated via automated test at 2025-03-28T19:31:32.286Z",
  "active": false,
  "referralSource": null,
  "createdAt": "2025-03-25T22:45:04.494Z",
  "updatedAt": "2025-03-28T19:31:27.696Z"
}
Response Status: 200
Response Data: {
  "status": "success",
  "data": {
    "id": 1,
    "userId": 2,
    "name": "Admin Client",
    "contactName": "Test Contact 1743190292286",
    "contactEmail": "admin@example.com",
    "contactPhone": "",
    "industry": "healthcare",
    "address": "",
    "city": null,
    "state": null,
    "country": null,
    "postalCode": null,
    "website": "",
    "notes": "Updated via automated test at 2025-03-28T19:31:32.286Z",
    "active": false,
    "referralSource": null,
    "createdAt": "2025-03-25T22:45:04.494Z",
    "updatedAt": "2025-03-28T19:31:32.333Z"
  }
}
✅ SUCCESS: Client updated successfully

----- TESTING: Edit Entity -----

Request: GET http://localhost:5000/api/admin/entities/116
Response Status: 200
Response is not JSON: <!DOCTYPE html>
<html lang="en">
  <head>
    <style data-vite-theme="" data-inject-first="">:root {
      --background: 0 0% 100%;
--foreground: 20 14.3% 4.1%;
--muted: 60 4.8% 95.9%;
--muted-foreground: 25 5.3% 44.7%;
--popover: 0 0% 100%;
--popover-foreground: 20 14.3% 4.1%;
--card: 0 0% 100%;
--card-foreground: 20 14.3% 4.1%;
--border: 20 5.9% 90%;
--input: 20 5.9% 90%;
--primary: 199 57% 57%;
--primary-foreground: 201 58% 99%;
--secondary: 60 4.8% 95.9%;
--secondary-foreground: 24 9.8% 10%;
❌ FAILURE: Failed to get entity details before update

Request: GET http://localhost:5000/api/entities/116
Response Status: 200
Response Data: {
  "id": 116,
  "name": "12",
  "code": "22",
  "ownerId": 1,
  "clientId": 1,
  "active": true,
  "fiscalYearStart": "01-01",
  "fiscalYearEnd": "12-31",
  "taxId": null,
  "address": null,
  "city": null,
  "state": null,
  "country": null,
  "postalCode": null,
  "phone": null,
  "email": null,
  "website": null,
  "industry": null,
  "subIndustry": null,
  "employeeCount": null,
  "foundedYear": null,
  "annualRevenue": null,
  "businessType": null,
  "publiclyTraded": false,
  "stockSymbol": null,
  "currency": "USD",
  "timezone": "UTC",
  "dataCollectionConsent": false,
  "lastAuditDate": null,
  "createdAt": "2025-03-27T20:54:42.707Z",
  "updatedAt": null
}
Using alternative API endpoint for entity details

Request: PUT http://localhost:5000/api/admin/entities/116
Request Body: {
  "id": 116,
  "name": "12 (Updated)",
  "code": "22",
  "ownerId": 1,
  "clientId": 1,
  "active": true,
  "fiscalYearStart": "01-01",
  "fiscalYearEnd": "12-31",
  "taxId": null,
  "address": null,
  "city": null,
  "state": null,
  "country": null,
  "postalCode": null,
  "phone": "555-1234-51",
  "email": null,
  "website": null,
  "industry": null,
  "subIndustry": null,
  "employeeCount": null,
  "foundedYear": null,
  "annualRevenue": null,
  "businessType": null,
  "publiclyTraded": false,
  "stockSymbol": null,
  "currency": "USD",
  "timezone": "UTC",
  "dataCollectionConsent": false,
  "lastAuditDate": null,
  "createdAt": "2025-03-27T20:54:42.707Z",
  "updatedAt": null
}
Response Status: 200
Response Data: {
  "status": "success",
  "data": {
    "id": 116,
    "name": "12 (Updated)",
    "code": "22",
    "ownerId": 1,
    "clientId": 1,
    "active": true,
    "fiscalYearStart": "01-01",
    "fiscalYearEnd": "12-31",
    "taxId": null,
    "address": null,
    "city": null,
    "state": null,
    "country": null,
    "postalCode": null,
    "phone": "555-1234-51",
    "email": null,
    "website": null,
    "industry": "other",
    "subIndustry": null,
    "employeeCount": null,
    "foundedYear": null,
    "annualRevenue": null,
    "businessType": null,
    "publiclyTraded": false,
    "stockSymbol": null,
    "currency": "USD",
    "timezone": "UTC",
    "dataCollectionConsent": false,
    "lastAuditDate": null,
    "createdAt": "2025-03-27T20:54:42.707Z",
    "updatedAt": "2025-03-28T19:31:32.506Z"
  }
}
✅ SUCCESS: Entity updated successfully

----- TESTING: Toggle Entity Status -----

Request: GET http://localhost:5000/api/admin/entities/116
Response Status: 200
Response is not JSON: <!DOCTYPE html>
<html lang="en">
  <head>
    <style data-vite-theme="" data-inject-first="">:root {
      --background: 0 0% 100%;
--foreground: 20 14.3% 4.1%;
--muted: 60 4.8% 95.9%;
--muted-foreground: 25 5.3% 44.7%;
--popover: 0 0% 100%;
--popover-foreground: 20 14.3% 4.1%;
--card: 0 0% 100%;
--card-foreground: 20 14.3% 4.1%;
--border: 20 5.9% 90%;
--input: 20 5.9% 90%;
--primary: 199 57% 57%;
--primary-foreground: 201 58% 99%;
--secondary: 60 4.8% 95.9%;
--secondary-foreground: 24 9.8% 10%;
❌ FAILURE: Failed to get entity details before status toggle

Request: GET http://localhost:5000/api/entities/116
Response Status: 200
Response Data: {
  "id": 116,
  "name": "12 (Updated)",
  "code": "22",
  "ownerId": 1,
  "clientId": 1,
  "active": true,
  "fiscalYearStart": "01-01",
  "fiscalYearEnd": "12-31",
  "taxId": null,
  "address": null,
  "city": null,
  "state": null,
  "country": null,
  "postalCode": null,
  "phone": "555-1234-51",
  "email": null,
  "website": null,
  "industry": "other",
  "subIndustry": null,
  "employeeCount": null,
  "foundedYear": null,
  "annualRevenue": null,
  "businessType": null,
  "publiclyTraded": false,
  "stockSymbol": null,
  "currency": "USD",
  "timezone": "UTC",
  "dataCollectionConsent": false,
  "lastAuditDate": null,
  "createdAt": "2025-03-27T20:54:42.707Z",
  "updatedAt": "2025-03-28T19:31:32.506Z"
}
Using alternative API endpoint for entity details
Toggling entity status from active to inactive

Request: PUT http://localhost:5000/api/admin/entities/116
Request Body: {
  "id": 116,
  "name": "12 (Updated)",
  "code": "22",
  "ownerId": 1,
  "clientId": 1,
  "active": false,
  "fiscalYearStart": "01-01",
  "fiscalYearEnd": "12-31",
  "taxId": null,
  "address": null,
  "city": null,
  "state": null,
  "country": null,
  "postalCode": null,
  "phone": "555-1234-51",
  "email": null,
  "website": null,
  "industry": "other",
  "subIndustry": null,
  "employeeCount": null,
  "foundedYear": null,
  "annualRevenue": null,
  "businessType": null,
  "publiclyTraded": false,
  "stockSymbol": null,
  "currency": "USD",
  "timezone": "UTC",
  "dataCollectionConsent": false,
  "lastAuditDate": null,
  "createdAt": "2025-03-27T20:54:42.707Z",
  "updatedAt": "2025-03-28T19:31:32.506Z"
}
Response Status: 200
Response Data: {
  "status": "success",
  "data": {
    "id": 116,
    "name": "12 (Updated)",
    "code": "22",
    "ownerId": 1,
    "clientId": 1,
    "active": false,
    "fiscalYearStart": "01-01",
    "fiscalYearEnd": "12-31",
    "taxId": null,
    "address": null,
    "city": null,
    "state": null,
    "country": null,
    "postalCode": null,
    "phone": "555-1234-51",
    "email": null,
    "website": null,
    "industry": "other",
    "subIndustry": null,
    "employeeCount": null,
    "foundedYear": null,
    "annualRevenue": null,
    "businessType": null,
    "publiclyTraded": false,
    "stockSymbol": null,
    "currency": "USD",
    "timezone": "UTC",
    "dataCollectionConsent": false,
    "lastAuditDate": null,
    "createdAt": "2025-03-27T20:54:42.707Z",
    "updatedAt": "2025-03-28T19:31:32.676Z"
  }
}
✅ SUCCESS: Entity status toggled successfully
Toggling entity status back to original state

Request: PUT http://localhost:5000/api/admin/entities/116
Request Body: {
  "id": 116,
  "name": "12 (Updated)",
  "code": "22",
  "ownerId": 1,
  "clientId": 1,
  "active": true,
  "fiscalYearStart": "01-01",
  "fiscalYearEnd": "12-31",
  "taxId": null,
  "address": null,
  "city": null,
  "state": null,
  "country": null,
  "postalCode": null,
  "phone": "555-1234-51",
  "email": null,
  "website": null,
  "industry": "other",
  "subIndustry": null,
  "employeeCount": null,
  "foundedYear": null,
  "annualRevenue": null,
  "businessType": null,
  "publiclyTraded": false,
  "stockSymbol": null,
  "currency": "USD",
  "timezone": "UTC",
  "dataCollectionConsent": false,
  "lastAuditDate": null,
  "createdAt": "2025-03-27T20:54:42.707Z",
  "updatedAt": "2025-03-28T19:31:32.506Z"
}
Response Status: 200
Response Data: {
  "status": "success",
  "data": {
    "id": 116,
    "name": "12 (Updated)",
    "code": "22",
    "ownerId": 1,
    "clientId": 1,
    "active": true,
    "fiscalYearStart": "01-01",
    "fiscalYearEnd": "12-31",
    "taxId": null,
    "address": null,
    "city": null,
    "state": null,
    "country": null,
    "postalCode": null,
    "phone": "555-1234-51",
    "email": null,
    "website": null,
    "industry": "other",
    "subIndustry": null,
    "employeeCount": null,
    "foundedYear": null,
    "annualRevenue": null,
    "businessType": null,
    "publiclyTraded": false,
    "stockSymbol": null,
    "currency": "USD",
    "timezone": "UTC",
    "dataCollectionConsent": false,
    "lastAuditDate": null,
    "createdAt": "2025-03-27T20:54:42.707Z",
    "updatedAt": "2025-03-28T19:31:32.773Z"
  }
}
✅ SUCCESS: Entity status restored to original state

----- TESTING: Client Deactivation & Reactivation -----

Request: GET http://localhost:5000/api/admin/clients/1
Response Status: 200
Response Data: {
  "status": "success",
  "data": {
    "id": 1,
    "userId": 2,
    "name": "Admin Client",
    "contactName": "Test Contact 1743190292286",
    "contactEmail": "admin@example.com",
    "contactPhone": "",
    "industry": "healthcare",
    "address": "",
    "city": null,
    "state": null,
    "country": null,
    "postalCode": null,
    "website": "",
    "notes": "Updated via automated test at 2025-03-28T19:31:32.286Z",
    "active": false,
    "referralSource": null,
    "createdAt": "2025-03-25T22:45:04.494Z",
    "updatedAt": "2025-03-28T19:31:32.333Z",
    "entities": [
      {
        "id": 114,
        "name": "12 (Updated)",
        "code": "123",
        "ownerId": 1,
        "clientId": 1,
        "active": true,
        "fiscalYearStart": "01-01",
        "fiscalYearEnd": "12-31",
        "taxId": null,
        "address": null,
        "city": null,
        "state": null,
        "country": null,
        "postalCode": null,
        "phone": "555-1234-10",
        "email": null,
        "website": null,
        "industry": "other",
        "subIndustry": null,
        "employeeCount": null,
        "foundedYear": null,
        "annualRevenue": null,
        "businessType": null,
        "publiclyTraded": false,
        "stockSymbol": null,
        "currency": "USD",
        "timezone": "UTC",
        "dataCollectionConsent": false,
        "lastAuditDate": null,
        "createdAt": "2025-03-27T20:53:57.318Z",
        "updatedAt": "2025-03-28T19:31:27.476Z"
      },
      {
        "id": 116,
        "name": "12 (Updated)",
        "code": "22",
        "ownerId": 1,
        "clientId": 1,
        "active": true,
        "fiscalYearStart": "01-01",
        "fiscalYearEnd": "12-31",
        "taxId": null,
        "address": null,
        "city": null,
        "state": null,
        "country": null,
        "postalCode": null,
        "phone": "555-1234-51",
        "email": null,
        "website": null,
        "industry": "other",
        "subIndustry": null,
        "employeeCount": null,
        "foundedYear": null,
        "annualRevenue": null,
        "businessType": null,
        "publiclyTraded": false,
        "stockSymbol": null,
        "currency": "USD",
        "timezone": "UTC",
        "dataCollectionConsent": false,
        "lastAuditDate": null,
        "createdAt": "2025-03-27T20:54:42.707Z",
        "updatedAt": "2025-03-28T19:31:32.773Z"
      },
      {
        "id": 115,
        "name": "12222",
        "code": "2222",
        "ownerId": 1,
        "clientId": 1,
        "active": true,
        "fiscalYearStart": "01-01",
        "fiscalYearEnd": "12-31",
        "taxId": null,
        "address": null,
        "city": null,
        "state": null,
        "country": null,
        "postalCode": null,
        "phone": null,
        "email": null,
        "website": null,
        "industry": null,
        "subIndustry": null,
        "employeeCount": null,
        "foundedYear": null,
        "annualRevenue": null,
        "businessType": null,
        "publiclyTraded": false,
        "stockSymbol": null,
        "currency": "USD",
        "timezone": "UTC",
        "dataCollectionConsent": false,
        "lastAuditDate": null,
        "createdAt": "2025-03-27T20:54:27.840Z",
        "updatedAt": null
      },
      {
        "id": 120,
        "name": "34",
        "code": "32",
        "ownerId": 1,
        "clientId": 1,
        "active": true,
        "fiscalYearStart": "01-01",
        "fiscalYearEnd": "12-31",
        "taxId": null,
        "address": null,
        "city": null,
        "state": null,
        "country": null,
        "postalCode": null,
        "phone": null,
        "email": null,
        "website": null,
        "industry": null,
        "subIndustry": null,
        "employeeCount": null,
        "foundedYear": null,
        "annualRevenue": null,
        "businessType": null,
        "publiclyTraded": false,
        "stockSymbol": null,
        "currency": "USD",
        "timezone": "UTC",
        "dataCollectionConsent": false,
        "lastAuditDate": null,
        "createdAt": "2025-03-27T21:06:31.867Z",
        "updatedAt": null
      },
      {
        "id": 121,
        "name": "455",
        "code": "455",
        "ownerId": 1,
        "clientId": 1,
        "active": true,
        "fiscalYearStart": "01-01",
        "fiscalYearEnd": "12-31",
        "taxId": null,
        "address": null,
        "city": null,
        "state": null,
        "country": null,
        "postalCode": null,
        "phone": null,
        "email": null,
        "website": null,
        "industry": "other",
        "subIndustry": null,
        "employeeCount": null,
        "foundedYear": null,
        "annualRevenue": null,
        "businessType": null,
        "publiclyTraded": false,
        "stockSymbol": null,
        "currency": "USD",
        "timezone": "UTC",
        "dataCollectionConsent": false,
        "lastAuditDate": null,
        "createdAt": "2025-03-27T21:11:30.844Z",
        "updatedAt": null
      },
      {
        "id": 84,
        "name": "Entity C1",
        "code": "EC1",
        "ownerId": 1,
        "clientId": 1,
        "active": true,
        "fiscalYearStart": "01-01",
        "fiscalYearEnd": "12-31",
        "taxId": null,
        "address": null,
        "city": null,
        "state": null,
        "country": null,
        "postalCode": null,
        "phone": null,
        "email": null,
        "website": null,
        "industry": null,
        "subIndustry": null,
        "employeeCount": null,
        "foundedYear": null,
        "annualRevenue": null,
        "businessType": null,
        "publiclyTraded": false,
        "stockSymbol": null,
        "currency": "USD",
        "timezone": "UTC",
        "dataCollectionConsent": false,
        "lastAuditDate": null,
        "createdAt": "2025-03-27T16:10:05.145Z",
        "updatedAt": null
      },
      {
        "id": 82,
        "name": "Entity C1",
        "code": "EC1",
        "ownerId": 1,
        "clientId": 1,
        "active": true,
        "fiscalYearStart": "01-01",
        "fiscalYearEnd": "12-31",
        "taxId": null,
        "address": null,
        "city": null,
        "state": null,
        "country": null,
        "postalCode": null,
        "phone": null,
        "email": null,
        "website": null,
        "industry": null,
        "subIndustry": null,
        "employeeCount": null,
        "foundedYear": null,
        "annualRevenue": null,
        "businessType": null,
        "publiclyTraded": false,
        "stockSymbol": null,
        "currency": "USD",
        "timezone": "UTC",
        "dataCollectionConsent": false,
        "lastAuditDate": null,
        "createdAt": "2025-03-27T15:34:56.200Z",
        "updatedAt": null
      },
      {
        "id": 83,
        "name": "Entity C2",
        "code": "EC2",
        "ownerId": 1,
        "clientId": 1,
        "active": true,
        "fiscalYearStart": "01-01",
        "fiscalYearEnd": "12-31",
        "taxId": null,
        "address": null,
        "city": null,
        "state": null,
        "country": null,
        "postalCode": null,
        "phone": null,
        "email": null,
        "website": null,
        "industry": null,
        "subIndustry": null,
        "employeeCount": null,
        "foundedYear": null,
        "annualRevenue": null,
        "businessType": null,
        "publiclyTraded": false,
        "stockSymbol": null,
        "currency": "USD",
        "timezone": "UTC",
        "dataCollectionConsent": false,
        "lastAuditDate": null,
        "createdAt": "2025-03-27T16:01:06.598Z",
        "updatedAt": null
      },
      {
        "id": 74,
        "name": "Entity Verify-1",
        "code": "EV1",
        "ownerId": 1,
        "clientId": 1,
        "active": true,
        "fiscalYearStart": "01-01",
        "fiscalYearEnd": "12-31",
        "taxId": null,
        "address": null,
        "city": null,
        "state": null,
        "country": null,
        "postalCode": null,
        "phone": null,
        "email": null,
        "website": null,
        "industry": null,
        "subIndustry": null,
        "employeeCount": null,
        "foundedYear": null,
        "annualRevenue": null,
        "businessType": null,
        "publiclyTraded": false,
        "stockSymbol": null,
        "currency": "USD",
        "timezone": "UTC",
        "dataCollectionConsent": false,
        "lastAuditDate": null,
        "createdAt": "2025-03-26T17:58:50.604Z",
        "updatedAt": null
      },
      {
        "id": 112,
        "name": "FE",
        "code": "EE",
        "ownerId": 1,
        "clientId": 1,
        "active": true,
        "fiscalYearStart": "01-01",
        "fiscalYearEnd": "12-31",
        "taxId": null,
        "address": null,
        "city": null,
        "state": null,
        "country": null,
        "postalCode": null,
        "phone": null,
        "email": null,
        "website": null,
        "industry": null,
        "subIndustry": null,
        "employeeCount": null,
        "foundedYear": null,
        "annualRevenue": null,
        "businessType": null,
        "publiclyTraded": false,
        "stockSymbol": null,
        "currency": "USD",
        "timezone": "UTC",
        "dataCollectionConsent": false,
        "lastAuditDate": null,
        "createdAt": "2025-03-27T20:46:51.486Z",
        "updatedAt": null
      },
      {
        "id": 113,
        "name": "FF",
        "code": "FF",
        "ownerId": 1,
        "clientId": 1,
        "active": true,
        "fiscalYearStart": "01-01",
        "fiscalYearEnd": "12-31",
        "taxId": null,
        "address": null,
        "city": null,
        "state": null,
        "country": null,
        "postalCode": null,
        "phone": null,
        "email": null,
        "website": null,
        "industry": null,
        "subIndustry": null,
        "employeeCount": null,
        "foundedYear": null,
        "annualRevenue": null,
        "businessType": null,
        "publiclyTraded": false,
        "stockSymbol": null,
        "currency": "USD",
        "timezone": "UTC",
        "dataCollectionConsent": false,
        "lastAuditDate": null,
        "createdAt": "2025-03-27T20:47:35.488Z",
        "updatedAt": null
      },
      {
        "id": 103,
        "name": "Fail",
        "code": "Fail",
        "ownerId": 1,
        "clientId": 1,
        "active": true,
        "fiscalYearStart": "01-01",
        "fiscalYearEnd": "12-31",
        "taxId": null,
        "address": null,
        "city": null,
        "state": null,
        "country": null,
        "postalCode": null,
        "phone": null,
        "email": null,
        "website": null,
        "industry": "other",
        "subIndustry": null,
        "employeeCount": null,
        "foundedYear": null,
        "annualRevenue": null,
        "businessType": null,
        "publiclyTraded": false,
        "stockSymbol": null,
        "currency": "USD",
        "timezone": "UTC",
        "dataCollectionConsent": false,
        "lastAuditDate": null,
        "createdAt": "2025-03-27T20:04:31.541Z",
        "updatedAt": null
      },
      {
        "id": 72,
        "name": "Gary",
        "code": "AD",
        "ownerId": 1,
        "clientId": 1,
        "active": true,
        "fiscalYearStart": "01-01",
        "fiscalYearEnd": "12-31",
        "taxId": null,
        "address": null,
        "city": null,
        "state": null,
        "country": null,
        "postalCode": null,
        "phone": null,
        "email": null,
        "website": null,
        "industry": null,
        "subIndustry": null,
        "employeeCount": null,
        "foundedYear": null,
        "annualRevenue": null,
        "businessType": null,
        "publiclyTraded": false,
        "stockSymbol": null,
        "currency": "USD",
        "timezone": "UTC",
        "dataCollectionConsent": false,
        "lastAuditDate": null,
        "createdAt": "2025-03-26T17:02:55.030Z",
        "updatedAt": null
      },
      {
        "id": 73,
        "name": "Gary",
        "code": "A#",
        "ownerId": 1,
        "clientId": 1,
        "active": true,
        "fiscalYearStart": "01-01",
        "fiscalYearEnd": "12-31",
        "taxId": null,
        "address": null,
        "city": null,
        "state": null,
        "country": null,
        "postalCode": null,
        "phone": null,
        "email": null,
        "website": null,
        "industry": null,
        "subIndustry": null,
        "employeeCount": null,
        "foundedYear": null,
        "annualRevenue": null,
        "businessType": null,
        "publiclyTraded": false,
        "stockSymbol": null,
        "currency": "USD",
        "timezone": "UTC",
        "dataCollectionConsent": false,
        "lastAuditDate": null,
        "createdAt": "2025-03-26T17:03:11.020Z",
        "updatedAt": null
      },
      {
        "id": 111,
        "name": "Hello",
        "code": "Hellp",
        "ownerId": 1,
        "clientId": 1,
        "active": true,
        "fiscalYearStart": "01-01",
        "fiscalYearEnd": "12-31",
        "taxId": null,
        "address": null,
        "city": null,
        "state": null,
        "country": null,
        "postalCode": null,
        "phone": null,
        "email": null,
        "website": null,
        "industry": null,
        "subIndustry": null,
        "employeeCount": null,
        "foundedYear": null,
        "annualRevenue": null,
        "businessType": null,
        "publiclyTraded": false,
        "stockSymbol": null,
        "currency": "USD",
        "timezone": "UTC",
        "dataCollectionConsent": false,
        "lastAuditDate": null,
        "createdAt": "2025-03-27T20:46:31.719Z",
        "updatedAt": null
      },
      {
        "id": 110,
        "name": "Hello",
        "code": "Hello",
        "ownerId": 1,
        "clientId": 1,
        "active": true,
        "fiscalYearStart": "01-01",
        "fiscalYearEnd": "12-31",
        "taxId": null,
        "address": null,
        "city": null,
        "state": null,
        "country": null,
        "postalCode": null,
        "phone": null,
        "email": null,
        "website": null,
        "industry": "other",
        "subIndustry": null,
        "employeeCount": null,
        "foundedYear": null,
        "annualRevenue": null,
        "businessType": null,
        "publiclyTraded": false,
        "stockSymbol": null,
        "currency": "USD",
        "timezone": "UTC",
        "dataCollectionConsent": false,
        "lastAuditDate": null,
        "createdAt": "2025-03-27T20:45:35.884Z",
        "updatedAt": null
      },
      {
        "id": 100,
        "name": "Hope",
        "code": "Hope",
        "ownerId": 1,
        "clientId": 1,
        "active": true,
        "fiscalYearStart": "01-01",
        "fiscalYearEnd": "12-31",
        "taxId": null,
        "address": null,
        "city": null,
        "state": null,
        "country": null,
        "postalCode": null,
        "phone": null,
        "email": null,
        "website": null,
        "industry": null,
        "subIndustry": null,
        "employeeCount": null,
        "foundedYear": null,
        "annualRevenue": null,
        "businessType": null,
        "publiclyTraded": false,
        "stockSymbol": null,
        "currency": "USD",
        "timezone": "UTC",
        "dataCollectionConsent": false,
        "lastAuditDate": null,
        "createdAt": "2025-03-27T19:56:10.860Z",
        "updatedAt": null
      },
      {
        "id": 99,
        "name": "Hope",
        "code": "Hope",
        "ownerId": 1,
        "clientId": 1,
        "active": true,
        "fiscalYearStart": "01-01",
        "fiscalYearEnd": "12-31",
        "taxId": null,
        "address": null,
        "city": null,
        "state": null,
        "country": null,
        "postalCode": null,
        "phone": null,
        "email": null,
        "website": null,
        "industry": null,
        "subIndustry": null,
        "employeeCount": null,
        "foundedYear": null,
        "annualRevenue": null,
        "businessType": null,
        "publiclyTraded": false,
        "stockSymbol": null,
        "currency": "USD",
        "timezone": "UTC",
        "dataCollectionConsent": false,
        "lastAuditDate": null,
        "createdAt": "2025-03-27T19:55:24.328Z",
        "updatedAt": null
      },
      {
        "id": 101,
        "name": "Hope2",
        "code": "Hope2",
        "ownerId": 1,
        "clientId": 1,
        "active": true,
        "fiscalYearStart": "01-01",
        "fiscalYearEnd": "12-31",
        "taxId": null,
        "address": null,
        "city": null,
        "state": null,
        "country": null,
        "postalCode": null,
        "phone": null,
        "email": null,
        "website": null,
        "industry": null,
        "subIndustry": null,
        "employeeCount": null,
        "foundedYear": null,
        "annualRevenue": null,
        "businessType": null,
        "publiclyTraded": false,
        "stockSymbol": null,
        "currency": "USD",
        "timezone": "UTC",
        "dataCollectionConsent": false,
        "lastAuditDate": null,
        "createdAt": "2025-03-27T19:56:23.202Z",
        "updatedAt": null
      },
      {
        "id": 102,
        "name": "LOL",
        "code": "LOL2",
        "ownerId": 1,
        "clientId": 1,
        "active": true,
        "fiscalYearStart": "01-01",
        "fiscalYearEnd": "12-31",
        "taxId": null,
        "address": null,
        "city": null,
        "state": null,
        "country": null,
        "postalCode": null,
        "phone": null,
        "email": null,
        "website": null,
        "industry": null,
        "subIndustry": null,
        "employeeCount": null,
        "foundedYear": null,
        "annualRevenue": null,
        "businessType": null,
        "publiclyTraded": false,
        "stockSymbol": null,
        "currency": "USD",
        "timezone": "UTC",
        "dataCollectionConsent": false,
        "lastAuditDate": null,
        "createdAt": "2025-03-27T19:58:40.580Z",
        "updatedAt": null
      },
      {
        "id": 80,
        "name": "MAG",
        "code": "MAG",
        "ownerId": 1,
        "clientId": 1,
        "active": true,
        "fiscalYearStart": "01-01",
        "fiscalYearEnd": "12-31",
        "taxId": null,
        "address": null,
        "city": null,
        "state": null,
        "country": null,
        "postalCode": null,
        "phone": null,
        "email": null,
        "website": null,
        "industry": null,
        "subIndustry": null,
        "employeeCount": null,
        "foundedYear": null,
        "annualRevenue": null,
        "businessType": null,
        "publiclyTraded": false,
        "stockSymbol": null,
        "currency": "USD",
        "timezone": "UTC",
        "dataCollectionConsent": false,
        "lastAuditDate": null,
        "createdAt": "2025-03-27T14:54:33.387Z",
        "updatedAt": null
      },
      {
        "id": 89,
        "name": "Pep",
        "code": "PPE",
        "ownerId": 1,
        "clientId": 1,
        "active": true,
        "fiscalYearStart": "01-01",
        "fiscalYearEnd": "12-31",
        "taxId": null,
        "address": null,
        "city": null,
        "state": null,
        "country": null,
        "postalCode": null,
        "phone": null,
        "email": null,
        "website": null,
        "industry": null,
        "subIndustry": null,
        "employeeCount": null,
        "foundedYear": null,
        "annualRevenue": null,
        "businessType": null,
        "publiclyTraded": false,
        "stockSymbol": null,
        "currency": "USD",
        "timezone": "UTC",
        "dataCollectionConsent": false,
        "lastAuditDate": null,
        "createdAt": "2025-03-27T17:44:56.151Z",
        "updatedAt": null
      },
      {
        "id": 81,
        "name": "Pep",
        "code": "PEP",
        "ownerId": 1,
        "clientId": 1,
        "active": true,
        "fiscalYearStart": "01-01",
        "fiscalYearEnd": "12-31",
        "taxId": null,
        "address": null,
        "city": null,
        "state": null,
        "country": null,
        "postalCode": null,
        "phone": null,
        "email": null,
        "website": null,
        "industry": null,
        "subIndustry": null,
        "employeeCount": null,
        "foundedYear": null,
        "annualRevenue": null,
        "businessType": null,
        "publiclyTraded": false,
        "stockSymbol": null,
        "currency": "USD",
        "timezone": "UTC",
        "dataCollectionConsent": false,
        "lastAuditDate": null,
        "createdAt": "2025-03-27T14:57:09.646Z",
        "updatedAt": null
      },
      {
        "id": 88,
        "name": "Pep",
        "code": "PEP",
        "ownerId": 1,
        "clientId": 1,
        "active": true,
        "fiscalYearStart": "01-01",
        "fiscalYearEnd": "12-31",
        "taxId": null,
        "address": null,
        "city": null,
        "state": null,
        "country": null,
        "postalCode": null,
        "phone": null,
        "email": null,
        "website": null,
        "industry": null,
        "subIndustry": null,
        "employeeCount": null,
        "foundedYear": null,
        "annualRevenue": null,
        "businessType": null,
        "publiclyTraded": false,
        "stockSymbol": null,
        "currency": "USD",
        "timezone": "UTC",
        "dataCollectionConsent": false,
        "lastAuditDate": null,
        "createdAt": "2025-03-27T17:39:01.477Z",
        "updatedAt": null
      },
      {
        "id": 90,
        "name": "Pep",
        "code": "Pep",
        "ownerId": 1,
        "clientId": 1,
        "active": true,
        "fiscalYearStart": "01-01",
        "fiscalYearEnd": "12-31",
        "taxId": null,
        "address": null,
        "city": null,
        "state": null,
        "country": null,
        "postalCode": null,
        "phone": null,
        "email": null,
        "website": null,
        "industry": null,
        "subIndustry": null,
        "employeeCount": null,
        "foundedYear": null,
        "annualRevenue": null,
        "businessType": null,
        "publiclyTraded": false,
        "stockSymbol": null,
        "currency": "USD",
        "timezone": "UTC",
        "dataCollectionConsent": false,
        "lastAuditDate": null,
        "createdAt": "2025-03-27T17:49:55.769Z",
        "updatedAt": null
      },
      {
        "id": 91,
        "name": "Pep",
        "code": "Pep",
        "ownerId": 1,
        "clientId": 1,
        "active": true,
        "fiscalYearStart": "01-01",
        "fiscalYearEnd": "12-31",
        "taxId": null,
        "address": null,
        "city": null,
        "state": null,
        "country": null,
        "postalCode": null,
        "phone": null,
        "email": null,
        "website": null,
        "industry": null,
        "subIndustry": null,
        "employeeCount": null,
        "foundedYear": null,
        "annualRevenue": null,
        "businessType": null,
        "publiclyTraded": false,
        "stockSymbol": null,
        "currency": "USD",
        "timezone": "UTC",
        "dataCollectionConsent": false,
        "lastAuditDate": null,
        "createdAt": "2025-03-27T17:50:54.379Z",
        "updatedAt": null
      },
      {
        "id": 92,
        "name": "Pep",
        "code": "Pep",
        "ownerId": 1,
        "clientId": 1,
        "active": true,
        "fiscalYearStart": "01-01",
        "fiscalYearEnd": "12-31",
        "taxId": null,
        "address": null,
        "city": null,
        "state": null,
        "country": null,
        "postalCode": null,
        "phone": null,
        "email": null,
        "website": null,
        "industry": null,
        "subIndustry": null,
        "employeeCount": null,
        "foundedYear": null,
        "annualRevenue": null,
        "businessType": null,
        "publiclyTraded": false,
        "stockSymbol": null,
        "currency": "USD",
        "timezone": "UTC",
        "dataCollectionConsent": false,
        "lastAuditDate": null,
        "createdAt": "2025-03-27T17:59:56.792Z",
        "updatedAt": null
      },
      {
        "id": 93,
        "name": "Pep",
        "code": "Pep",
        "ownerId": 1,
        "clientId": 1,
        "active": true,
        "fiscalYearStart": "01-01",
        "fiscalYearEnd": "12-31",
        "taxId": null,
        "address": null,
        "city": null,
        "state": null,
        "country": null,
        "postalCode": null,
        "phone": null,
        "email": null,
        "website": null,
        "industry": null,
        "subIndustry": null,
        "employeeCount": null,
        "foundedYear": null,
        "annualRevenue": null,
        "businessType": null,
        "publiclyTraded": false,
        "stockSymbol": null,
        "currency": "USD",
        "timezone": "UTC",
        "dataCollectionConsent": false,
        "lastAuditDate": null,
        "createdAt": "2025-03-27T18:04:06.829Z",
        "updatedAt": null
      },
      {
        "id": 94,
        "name": "Pep",
        "code": "PPP",
        "ownerId": 1,
        "clientId": 1,
        "active": true,
        "fiscalYearStart": "01-01",
        "fiscalYearEnd": "12-31",
        "taxId": null,
        "address": null,
        "city": null,
        "state": null,
        "country": null,
        "postalCode": null,
        "phone": null,
        "email": null,
        "website": null,
        "industry": null,
        "subIndustry": null,
        "employeeCount": null,
        "foundedYear": null,
        "annualRevenue": null,
        "businessType": null,
        "publiclyTraded": false,
        "stockSymbol": null,
        "currency": "USD",
        "timezone": "UTC",
        "dataCollectionConsent": false,
        "lastAuditDate": null,
        "createdAt": "2025-03-27T18:14:34.318Z",
        "updatedAt": null
      },
      {
        "id": 96,
        "name": "Pep",
        "code": "PEP",
        "ownerId": 1,
        "clientId": 1,
        "active": true,
        "fiscalYearStart": "01-01",
        "fiscalYearEnd": "12-31",
        "taxId": null,
        "address": null,
        "city": null,
        "state": null,
        "country": null,
        "postalCode": null,
        "phone": null,
        "email": null,
        "website": null,
        "industry": null,
        "subIndustry": null,
        "employeeCount": null,
        "foundedYear": null,
        "annualRevenue": null,
        "businessType": null,
        "publiclyTraded": false,
        "stockSymbol": null,
        "currency": "USD",
        "timezone": "UTC",
        "dataCollectionConsent": false,
        "lastAuditDate": null,
        "createdAt": "2025-03-27T19:35:25.311Z",
        "updatedAt": null
      },
      {
        "id": 97,
        "name": "Pep",
        "code": "PEEP",
        "ownerId": 1,
        "clientId": 1,
        "active": true,
        "fiscalYearStart": "01-01",
        "fiscalYearEnd": "12-31",
        "taxId": null,
        "address": null,
        "city": null,
        "state": null,
        "country": null,
        "postalCode": null,
        "phone": null,
        "email": null,
        "website": null,
        "industry": null,
        "subIndustry": null,
        "employeeCount": null,
        "foundedYear": null,
        "annualRevenue": null,
        "businessType": null,
        "publiclyTraded": false,
        "stockSymbol": null,
        "currency": "USD",
        "timezone": "UTC",
        "dataCollectionConsent": false,
        "lastAuditDate": null,
        "createdAt": "2025-03-27T19:39:46.285Z",
        "updatedAt": null
      },
      {
        "id": 98,
        "name": "Pep",
        "code": "PPPP",
        "ownerId": 1,
        "clientId": 1,
        "active": true,
        "fiscalYearStart": "01-01",
        "fiscalYearEnd": "12-31",
        "taxId": null,
        "address": null,
        "city": null,
        "state": null,
        "country": null,
        "postalCode": null,
        "phone": null,
        "email": null,
        "website": null,
        "industry": null,
        "subIndustry": null,
        "employeeCount": null,
        "foundedYear": null,
        "annualRevenue": null,
        "businessType": null,
        "publiclyTraded": false,
        "stockSymbol": null,
        "currency": "USD",
        "timezone": "UTC",
        "dataCollectionConsent": false,
        "lastAuditDate": null,
        "createdAt": "2025-03-27T19:49:44.364Z",
        "updatedAt": null
      },
      {
        "id": 107,
        "name": "Pep",
        "code": "342",
        "ownerId": 1,
        "clientId": 1,
        "active": true,
        "fiscalYearStart": "01-01",
        "fiscalYearEnd": "12-31",
        "taxId": null,
        "address": null,
        "city": null,
        "state": null,
        "country": null,
        "postalCode": null,
        "phone": null,
        "email": null,
        "website": null,
        "industry": null,
        "subIndustry": null,
        "employeeCount": null,
        "foundedYear": null,
        "annualRevenue": null,
        "businessType": null,
        "publiclyTraded": false,
        "stockSymbol": null,
        "currency": "USD",
        "timezone": "UTC",
        "dataCollectionConsent": false,
        "lastAuditDate": null,
        "createdAt": "2025-03-27T20:28:42.846Z",
        "updatedAt": null
      },
      {
        "id": 108,
        "name": "Pep2",
        "code": "Pep2",
        "ownerId": 1,
        "clientId": 1,
        "active": true,
        "fiscalYearStart": "01-01",
        "fiscalYearEnd": "12-31",
        "taxId": null,
        "address": null,
        "city": null,
        "state": null,
        "country": null,
        "postalCode": null,
        "phone": null,
        "email": null,
        "website": null,
        "industry": "construction",
        "subIndustry": null,
        "employeeCount": null,
        "foundedYear": null,
        "annualRevenue": null,
        "businessType": null,
        "publiclyTraded": false,
        "stockSymbol": null,
        "currency": "USD",
        "timezone": "UTC",
        "dataCollectionConsent": false,
        "lastAuditDate": null,
        "createdAt": "2025-03-27T20:29:03.985Z",
        "updatedAt": null
      },
      {
        "id": 71,
        "name": "Pepper",
        "code": "AA",
        "ownerId": 1,
        "clientId": 1,
        "active": true,
        "fiscalYearStart": "01-01",
        "fiscalYearEnd": "12-31",
        "taxId": null,
        "address": null,
        "city": null,
        "state": null,
        "country": null,
        "postalCode": null,
        "phone": null,
        "email": null,
        "website": null,
        "industry": null,
        "subIndustry": null,
        "employeeCount": null,
        "foundedYear": null,
        "annualRevenue": null,
        "businessType": null,
        "publiclyTraded": false,
        "stockSymbol": null,
        "currency": "USD",
        "timezone": "UTC",
        "dataCollectionConsent": false,
        "lastAuditDate": null,
        "createdAt": "2025-03-26T16:46:37.427Z",
        "updatedAt": null
      },
      {
        "id": 87,
        "name": "Pepper",
        "code": "Pep",
        "ownerId": 1,
        "clientId": 1,
        "active": true,
        "fiscalYearStart": "01-01",
        "fiscalYearEnd": "12-31",
        "taxId": null,
        "address": null,
        "city": null,
        "state": null,
        "country": null,
        "postalCode": null,
        "phone": null,
        "email": null,
        "website": null,
        "industry": null,
        "subIndustry": null,
        "employeeCount": null,
        "foundedYear": null,
        "annualRevenue": null,
        "businessType": null,
        "publiclyTraded": false,
        "stockSymbol": null,
        "currency": "USD",
        "timezone": "UTC",
        "dataCollectionConsent": false,
        "lastAuditDate": null,
        "createdAt": "2025-03-27T17:13:43.223Z",
        "updatedAt": null
      },
      {
        "id": 75,
        "name": "Pepper",
        "code": "Pep",
        "ownerId": 1,
        "clientId": 1,
        "active": true,
        "fiscalYearStart": "01-01",
        "fiscalYearEnd": "12-31",
        "taxId": null,
        "address": null,
        "city": null,
        "state": null,
        "country": null,
        "postalCode": null,
        "phone": null,
        "email": null,
        "website": null,
        "industry": null,
        "subIndustry": null,
        "employeeCount": null,
        "foundedYear": null,
        "annualRevenue": null,
        "businessType": null,
        "publiclyTraded": false,
        "stockSymbol": null,
        "currency": "USD",
        "timezone": "UTC",
        "dataCollectionConsent": false,
        "lastAuditDate": null,
        "createdAt": "2025-03-26T22:37:16.085Z",
        "updatedAt": null
      },
      {
        "id": 76,
        "name": "Pepper",
        "code": "pep",
        "ownerId": 1,
        "clientId": 1,
        "active": true,
        "fiscalYearStart": "01-01",
        "fiscalYearEnd": "12-31",
        "taxId": null,
        "address": null,
        "city": null,
        "state": null,
        "country": null,
        "postalCode": null,
        "phone": null,
        "email": null,
        "website": null,
        "industry": null,
        "subIndustry": null,
        "employeeCount": null,
        "foundedYear": null,
        "annualRevenue": null,
        "businessType": null,
        "publiclyTraded": false,
        "stockSymbol": null,
        "currency": "USD",
        "timezone": "UTC",
        "dataCollectionConsent": false,
        "lastAuditDate": null,
        "createdAt": "2025-03-26T22:39:22.101Z",
        "updatedAt": null
      },
      {
        "id": 77,
        "name": "Pepper",
        "code": "Pep",
        "ownerId": 1,
        "clientId": 1,
        "active": true,
        "fiscalYearStart": "01-01",
        "fiscalYearEnd": "12-31",
        "taxId": null,
        "address": null,
        "city": null,
        "state": null,
        "country": null,
        "postalCode": null,
        "phone": null,
        "email": null,
        "website": null,
        "industry": null,
        "subIndustry": null,
        "employeeCount": null,
        "foundedYear": null,
        "annualRevenue": null,
        "businessType": null,
        "publiclyTraded": false,
        "stockSymbol": null,
        "currency": "USD",
        "timezone": "UTC",
        "dataCollectionConsent": false,
        "lastAuditDate": null,
        "createdAt": "2025-03-26T22:39:58.632Z",
        "updatedAt": null
      },
      {
        "id": 78,
        "name": "Pepper",
        "code": "PEP",
        "ownerId": 1,
        "clientId": 1,
        "active": true,
        "fiscalYearStart": "01-01",
        "fiscalYearEnd": "12-31",
        "taxId": null,
        "address": null,
        "city": null,
        "state": null,
        "country": null,
        "postalCode": null,
        "phone": null,
        "email": null,
        "website": null,
        "industry": null,
        "subIndustry": null,
        "employeeCount": null,
        "foundedYear": null,
        "annualRevenue": null,
        "businessType": null,
        "publiclyTraded": false,
        "stockSymbol": null,
        "currency": "USD",
        "timezone": "UTC",
        "dataCollectionConsent": false,
        "lastAuditDate": null,
        "createdAt": "2025-03-26T22:51:15.547Z",
        "updatedAt": null
      },
      {
        "id": 79,
        "name": "Pepper",
        "code": "PEP",
        "ownerId": 1,
        "clientId": 1,
        "active": true,
        "fiscalYearStart": "01-01",
        "fiscalYearEnd": "12-31",
        "taxId": null,
        "address": null,
        "city": null,
        "state": null,
        "country": null,
        "postalCode": null,
        "phone": null,
        "email": null,
        "website": null,
        "industry": null,
        "subIndustry": null,
        "employeeCount": null,
        "foundedYear": null,
        "annualRevenue": null,
        "businessType": null,
        "publiclyTraded": false,
        "stockSymbol": null,
        "currency": "USD",
        "timezone": "UTC",
        "dataCollectionConsent": false,
        "lastAuditDate": null,
        "createdAt": "2025-03-26T22:54:17.625Z",
        "updatedAt": null
      },
      {
        "id": 85,
        "name": "Pepper",
        "code": "PEPP",
        "ownerId": 1,
        "clientId": 1,
        "active": true,
        "fiscalYearStart": "01-01",
        "fiscalYearEnd": "12-31",
        "taxId": null,
        "address": null,
        "city": null,
        "state": null,
        "country": null,
        "postalCode": null,
        "phone": null,
        "email": null,
        "website": null,
        "industry": null,
        "subIndustry": null,
        "employeeCount": null,
        "foundedYear": null,
        "annualRevenue": null,
        "businessType": null,
        "publiclyTraded": false,
        "stockSymbol": null,
        "currency": "USD",
        "timezone": "UTC",
        "dataCollectionConsent": false,
        "lastAuditDate": null,
        "createdAt": "2025-03-27T16:24:58.611Z",
        "updatedAt": null
      },
      {
        "id": 86,
        "name": "Pepper29",
        "code": "Pep",
        "ownerId": 1,
        "clientId": 1,
        "active": true,
        "fiscalYearStart": "01-01",
        "fiscalYearEnd": "12-31",
        "taxId": null,
        "address": null,
        "city": null,
        "state": null,
        "country": null,
        "postalCode": null,
        "phone": null,
        "email": null,
        "website": null,
        "industry": null,
        "subIndustry": null,
        "employeeCount": null,
        "foundedYear": null,
        "annualRevenue": null,
        "businessType": null,
        "publiclyTraded": false,
        "stockSymbol": null,
        "currency": "USD",
        "timezone": "UTC",
        "dataCollectionConsent": false,
        "lastAuditDate": null,
        "createdAt": "2025-03-27T16:28:30.405Z",
        "updatedAt": null
      },
      {
        "id": 95,
        "name": "Peppy",
        "code": "PPPP",
        "ownerId": 1,
        "clientId": 1,
        "active": true,
        "fiscalYearStart": "01-01",
        "fiscalYearEnd": "12-31",
        "taxId": null,
        "address": null,
        "city": null,
        "state": null,
        "country": null,
        "postalCode": null,
        "phone": null,
        "email": null,
        "website": null,
        "industry": null,
        "subIndustry": null,
        "employeeCount": null,
        "foundedYear": null,
        "annualRevenue": null,
        "businessType": null,
        "publiclyTraded": false,
        "stockSymbol": null,
        "currency": "USD",
        "timezone": "UTC",
        "dataCollectionConsent": false,
        "lastAuditDate": null,
        "createdAt": "2025-03-27T18:18:22.891Z",
        "updatedAt": null
      },
      {
        "id": 104,
        "name": "Test 2",
        "code": "TEST",
        "ownerId": 1,
        "clientId": 1,
        "active": true,
        "fiscalYearStart": "01-01",
        "fiscalYearEnd": "12-31",
        "taxId": null,
        "address": null,
        "city": null,
        "state": null,
        "country": null,
        "postalCode": null,
        "phone": null,
        "email": null,
        "website": null,
        "industry": null,
        "subIndustry": null,
        "employeeCount": null,
        "foundedYear": null,
        "annualRevenue": null,
        "businessType": null,
        "publiclyTraded": false,
        "stockSymbol": null,
        "currency": "USD",
        "timezone": "UTC",
        "dataCollectionConsent": false,
        "lastAuditDate": null,
        "createdAt": "2025-03-27T20:06:32.884Z",
        "updatedAt": null
      },
      {
        "id": 69,
        "name": "Test Entity After Fix 2",
        "code": "TEST100",
        "ownerId": 1,
        "clientId": 1,
        "active": true,
        "fiscalYearStart": "01-01",
        "fiscalYearEnd": "12-31",
        "taxId": null,
        "address": null,
        "city": null,
        "state": null,
        "country": null,
        "postalCode": null,
        "phone": null,
        "email": null,
        "website": null,
        "industry": null,
        "subIndustry": null,
        "employeeCount": null,
        "foundedYear": null,
        "annualRevenue": null,
        "businessType": null,
        "publiclyTraded": false,
        "stockSymbol": null,
        "currency": "USD",
        "timezone": "UTC",
        "dataCollectionConsent": false,
        "lastAuditDate": null,
        "createdAt": "2025-03-25T23:30:40.973Z",
        "updatedAt": null
      },
      {
        "id": 70,
        "name": "Test Entity for Verification",
        "code": "TESTVER",
        "ownerId": 1,
        "clientId": 1,
        "active": true,
        "fiscalYearStart": "01-01",
        "fiscalYearEnd": "12-31",
        "taxId": null,
        "address": null,
        "city": null,
        "state": null,
        "country": null,
        "postalCode": null,
        "phone": null,
        "email": null,
        "website": null,
        "industry": null,
        "subIndustry": null,
        "employeeCount": null,
        "foundedYear": null,
        "annualRevenue": null,
        "businessType": null,
        "publiclyTraded": false,
        "stockSymbol": null,
        "currency": "USD",
        "timezone": "UTC",
        "dataCollectionConsent": false,
        "lastAuditDate": null,
        "createdAt": "2025-03-26T15:19:26.200Z",
        "updatedAt": null
      },
      {
        "id": 109,
        "name": "client",
        "code": "234",
        "ownerId": 1,
        "clientId": 1,
        "active": true,
        "fiscalYearStart": "01-01",
        "fiscalYearEnd": "12-31",
        "taxId": null,
        "address": null,
        "city": null,
        "state": null,
        "country": null,
        "postalCode": null,
        "phone": null,
        "email": null,
        "website": null,
        "industry": "other",
        "subIndustry": null,
        "employeeCount": null,
        "foundedYear": null,
        "annualRevenue": null,
        "businessType": null,
        "publiclyTraded": false,
        "stockSymbol": null,
        "currency": "USD",
        "timezone": "UTC",
        "dataCollectionConsent": false,
        "lastAuditDate": null,
        "createdAt": "2025-03-27T20:45:13.491Z",
        "updatedAt": null
      },
      {
        "id": 105,
        "name": "leGAL",
        "code": "LEGAL",
        "ownerId": 1,
        "clientId": 1,
        "active": true,
        "fiscalYearStart": "01-01",
        "fiscalYearEnd": "12-31",
        "taxId": null,
        "address": null,
        "city": null,
        "state": null,
        "country": null,
        "postalCode": null,
        "phone": null,
        "email": null,
        "website": null,
        "industry": "",
        "subIndustry": null,
        "employeeCount": null,
        "foundedYear": null,
        "annualRevenue": null,
        "businessType": null,
        "publiclyTraded": false,
        "stockSymbol": null,
        "currency": "USD",
        "timezone": "UTC",
        "dataCollectionConsent": false,
        "lastAuditDate": null,
        "createdAt": "2025-03-27T20:12:18.585Z",
        "updatedAt": null
      },
      {
        "id": 106,
        "name": "leGAL2",
        "code": "lEGAL2",
        "ownerId": 1,
        "clientId": 1,
        "active": true,
        "fiscalYearStart": "01-01",
        "fiscalYearEnd": "12-31",
        "taxId": null,
        "address": null,
        "city": null,
        "state": null,
        "country": null,
        "postalCode": null,
        "phone": null,
        "email": null,
        "website": null,
        "industry": null,
        "subIndustry": null,
        "employeeCount": null,
        "foundedYear": null,
        "annualRevenue": null,
        "businessType": null,
        "publiclyTraded": false,
        "stockSymbol": null,
        "currency": "USD",
        "timezone": "UTC",
        "dataCollectionConsent": false,
        "lastAuditDate": null,
        "createdAt": "2025-03-27T20:12:40.762Z",
        "updatedAt": null
      },
      {
        "id": 117,
        "name": "rr",
        "code": "rr",
        "ownerId": 1,
        "clientId": 1,
        "active": true,
        "fiscalYearStart": "01-01",
        "fiscalYearEnd": "12-31",
        "taxId": null,
        "address": null,
        "city": null,
        "state": null,
        "country": null,
        "postalCode": null,
        "phone": null,
        "email": null,
        "website": null,
        "industry": null,
        "subIndustry": null,
        "employeeCount": null,
        "foundedYear": null,
        "annualRevenue": null,
        "businessType": null,
        "publiclyTraded": false,
        "stockSymbol": null,
        "currency": "USD",
        "timezone": "UTC",
        "dataCollectionConsent": false,
        "lastAuditDate": null,
        "createdAt": "2025-03-27T21:00:37.038Z",
        "updatedAt": null
      },
      {
        "id": 119,
        "name": "rr",
        "code": "44",
        "ownerId": 1,
        "clientId": 1,
        "active": true,
        "fiscalYearStart": "01-01",
        "fiscalYearEnd": "12-31",
        "taxId": null,
        "address": null,
        "city": null,
        "state": null,
        "country": null,
        "postalCode": null,
        "phone": null,
        "email": null,
        "website": null,
        "industry": null,
        "subIndustry": null,
        "employeeCount": null,
        "foundedYear": null,
        "annualRevenue": null,
        "businessType": null,
        "publiclyTraded": false,
        "stockSymbol": null,
        "currency": "USD",
        "timezone": "UTC",
        "dataCollectionConsent": false,
        "lastAuditDate": null,
        "createdAt": "2025-03-27T21:04:21.687Z",
        "updatedAt": null
      },
      {
        "id": 118,
        "name": "rr4",
        "code": "rr3",
        "ownerId": 1,
        "clientId": 1,
        "active": true,
        "fiscalYearStart": "01-01",
        "fiscalYearEnd": "12-31",
        "taxId": null,
        "address": null,
        "city": null,
        "state": null,
        "country": null,
        "postalCode": null,
        "phone": null,
        "email": null,
        "website": null,
        "industry": "other",
        "subIndustry": null,
        "employeeCount": null,
        "foundedYear": null,
        "annualRevenue": null,
        "businessType": null,
        "publiclyTraded": false,
        "stockSymbol": null,
        "currency": "USD",
        "timezone": "UTC",
        "dataCollectionConsent": false,
        "lastAuditDate": null,
        "createdAt": "2025-03-27T21:03:57.955Z",
        "updatedAt": null
      }
    ]
  }
}
Changing client status from inactive to active

Request: PUT http://localhost:5000/api/admin/clients/1
Request Body: {
  "id": 1,
  "userId": 2,
  "name": "Admin Client",
  "contactName": "Test Contact 1743190292286",
  "contactEmail": "admin@example.com",
  "contactPhone": "",
  "industry": "healthcare",
  "address": "",
  "city": null,
  "state": null,
  "country": null,
  "postalCode": null,
  "website": "",
  "notes": "Updated via automated test at 2025-03-28T19:31:32.286Z",
  "active": true,
  "referralSource": null,
  "createdAt": "2025-03-25T22:45:04.494Z",
  "updatedAt": "2025-03-28T19:31:32.333Z"
}
Response Status: 200
Response Data: {
  "status": "success",
  "data": {
    "id": 1,
    "userId": 2,
    "name": "Admin Client",
    "contactName": "Test Contact 1743190292286",
    "contactEmail": "admin@example.com",
    "contactPhone": "",
    "industry": "healthcare",
    "address": "",
    "city": null,
    "state": null,
    "country": null,
    "postalCode": null,
    "website": "",
    "notes": "Updated via automated test at 2025-03-28T19:31:32.286Z",
    "active": true,
    "referralSource": null,
    "createdAt": "2025-03-25T22:45:04.494Z",
    "updatedAt": "2025-03-28T19:31:32.919Z"
  }
}
✅ SUCCESS: Client status changed successfully
Restoring client to original status

Request: PUT http://localhost:5000/api/admin/clients/1
Request Body: {
  "id": 1,
  "userId": 2,
  "name": "Admin Client",
  "contactName": "Test Contact 1743190292286",
  "contactEmail": "admin@example.com",
  "contactPhone": "",
  "industry": "healthcare",
  "address": "",
  "city": null,
  "state": null,
  "country": null,
  "postalCode": null,
  "website": "",
  "notes": "Updated via automated test at 2025-03-28T19:31:32.286Z",
  "active": false,
  "referralSource": null,
  "createdAt": "2025-03-25T22:45:04.494Z",
  "updatedAt": "2025-03-28T19:31:32.333Z"
}
Response Status: 200
Response Data: {
  "status": "success",
  "data": {
    "id": 1,
    "userId": 2,
    "name": "Admin Client",
    "contactName": "Test Contact 1743190292286",
    "contactEmail": "admin@example.com",
    "contactPhone": "",
    "industry": "healthcare",
    "address": "",
    "city": null,
    "state": null,
    "country": null,
    "postalCode": null,
    "website": "",
    "notes": "Updated via automated test at 2025-03-28T19:31:32.286Z",
    "active": false,
    "referralSource": null,
    "createdAt": "2025-03-25T22:45:04.494Z",
    "updatedAt": "2025-03-28T19:31:32.990Z"
  }
}
✅ SUCCESS: Client status restored to original state

==================================================
TEST RESULTS SUMMARY
==================================================
✅ Authentication
✅ DashboardData
✅ ViewClientDetails
✅ EditClient
✅ EditEntity
✅ ToggleEntityStatus
✅ ClientDeactivation

--------------------------------------------------
Tests completed in 1.19 seconds
7 of 7 tests passed (100%)
==================================================
Results saved to test-results-dashboard-actions.txt
